162.158.158.234 - - [08/Aug/2023:02:05:40 +0000] "GET /posts HTTP/1.1" 304 - "https://kader.pub/feed" "Mozilla/5.0 (Macintosh; Intel Mac OS X 10_15_7) AppleWebKit/605.1.15 (KHTML, like Gecko) Version/16.5.2 Safari/605.1.15"
172.70.230.162 - - [08/Aug/2023:02:05:40 +0000] "GET /feed HTTP/1.1" 200 666 "https://kader.pub/dash" "Mozilla/5.0 (Macintosh; Intel Mac OS X 10_15_7) AppleWebKit/605.1.15 (KHTML, like Gecko) Version/16.5.2 Safari/605.1.15"
162.158.158.170 - - [08/Aug/2023:02:05:41 +0000] "GET /posts HTTP/1.1" 304 - "https://kader.pub/feed" "Mozilla/5.0 (Macintosh; Intel Mac OS X 10_15_7) AppleWebKit/605.1.15 (KHTML, like Gecko) Version/16.5.2 Safari/605.1.15"
162.158.63.161 - - [08/Aug/2023:02:05:41 +0000] "POST /api HTTP/1.1" 201 128 "https://kader.pub/feed" "Mozilla/5.0 (Macintosh; Intel Mac OS X 10_15_7) AppleWebKit/605.1.15 (KHTML, like Gecko) Version/16.5.2 Safari/605.1.15"
162.158.158.234 - - [08/Aug/2023:02:05:42 +0000] "GET /posts HTTP/1.1" 304 - "https://kader.pub/feed" "Mozilla/5.0 (Macintosh; Intel Mac OS X 10_15_7) AppleWebKit/605.1.15 (KHTML, like Gecko) Version/16.5.2 Safari/605.1.15"
162.158.158.234 - - [08/Aug/2023:02:05:43 +0000] "GET /posts HTTP/1.1" 304 - "https://kader.pub/feed" "Mozilla/5.0 (Macintosh; Intel Mac OS X 10_15_7) AppleWebKit/605.1.15 (KHTML, like Gecko) Version/16.5.2 Safari/605.1.15"
162.158.158.170 - - [08/Aug/2023:02:05:44 +0000] "GET /posts HTTP/1.1" 304 - "https://kader.pub/feed" "Mozilla/5.0 (Macintosh; Intel Mac OS X 10_15_7) AppleWebKit/605.1.15 (KHTML, like Gecko) Version/16.5.2 Safari/605.1.15"
162.158.158.170 - - [08/Aug/2023:02:05:45 +0000] "GET /posts HTTP/1.1" 304 - "https://kader.pub/feed" "Mozilla/5.0 (Macintosh; Intel Mac OS X 10_15_7) AppleWebKit/605.1.15 (KHTML, like Gecko) Version/16.5.2 Safari/605.1.15"
162.158.158.234 - - [08/Aug/2023:02:05:45 +0000] "POST /online HTTP/1.1" 200 982 "https://kader.pub/dash" "Mozilla/5.0 (Macintosh; Intel Mac OS X 10_15_7) AppleWebKit/605.1.15 (KHTML, like Gecko) Version/16.5.2 Safari/605.1.15"
162.158.158.170 - - [08/Aug/2023:02:05:46 +0000] "GET /posts HTTP/1.1" 304 - "https://kader.pub/dash" "Mozilla/5.0 (Macintosh; Intel Mac OS X 10_15_7) AppleWebKit/605.1.15 (KHTML, like Gecko) Version/16.5.2 Safari/605.1.15"
162.158.158.234 - - [08/Aug/2023:02:05:47 +0000] "GET /posts HTTP/1.1" 304 - "https://kader.pub/dash" "Mozilla/5.0 (Macintosh; Intel Mac OS X 10_15_7) AppleWebKit/605.1.15 (KHTML, like Gecko) Version/16.5.2 Safari/605.1.15"
162.158.158.234 - - [08/Aug/2023:02:05:48 +0000] "POST /dash HTTP/1.1" 200 5156 "https://kader.pub/search" "Mozilla/5.0 (Macintosh; Intel Mac OS X 10_15_7) AppleWebKit/605.1.15 (KHTML, like Gecko) Version/16.5.2 Safari/605.1.15"
162.158.158.170 - - [08/Aug/2023:02:05:48 +0000] "GET /posts HTTP/1.1" 304 - "https://kader.pub/search" "Mozilla/5.0 (Macintosh; Intel Mac OS X 10_15_7) AppleWebKit/605.1.15 (KHTML, like Gecko) Version/16.5.2 Safari/605.1.15"
162.158.158.234 - - [08/Aug/2023:02:05:49 +0000] "GET /posts HTTP/1.1" 304 - "https://kader.pub/search" "Mozilla/5.0 (Macintosh; Intel Mac OS X 10_15_7) AppleWebKit/605.1.15 (KHTML, like Gecko) Version/16.5.2 Safari/605.1.15"
172.70.110.157 - - [08/Aug/2023:02:05:49 +0000] "GET /api/kader HTTP/1.1" 200 282 "https://kader.pub/dash/kader" "Mozilla/5.0 (Macintosh; Intel Mac OS X 10_15_7) AppleWebKit/605.1.15 (KHTML, like Gecko) Version/16.5.2 Safari/605.1.15"
162.158.158.234 - - [08/Aug/2023:02:05:50 +0000] "GET /posts HTTP/1.1" 304 - "https://kader.pub/dash/kader" "Mozilla/5.0 (Macintosh; Intel Mac OS X 10_15_7) AppleWebKit/605.1.15 (KHTML, like Gecko) Version/16.5.2 Safari/605.1.15"
162.158.158.234 - - [08/Aug/2023:02:05:51 +0000] "GET /posts HTTP/1.1" 304 - "https://kader.pub/dash/kader" "Mozilla/5.0 (Macintosh; Intel Mac OS X 10_15_7) AppleWebKit/605.1.15 (KHTML, like Gecko) Version/16.5.2 Safari/605.1.15"
162.158.158.234 - - [08/Aug/2023:02:05:51 +0000] "POST /dash HTTP/1.1" 200 5156 "https://kader.pub/search" "Mozilla/5.0 (Macintosh; Intel Mac OS X 10_15_7) AppleWebKit/605.1.15 (KHTML, like Gecko) Version/16.5.2 Safari/605.1.15"
162.158.158.234 - - [08/Aug/2023:02:05:52 +0000] "POST /online HTTP/1.1" 200 982 "https://kader.pub/dash" "Mozilla/5.0 (Macintosh; Intel Mac OS X 10_15_7) AppleWebKit/605.1.15 (KHTML, like Gecko) Version/16.5.2 Safari/605.1.15"
162.158.158.235 - - [08/Aug/2023:02:05:52 +0000] "GET /posts HTTP/1.1" 304 - "https://kader.pub/dash" "Mozilla/5.0 (Macintosh; Intel Mac OS X 10_15_7) AppleWebKit/605.1.15 (KHTML, like Gecko) Version/16.5.2 Safari/605.1.15"
162.158.158.234 - - [08/Aug/2023:02:05:53 +0000] "GET /posts HTTP/1.1" 304 - "https://kader.pub/dash" "Mozilla/5.0 (Macintosh; Intel Mac OS X 10_15_7) AppleWebKit/605.1.15 (KHTML, like Gecko) Version/16.5.2 Safari/605.1.15"
162.158.158.170 - - [08/Aug/2023:02:05:53 +0000] "GET /posts HTTP/1.1" 304 - "https://kader.pub/feed" "Mozilla/5.0 (Macintosh; Intel Mac OS X 10_15_7) AppleWebKit/605.1.15 (KHTML, like Gecko) Version/16.5.2 Safari/605.1.15"
162.158.158.235 - - [08/Aug/2023:02:05:54 +0000] "GET /posts HTTP/1.1" 304 - "https://kader.pub/feed" "Mozilla/5.0 (Macintosh; Intel Mac OS X 10_15_7) AppleWebKit/605.1.15 (KHTML, like Gecko) Version/16.5.2 Safari/605.1.15"
162.158.158.170 - - [08/Aug/2023:02:05:54 +0000] "GET /posts HTTP/1.1" 304 - "https://kader.pub/feed" "Mozilla/5.0 (Macintosh; Intel Mac OS X 10_15_7) AppleWebKit/605.1.15 (KHTML, like Gecko) Version/16.5.2 Safari/605.1.15"
162.158.158.234 - - [08/Aug/2023:02:05:55 +0000] "GET /posts HTTP/1.1" 304 - "https://kader.pub/feed" "Mozilla/5.0 (Macintosh; Intel Mac OS X 10_15_7) AppleWebKit/605.1.15 (KHTML, like Gecko) Version/16.5.2 Safari/605.1.15"
162.158.158.235 - - [08/Aug/2023:02:05:55 +0000] "GET /posts HTTP/1.1" 304 - "https://kader.pub/feed" "Mozilla/5.0 (Macintosh; Intel Mac OS X 10_15_7) AppleWebKit/605.1.15 (KHTML, like Gecko) Version/16.5.2 Safari/605.1.15"
162.158.158.234 - - [08/Aug/2023:02:05:56 +0000] "GET /posts HTTP/1.1" 304 - "https://kader.pub/feed" "Mozilla/5.0 (Macintosh; Intel Mac OS X 10_15_7) AppleWebKit/605.1.15 (KHTML, like Gecko) Version/16.5.2 Safari/605.1.15"
162.158.158.235 - - [08/Aug/2023:02:05:56 +0000] "GET /posts HTTP/1.1" 304 - "https://kader.pub/feed" "Mozilla/5.0 (Macintosh; Intel Mac OS X 10_15_7) AppleWebKit/605.1.15 (KHTML, like Gecko) Version/16.5.2 Safari/605.1.15"
162.158.158.234 - - [08/Aug/2023:02:05:57 +0000] "POST /online HTTP/1.1" 200 982 "https://kader.pub/dash" "Mozilla/5.0 (Macintosh; Intel Mac OS X 10_15_7) AppleWebKit/605.1.15 (KHTML, like Gecko) Version/16.5.2 Safari/605.1.15"
162.158.158.170 - - [08/Aug/2023:02:05:57 +0000] "GET /posts HTTP/1.1" 304 - "https://kader.pub/dash" "Mozilla/5.0 (Macintosh; Intel Mac OS X 10_15_7) AppleWebKit/605.1.15 (KHTML, like Gecko) Version/16.5.2 Safari/605.1.15"
162.158.158.170 - - [08/Aug/2023:02:05:57 +0000] "GET /posts HTTP/1.1" 304 - "https://kader.pub/dash" "Mozilla/5.0 (Macintosh; Intel Mac OS X 10_15_7) AppleWebKit/605.1.15 (KHTML, like Gecko) Version/16.5.2 Safari/605.1.15"
162.158.158.235 - - [08/Aug/2023:02:05:58 +0000] "GET /posts HTTP/1.1" 304 - "https://kader.pub/dash" "Mozilla/5.0 (Macintosh; Intel Mac OS X 10_15_7) AppleWebKit/605.1.15 (KHTML, like Gecko) Version/16.5.2 Safari/605.1.15"
162.158.158.170 - - [08/Aug/2023:02:05:58 +0000] "POST /dash HTTP/1.1" 200 5156 "https://kader.pub/search" "Mozilla/5.0 (Macintosh; Intel Mac OS X 10_15_7) AppleWebKit/605.1.15 (KHTML, like Gecko) Version/16.5.2 Safari/605.1.15"
162.158.158.234 - - [08/Aug/2023:02:05:58 +0000] "GET /posts HTTP/1.1" 304 - "https://kader.pub/search" "Mozilla/5.0 (Macintosh; Intel Mac OS X 10_15_7) AppleWebKit/605.1.15 (KHTML, like Gecko) Version/16.5.2 Safari/605.1.15"
162.158.158.170 - - [08/Aug/2023:02:05:59 +0000] "GET /posts HTTP/1.1" 304 - "https://kader.pub/search" "Mozilla/5.0 (Macintosh; Intel Mac OS X 10_15_7) AppleWebKit/605.1.15 (KHTML, like Gecko) Version/16.5.2 Safari/605.1.15"
162.158.158.235 - - [08/Aug/2023:02:05:59 +0000] "GET /posts HTTP/1.1" 304 - "https://kader.pub/search" "Mozilla/5.0 (Macintosh; Intel Mac OS X 10_15_7) AppleWebKit/605.1.15 (KHTML, like Gecko) Version/16.5.2 Safari/605.1.15"
162.158.158.234 - - [08/Aug/2023:02:06:00 +0000] "GET /posts HTTP/1.1" 304 - "https://kader.pub/search" "Mozilla/5.0 (Macintosh; Intel Mac OS X 10_15_7) AppleWebKit/605.1.15 (KHTML, like Gecko) Version/16.5.2 Safari/605.1.15"
162.158.158.235 - - [08/Aug/2023:02:06:00 +0000] "GET /posts HTTP/1.1" 304 - "https://kader.pub/search" "Mozilla/5.0 (Macintosh; Intel Mac OS X 10_15_7) AppleWebKit/605.1.15 (KHTML, like Gecko) Version/16.5.2 Safari/605.1.15"
162.158.158.234 - - [08/Aug/2023:02:06:01 +0000] "GET /posts HTTP/1.1" 304 - "https://kader.pub/" "Mozilla/5.0 (Macintosh; Intel Mac OS X 10_15_7) AppleWebKit/605.1.15 (KHTML, like Gecko) Version/16.5.2 Safari/605.1.15"
162.158.158.170 - - [08/Aug/2023:02:06:01 +0000] "GET /posts HTTP/1.1" 304 - "https://kader.pub/" "Mozilla/5.0 (Macintosh; Intel Mac OS X 10_15_7) AppleWebKit/605.1.15 (KHTML, like Gecko) Version/16.5.2 Safari/605.1.15"
162.158.63.161 - - [08/Aug/2023:02:06:01 +0000] "POST /api HTTP/1.1" - - "https://kader.pub/" "Mozilla/5.0 (Macintosh; Intel Mac OS X 10_15_7) AppleWebKit/605.1.15 (KHTML, like Gecko) Version/16.5.2 Safari/605.1.15"
162.158.63.141 - - [08/Aug/2023:02:06:01 +0000] "GET /dash HTTP/1.1" 200 666 "https://kader.pub/" "Mozilla/5.0 (Macintosh; Intel Mac OS X 10_15_7) AppleWebKit/605.1.15 (KHTML, like Gecko) Version/16.5.2 Safari/605.1.15"
162.158.63.161 - - [08/Aug/2023:02:06:02 +0000] "POST /api HTTP/1.1" 201 133 "https://kader.pub/dash" "Mozilla/5.0 (Macintosh; Intel Mac OS X 10_15_7) AppleWebKit/605.1.15 (KHTML, like Gecko) Version/16.5.2 Safari/605.1.15"
162.158.158.235 - - [08/Aug/2023:02:06:02 +0000] "POST /online HTTP/1.1" 200 982 "https://kader.pub/dash" "Mozilla/5.0 (Macintosh; Intel Mac OS X 10_15_7) AppleWebKit/605.1.15 (KHTML, like Gecko) Version/16.5.2 Safari/605.1.15"
162.158.63.53 - - [08/Aug/2023:02:06:17 +0000] "POST /api HTTP/1.1" 201 108 "https://kader.pub/" "Mozilla/5.0 (Macintosh; Intel Mac OS X 10_15_7) AppleWebKit/537.36 (KHTML, like Gecko) Chrome/115.0.0.0 Safari/537.36"
162.158.62.224 - - [08/Aug/2023:02:06:17 +0000] "GET /dash HTTP/1.1" 200 666 "https://kader.pub/" "Mozilla/5.0 (Macintosh; Intel Mac OS X 10_15_7) AppleWebKit/537.36 (KHTML, like Gecko) Chrome/115.0.0.0 Safari/537.36"
162.158.63.53 - - [08/Aug/2023:02:06:17 +0000] "POST /api HTTP/1.1" 201 124 "https://kader.pub/dash" "Mozilla/5.0 (Macintosh; Intel Mac OS X 10_15_7) AppleWebKit/537.36 (KHTML, like Gecko) Chrome/115.0.0.0 Safari/537.36"
162.158.158.162 - - [08/Aug/2023:02:06:17 +0000] "POST /online HTTP/1.1" 200 982 "https://kader.pub/dash" "Mozilla/5.0 (Macintosh; Intel Mac OS X 10_15_7) AppleWebKit/537.36 (KHTML, like Gecko) Chrome/115.0.0.0 Safari/537.36"
162.158.154.227 - - [08/Aug/2023:02:06:26 +0000] "POST /dash/post HTTP/1.1" 200 20 "https://kader.pub/dash" "Mozilla/5.0 (Macintosh; Intel Mac OS X 10_15_7) AppleWebKit/537.36 (KHTML, like Gecko) Chrome/115.0.0.0 Safari/537.36"
172.70.114.116 - - [08/Aug/2023:02:06:26 +0000] "POST /offline HTTP/1.1" 404 147 "https://kader.pub/dash" "Mozilla/5.0 (Macintosh; Intel Mac OS X 10_15_7) AppleWebKit/537.36 (KHTML, like Gecko) Chrome/115.0.0.0 Safari/537.36"
162.158.63.54 - - [08/Aug/2023:02:06:27 +0000] "GET /dash HTTP/1.1" 304 - "https://kader.pub/dash" "Mozilla/5.0 (Macintosh; Intel Mac OS X 10_15_7) AppleWebKit/537.36 (KHTML, like Gecko) Chrome/115.0.0.0 Safari/537.36"
162.158.63.54 - - [08/Aug/2023:02:06:27 +0000] "POST /api HTTP/1.1" 201 124 "https://kader.pub/dash" "Mozilla/5.0 (Macintosh; Intel Mac OS X 10_15_7) AppleWebKit/537.36 (KHTML, like Gecko) Chrome/115.0.0.0 Safari/537.36"
162.158.159.109 - - [08/Aug/2023:02:06:27 +0000] "POST /online HTTP/1.1" 200 982 "https://kader.pub/dash" "Mozilla/5.0 (Macintosh; Intel Mac OS X 10_15_7) AppleWebKit/537.36 (KHTML, like Gecko) Chrome/115.0.0.0 Safari/537.36"
162.158.158.163 - - [08/Aug/2023:02:06:35 +0000] "GET /posts HTTP/1.1" 200 3192 "https://kader.pub/feed" "Mozilla/5.0 (Macintosh; Intel Mac OS X 10_15_7) AppleWebKit/537.36 (KHTML, like Gecko) Chrome/115.0.0.0 Safari/537.36"
162.158.158.163 - - [08/Aug/2023:02:06:36 +0000] "GET /posts HTTP/1.1" 304 - "https://kader.pub/feed" "Mozilla/5.0 (Macintosh; Intel Mac OS X 10_15_7) AppleWebKit/537.36 (KHTML, like Gecko) Chrome/115.0.0.0 Safari/537.36"
162.158.158.163 - - [08/Aug/2023:02:06:37 +0000] "GET /posts HTTP/1.1" 304 - "https://kader.pub/feed" "Mozilla/5.0 (Macintosh; Intel Mac OS X 10_15_7) AppleWebKit/537.36 (KHTML, like Gecko) Chrome/115.0.0.0 Safari/537.36"
162.158.158.163 - - [08/Aug/2023:02:06:38 +0000] "POST /online HTTP/1.1" 200 982 "https://kader.pub/dash" "Mozilla/5.0 (Macintosh; Intel Mac OS X 10_15_7) AppleWebKit/537.36 (KHTML, like Gecko) Chrome/115.0.0.0 Safari/537.36"
162.158.158.163 - - [08/Aug/2023:02:06:38 +0000] "GET /posts HTTP/1.1" 304 - "https://kader.pub/dash" "Mozilla/5.0 (Macintosh; Intel Mac OS X 10_15_7) AppleWebKit/537.36 (KHTML, like Gecko) Chrome/115.0.0.0 Safari/537.36"
162.158.159.110 - - [08/Aug/2023:02:06:39 +0000] "GET /posts HTTP/1.1" 304 - "https://kader.pub/dash" "Mozilla/5.0 (Macintosh; Intel Mac OS X 10_15_7) AppleWebKit/537.36 (KHTML, like Gecko) Chrome/115.0.0.0 Safari/537.36"
162.158.159.110 - - [08/Aug/2023:02:06:40 +0000] "GET /posts HTTP/1.1" 304 - "https://kader.pub/dash" "Mozilla/5.0 (Macintosh; Intel Mac OS X 10_15_7) AppleWebKit/537.36 (KHTML, like Gecko) Chrome/115.0.0.0 Safari/537.36"
162.158.158.163 - - [08/Aug/2023:02:06:41 +0000] "GET /posts HTTP/1.1" 304 - "https://kader.pub/dash" "Mozilla/5.0 (Macintosh; Intel Mac OS X 10_15_7) AppleWebKit/537.36 (KHTML, like Gecko) Chrome/115.0.0.0 Safari/537.36"
162.158.158.234 - - [08/Aug/2023:02:06:41 +0000] "GET /posts HTTP/1.1" 200 3192 "https://kader.pub/feed" "Mozilla/5.0 (Macintosh; Intel Mac OS X 10_15_7) AppleWebKit/605.1.15 (KHTML, like Gecko) Version/16.5.2 Safari/605.1.15"
162.158.158.163 - - [08/Aug/2023:02:06:42 +0000] "GET /posts HTTP/1.1" 304 - "https://kader.pub/dash" "Mozilla/5.0 (Macintosh; Intel Mac OS X 10_15_7) AppleWebKit/537.36 (KHTML, like Gecko) Chrome/115.0.0.0 Safari/537.36"
162.158.158.234 - - [08/Aug/2023:02:06:42 +0000] "GET /posts HTTP/1.1" 304 - "https://kader.pub/feed" "Mozilla/5.0 (Macintosh; Intel Mac OS X 10_15_7) AppleWebKit/605.1.15 (KHTML, like Gecko) Version/16.5.2 Safari/605.1.15"
162.158.159.110 - - [08/Aug/2023:02:06:43 +0000] "GET /posts HTTP/1.1" 304 - "https://kader.pub/dash" "Mozilla/5.0 (Macintosh; Intel Mac OS X 10_15_7) AppleWebKit/537.36 (KHTML, like Gecko) Chrome/115.0.0.0 Safari/537.36"
162.158.159.187 - - [08/Aug/2023:02:06:43 +0000] "GET /posts HTTP/1.1" 304 - "https://kader.pub/feed" "Mozilla/5.0 (Macintosh; Intel Mac OS X 10_15_7) AppleWebKit/605.1.15 (KHTML, like Gecko) Version/16.5.2 Safari/605.1.15"
162.158.159.110 - - [08/Aug/2023:02:06:44 +0000] "GET /posts HTTP/1.1" 304 - "https://kader.pub/dash" "Mozilla/5.0 (Macintosh; Intel Mac OS X 10_15_7) AppleWebKit/537.36 (KHTML, like Gecko) Chrome/115.0.0.0 Safari/537.36"
162.158.158.234 - - [08/Aug/2023:02:06:44 +0000] "GET /posts HTTP/1.1" 304 - "https://kader.pub/feed" "Mozilla/5.0 (Macintosh; Intel Mac OS X 10_15_7) AppleWebKit/605.1.15 (KHTML, like Gecko) Version/16.5.2 Safari/605.1.15"
162.158.159.110 - - [08/Aug/2023:02:06:45 +0000] "GET /posts HTTP/1.1" 304 - "https://kader.pub/dash" "Mozilla/5.0 (Macintosh; Intel Mac OS X 10_15_7) AppleWebKit/537.36 (KHTML, like Gecko) Chrome/115.0.0.0 Safari/537.36"
162.158.158.234 - - [08/Aug/2023:02:06:45 +0000] "GET /posts HTTP/1.1" 304 - "https://kader.pub/feed" "Mozilla/5.0 (Macintosh; Intel Mac OS X 10_15_7) AppleWebKit/605.1.15 (KHTML, like Gecko) Version/16.5.2 Safari/605.1.15"
162.158.158.234 - - [08/Aug/2023:02:06:45 +0000] "POST /online HTTP/1.1" 200 982 "https://kader.pub/dash" "Mozilla/5.0 (Macintosh; Intel Mac OS X 10_15_7) AppleWebKit/605.1.15 (KHTML, like Gecko) Version/16.5.2 Safari/605.1.15"
162.158.158.163 - - [08/Aug/2023:02:06:46 +0000] "GET /posts HTTP/1.1" 304 - "https://kader.pub/dash" "Mozilla/5.0 (Macintosh; Intel Mac OS X 10_15_7) AppleWebKit/537.36 (KHTML, like Gecko) Chrome/115.0.0.0 Safari/537.36"
162.158.158.234 - - [08/Aug/2023:02:06:46 +0000] "GET /posts HTTP/1.1" 304 - "https://kader.pub/dash" "Mozilla/5.0 (Macintosh; Intel Mac OS X 10_15_7) AppleWebKit/605.1.15 (KHTML, like Gecko) Version/16.5.2 Safari/605.1.15"
162.158.158.163 - - [08/Aug/2023:02:06:47 +0000] "GET /posts HTTP/1.1" 304 - "https://kader.pub/dash" "Mozilla/5.0 (Macintosh; Intel Mac OS X 10_15_7) AppleWebKit/537.36 (KHTML, like Gecko) Chrome/115.0.0.0 Safari/537.36"
162.158.158.234 - - [08/Aug/2023:02:06:47 +0000] "GET /posts HTTP/1.1" 304 - "https://kader.pub/dash" "Mozilla/5.0 (Macintosh; Intel Mac OS X 10_15_7) AppleWebKit/605.1.15 (KHTML, like Gecko) Version/16.5.2 Safari/605.1.15"
162.158.158.163 - - [08/Aug/2023:02:06:48 +0000] "GET /posts HTTP/1.1" 304 - "https://kader.pub/dash" "Mozilla/5.0 (Macintosh; Intel Mac OS X 10_15_7) AppleWebKit/537.36 (KHTML, like Gecko) Chrome/115.0.0.0 Safari/537.36"
162.158.159.187 - - [08/Aug/2023:02:06:48 +0000] "GET /posts HTTP/1.1" 304 - "https://kader.pub/dash" "Mozilla/5.0 (Macintosh; Intel Mac OS X 10_15_7) AppleWebKit/605.1.15 (KHTML, like Gecko) Version/16.5.2 Safari/605.1.15"
162.158.158.163 - - [08/Aug/2023:02:06:49 +0000] "GET /posts HTTP/1.1" 304 - "https://kader.pub/dash" "Mozilla/5.0 (Macintosh; Intel Mac OS X 10_15_7) AppleWebKit/537.36 (KHTML, like Gecko) Chrome/115.0.0.0 Safari/537.36"
162.158.158.234 - - [08/Aug/2023:02:06:49 +0000] "GET /posts HTTP/1.1" 304 - "https://kader.pub/dash" "Mozilla/5.0 (Macintosh; Intel Mac OS X 10_15_7) AppleWebKit/605.1.15 (KHTML, like Gecko) Version/16.5.2 Safari/605.1.15"
162.158.159.110 - - [08/Aug/2023:02:06:50 +0000] "GET /posts HTTP/1.1" 304 - "https://kader.pub/dash" "Mozilla/5.0 (Macintosh; Intel Mac OS X 10_15_7) AppleWebKit/537.36 (KHTML, like Gecko) Chrome/115.0.0.0 Safari/537.36"
162.158.159.187 - - [08/Aug/2023:02:06:50 +0000] "GET /posts HTTP/1.1" 304 - "https://kader.pub/dash" "Mozilla/5.0 (Macintosh; Intel Mac OS X 10_15_7) AppleWebKit/605.1.15 (KHTML, like Gecko) Version/16.5.2 Safari/605.1.15"
162.158.159.110 - - [08/Aug/2023:02:06:51 +0000] "GET /posts HTTP/1.1" 304 - "https://kader.pub/dash" "Mozilla/5.0 (Macintosh; Intel Mac OS X 10_15_7) AppleWebKit/537.36 (KHTML, like Gecko) Chrome/115.0.0.0 Safari/537.36"
162.158.158.234 - - [08/Aug/2023:02:06:51 +0000] "GET /posts HTTP/1.1" 304 - "https://kader.pub/dash" "Mozilla/5.0 (Macintosh; Intel Mac OS X 10_15_7) AppleWebKit/605.1.15 (KHTML, like Gecko) Version/16.5.2 Safari/605.1.15"
162.158.158.163 - - [08/Aug/2023:02:06:52 +0000] "GET /posts HTTP/1.1" 304 - "https://kader.pub/dash" "Mozilla/5.0 (Macintosh; Intel Mac OS X 10_15_7) AppleWebKit/537.36 (KHTML, like Gecko) Chrome/115.0.0.0 Safari/537.36"
162.158.159.187 - - [08/Aug/2023:02:06:52 +0000] "GET /posts HTTP/1.1" 304 - "https://kader.pub/dash" "Mozilla/5.0 (Macintosh; Intel Mac OS X 10_15_7) AppleWebKit/605.1.15 (KHTML, like Gecko) Version/16.5.2 Safari/605.1.15"
162.158.158.163 - - [08/Aug/2023:02:06:53 +0000] "GET /posts HTTP/1.1" 304 - "https://kader.pub/dash" "Mozilla/5.0 (Macintosh; Intel Mac OS X 10_15_7) AppleWebKit/537.36 (KHTML, like Gecko) Chrome/115.0.0.0 Safari/537.36"
162.158.158.234 - - [08/Aug/2023:02:06:53 +0000] "GET /posts HTTP/1.1" 304 - "https://kader.pub/dash" "Mozilla/5.0 (Macintosh; Intel Mac OS X 10_15_7) AppleWebKit/605.1.15 (KHTML, like Gecko) Version/16.5.2 Safari/605.1.15"
162.158.158.163 - - [08/Aug/2023:02:06:54 +0000] "GET /posts HTTP/1.1" 304 - "https://kader.pub/dash" "Mozilla/5.0 (Macintosh; Intel Mac OS X 10_15_7) AppleWebKit/537.36 (KHTML, like Gecko) Chrome/115.0.0.0 Safari/537.36"
162.158.159.187 - - [08/Aug/2023:02:06:54 +0000] "GET /posts HTTP/1.1" 304 - "https://kader.pub/dash" "Mozilla/5.0 (Macintosh; Intel Mac OS X 10_15_7) AppleWebKit/605.1.15 (KHTML, like Gecko) Version/16.5.2 Safari/605.1.15"
172.70.110.99 - - [08/Aug/2023:02:06:55 +0000] "POST /api HTTP/1.1" 201 108 "https://kader.pub/" "Mozilla/5.0 (X11; Linux x86_64) AppleWebKit/537.36 (KHTML, like Gecko) HeadlessChrome/115.0.5790.170 Safari/537.36"
162.158.158.163 - - [08/Aug/2023:02:06:55 +0000] "GET /posts HTTP/1.1" 304 - "https://kader.pub/dash" "Mozilla/5.0 (Macintosh; Intel Mac OS X 10_15_7) AppleWebKit/537.36 (KHTML, like Gecko) Chrome/115.0.0.0 Safari/537.36"
162.158.158.234 - - [08/Aug/2023:02:06:55 +0000] "GET /posts HTTP/1.1" 304 - "https://kader.pub/dash" "Mozilla/5.0 (Macintosh; Intel Mac OS X 10_15_7) AppleWebKit/605.1.15 (KHTML, like Gecko) Version/16.5.2 Safari/605.1.15"
162.158.158.163 - - [08/Aug/2023:02:06:56 +0000] "GET /posts HTTP/1.1" 304 - "https://kader.pub/dash" "Mozilla/5.0 (Macintosh; Intel Mac OS X 10_15_7) AppleWebKit/537.36 (KHTML, like Gecko) Chrome/115.0.0.0 Safari/537.36"
162.158.158.234 - - [08/Aug/2023:02:06:56 +0000] "GET /posts HTTP/1.1" 304 - "https://kader.pub/dash" "Mozilla/5.0 (Macintosh; Intel Mac OS X 10_15_7) AppleWebKit/605.1.15 (KHTML, like Gecko) Version/16.5.2 Safari/605.1.15"
172.70.230.146 - - [08/Aug/2023:02:06:57 +0000] "POST /logout HTTP/1.1" 200 38 "https://kader.pub/logout" "Mozilla/5.0 (Macintosh; Intel Mac OS X 10_15_7) AppleWebKit/537.36 (KHTML, like Gecko) Chrome/115.0.0.0 Safari/537.36"
172.70.114.116 - - [08/Aug/2023:02:06:57 +0000] "POST /offline HTTP/1.1" 404 147 "https://kader.pub/logout" "Mozilla/5.0 (Macintosh; Intel Mac OS X 10_15_7) AppleWebKit/537.36 (KHTML, like Gecko) Chrome/115.0.0.0 Safari/537.36"
172.70.114.116 - - [08/Aug/2023:02:06:57 +0000] "POST /offline HTTP/1.1" 404 147 "https://kader.pub/logout" "Mozilla/5.0 (Macintosh; Intel Mac OS X 10_15_7) AppleWebKit/537.36 (KHTML, like Gecko) Chrome/115.0.0.0 Safari/537.36"
162.158.158.234 - - [08/Aug/2023:02:06:57 +0000] "GET /posts HTTP/1.1" 304 - "https://kader.pub/dash" "Mozilla/5.0 (Macintosh; Intel Mac OS X 10_15_7) AppleWebKit/605.1.15 (KHTML, like Gecko) Version/16.5.2 Safari/605.1.15"
162.158.158.163 - - [08/Aug/2023:02:06:58 +0000] "GET /posts HTTP/1.1" 304 - "https://kader.pub/logout" "Mozilla/5.0 (Macintosh; Intel Mac OS X 10_15_7) AppleWebKit/537.36 (KHTML, like Gecko) Chrome/115.0.0.0 Safari/537.36"
162.158.158.234 - - [08/Aug/2023:02:06:58 +0000] "GET /posts HTTP/1.1" 304 - "https://kader.pub/dash" "Mozilla/5.0 (Macintosh; Intel Mac OS X 10_15_7) AppleWebKit/605.1.15 (KHTML, like Gecko) Version/16.5.2 Safari/605.1.15"
162.158.63.53 - - [08/Aug/2023:02:06:58 +0000] "POST /api HTTP/1.1" 201 124 "https://kader.pub/" "Mozilla/5.0 (Macintosh; Intel Mac OS X 10_15_7) AppleWebKit/537.36 (KHTML, like Gecko) Chrome/115.0.0.0 Safari/537.36"
162.158.158.234 - - [08/Aug/2023:02:06:59 +0000] "GET /posts HTTP/1.1" 304 - "https://kader.pub/dash" "Mozilla/5.0 (Macintosh; Intel Mac OS X 10_15_7) AppleWebKit/605.1.15 (KHTML, like Gecko) Version/16.5.2 Safari/605.1.15"
162.158.158.234 - - [08/Aug/2023:02:07:00 +0000] "GET /posts HTTP/1.1" 304 - "https://kader.pub/dash" "Mozilla/5.0 (Macintosh; Intel Mac OS X 10_15_7) AppleWebKit/605.1.15 (KHTML, like Gecko) Version/16.5.2 Safari/605.1.15"
162.158.158.234 - - [08/Aug/2023:02:07:01 +0000] "GET /posts HTTP/1.1" 304 - "https://kader.pub/dash" "Mozilla/5.0 (Macintosh; Intel Mac OS X 10_15_7) AppleWebKit/605.1.15 (KHTML, like Gecko) Version/16.5.2 Safari/605.1.15"
162.158.63.161 - - [08/Aug/2023:02:07:01 +0000] "GET /dash HTTP/1.1" 200 666 "https://kader.pub/" "Mozilla/5.0 (Macintosh; Intel Mac OS X 10_15_7) AppleWebKit/605.1.15 (KHTML, like Gecko) Version/16.5.2 Safari/605.1.15"
162.158.63.161 - - [08/Aug/2023:02:07:02 +0000] "POST /api HTTP/1.1" 201 133 "https://kader.pub/dash" "Mozilla/5.0 (Macintosh; Intel Mac OS X 10_15_7) AppleWebKit/605.1.15 (KHTML, like Gecko) Version/16.5.2 Safari/605.1.15"
162.158.158.234 - - [08/Aug/2023:02:07:02 +0000] "POST /online HTTP/1.1" 200 886 "https://kader.pub/dash" "Mozilla/5.0 (Macintosh; Intel Mac OS X 10_15_7) AppleWebKit/605.1.15 (KHTML, like Gecko) Version/16.5.2 Safari/605.1.15"
162.158.62.219 - - [08/Aug/2023:02:17:52 +0000] "POST /api HTTP/1.1" 201 133 "https://kader.pub/" "Mozilla/5.0 (Macintosh; Intel Mac OS X 10_15_7) AppleWebKit/605.1.15 (KHTML, like Gecko) Version/16.5.2 Safari/605.1.15"
162.158.62.218 - - [08/Aug/2023:02:18:49 +0000] "POST /api HTTP/1.1" 201 133 "https://kader.pub/" "Mozilla/5.0 (Macintosh; Intel Mac OS X 10_15_7) AppleWebKit/605.1.15 (KHTML, like Gecko) Version/16.5.2 Safari/605.1.15"
172.70.114.198 - - [08/Aug/2023:02:19:10 +0000] "POST /login/auth/ HTTP/1.1" 200 94 "https://kader.pub/login" "Mozilla/5.0 (Macintosh; Intel Mac OS X 10_15_7) AppleWebKit/605.1.15 (KHTML, like Gecko) Version/16.5.2 Safari/605.1.15"
162.158.159.155 - - [08/Aug/2023:02:19:10 +0000] "POST /online HTTP/1.1" 200 789 "https://kader.pub/dash" "Mozilla/5.0 (Macintosh; Intel Mac OS X 10_15_7) AppleWebKit/605.1.15 (KHTML, like Gecko) Version/16.5.2 Safari/605.1.15"
172.70.230.29 - - [08/Aug/2023:02:19:21 +0000] "POST /logout HTTP/1.1" 200 38 "https://kader.pub/logout" "Mozilla/5.0 (Macintosh; Intel Mac OS X 10_15_7) AppleWebKit/605.1.15 (KHTML, like Gecko) Version/16.5.2 Safari/605.1.15"
162.158.62.218 - - [08/Aug/2023:02:19:21 +0000] "POST /api HTTP/1.1" 201 133 "https://kader.pub/" "Mozilla/5.0 (Macintosh; Intel Mac OS X 10_15_7) AppleWebKit/605.1.15 (KHTML, like Gecko) Version/16.5.2 Safari/605.1.15"
172.70.114.198 - - [08/Aug/2023:02:19:31 +0000] "POST /login/auth/ HTTP/1.1" 200 94 "https://kader.pub/login" "Mozilla/5.0 (Macintosh; Intel Mac OS X 10_15_7) AppleWebKit/605.1.15 (KHTML, like Gecko) Version/16.5.2 Safari/605.1.15"
162.158.159.155 - - [08/Aug/2023:02:19:31 +0000] "POST /online HTTP/1.1" 200 789 "https://kader.pub/dash" "Mozilla/5.0 (Macintosh; Intel Mac OS X 10_15_7) AppleWebKit/605.1.15 (KHTML, like Gecko) Version/16.5.2 Safari/605.1.15"
162.158.159.155 - - [08/Aug/2023:02:20:12 +0000] "POST /dash HTTP/1.1" 200 4947 "https://kader.pub/search" "Mozilla/5.0 (Macintosh; Intel Mac OS X 10_15_7) AppleWebKit/605.1.15 (KHTML, like Gecko) Version/16.5.2 Safari/605.1.15"
162.158.159.155 - - [08/Aug/2023:02:20:16 +0000] "POST /online HTTP/1.1" 200 886 "https://kader.pub/dash" "Mozilla/5.0 (Macintosh; Intel Mac OS X 10_15_7) AppleWebKit/605.1.15 (KHTML, like Gecko) Version/16.5.2 Safari/605.1.15"
172.70.230.197 - - [08/Aug/2023:02:20:18 +0000] "POST /logout HTTP/1.1" 200 38 "https://kader.pub/logout" "Mozilla/5.0 (Macintosh; Intel Mac OS X 10_15_7) AppleWebKit/605.1.15 (KHTML, like Gecko) Version/16.5.2 Safari/605.1.15"
162.158.62.219 - - [08/Aug/2023:02:20:19 +0000] "POST /api HTTP/1.1" 201 133 "https://kader.pub/" "Mozilla/5.0 (Macintosh; Intel Mac OS X 10_15_7) AppleWebKit/605.1.15 (KHTML, like Gecko) Version/16.5.2 Safari/605.1.15"
162.158.159.156 - - [08/Aug/2023:02:22:00 +0000] "POST /register/auth/ HTTP/1.1" 200 32 "https://kader.pub/register" "Mozilla/5.0 (Macintosh; Intel Mac OS X 10_15_7) AppleWebKit/605.1.15 (KHTML, like Gecko) Version/16.5.2 Safari/605.1.15"
172.70.114.198 - - [08/Aug/2023:02:22:33 +0000] "POST /login/auth/ HTTP/1.1" 200 94 "https://kader.pub/login" "Mozilla/5.0 (Macintosh; Intel Mac OS X 10_15_7) AppleWebKit/605.1.15 (KHTML, like Gecko) Version/16.5.2 Safari/605.1.15"
162.158.159.156 - - [08/Aug/2023:02:22:33 +0000] "POST /online HTTP/1.1" 200 12 "https://kader.pub/dash" "Mozilla/5.0 (Macintosh; Intel Mac OS X 10_15_7) AppleWebKit/605.1.15 (KHTML, like Gecko) Version/16.5.2 Safari/605.1.15"
162.158.62.218 - - [08/Aug/2023:02:22:42 +0000] "GET /dash HTTP/1.1" 200 666 "https://kader.pub/dash" "Mozilla/5.0 (Macintosh; Intel Mac OS X 10_15_7) AppleWebKit/605.1.15 (KHTML, like Gecko) Version/16.5.2 Safari/605.1.15"
162.158.154.216 - - [08/Aug/2023:02:22:42 +0000] "POST /dash/post HTTP/1.1" 200 20 "https://kader.pub/dash" "Mozilla/5.0 (Macintosh; Intel Mac OS X 10_15_7) AppleWebKit/605.1.15 (KHTML, like Gecko) Version/16.5.2 Safari/605.1.15"
162.158.62.218 - - [08/Aug/2023:02:22:43 +0000] "POST /api HTTP/1.1" 201 133 "https://kader.pub/dash" "Mozilla/5.0 (Macintosh; Intel Mac OS X 10_15_7) AppleWebKit/605.1.15 (KHTML, like Gecko) Version/16.5.2 Safari/605.1.15"
162.158.159.155 - - [08/Aug/2023:02:22:43 +0000] "POST /online HTTP/1.1" 200 108 "https://kader.pub/dash" "Mozilla/5.0 (Macintosh; Intel Mac OS X 10_15_7) AppleWebKit/605.1.15 (KHTML, like Gecko) Version/16.5.2 Safari/605.1.15"
162.158.159.71 - - [08/Aug/2023:02:22:46 +0000] "GET /posts HTTP/1.1" 200 3340 "https://kader.pub/feed" "Mozilla/5.0 (Macintosh; Intel Mac OS X 10_15_7) AppleWebKit/605.1.15 (KHTML, like Gecko) Version/16.5.2 Safari/605.1.15"
162.158.159.155 - - [08/Aug/2023:02:22:47 +0000] "GET /posts HTTP/1.1" 304 - "https://kader.pub/feed" "Mozilla/5.0 (Macintosh; Intel Mac OS X 10_15_7) AppleWebKit/605.1.15 (KHTML, like Gecko) Version/16.5.2 Safari/605.1.15"
162.158.159.155 - - [08/Aug/2023:02:22:48 +0000] "GET /posts HTTP/1.1" 304 - "https://kader.pub/feed" "Mozilla/5.0 (Macintosh; Intel Mac OS X 10_15_7) AppleWebKit/605.1.15 (KHTML, like Gecko) Version/16.5.2 Safari/605.1.15"
162.158.159.155 - - [08/Aug/2023:02:22:48 +0000] "POST /online HTTP/1.1" 200 108 "https://kader.pub/dash" "Mozilla/5.0 (Macintosh; Intel Mac OS X 10_15_7) AppleWebKit/605.1.15 (KHTML, like Gecko) Version/16.5.2 Safari/605.1.15"
162.158.159.155 - - [08/Aug/2023:02:22:49 +0000] "POST /dash HTTP/1.1" 200 5291 "https://kader.pub/search" "Mozilla/5.0 (Macintosh; Intel Mac OS X 10_15_7) AppleWebKit/605.1.15 (KHTML, like Gecko) Version/16.5.2 Safari/605.1.15"
162.158.159.156 - - [08/Aug/2023:02:22:49 +0000] "GET /posts HTTP/1.1" 304 - "https://kader.pub/search" "Mozilla/5.0 (Macintosh; Intel Mac OS X 10_15_7) AppleWebKit/605.1.15 (KHTML, like Gecko) Version/16.5.2 Safari/605.1.15"
162.158.159.155 - - [08/Aug/2023:02:22:50 +0000] "GET /posts HTTP/1.1" 304 - "https://kader.pub/search" "Mozilla/5.0 (Macintosh; Intel Mac OS X 10_15_7) AppleWebKit/605.1.15 (KHTML, like Gecko) Version/16.5.2 Safari/605.1.15"
172.70.110.86 - - [08/Aug/2023:02:22:50 +0000] "GET /api/kader HTTP/1.1" 200 351 "https://kader.pub/dash/kader" "Mozilla/5.0 (Macintosh; Intel Mac OS X 10_15_7) AppleWebKit/605.1.15 (KHTML, like Gecko) Version/16.5.2 Safari/605.1.15"
162.158.159.71 - - [08/Aug/2023:02:22:51 +0000] "GET /posts HTTP/1.1" 304 - "https://kader.pub/dash/kader" "Mozilla/5.0 (Macintosh; Intel Mac OS X 10_15_7) AppleWebKit/605.1.15 (KHTML, like Gecko) Version/16.5.2 Safari/605.1.15"
162.158.159.156 - - [08/Aug/2023:02:22:52 +0000] "GET /posts HTTP/1.1" 304 - "https://kader.pub/dash/kader" "Mozilla/5.0 (Macintosh; Intel Mac OS X 10_15_7) AppleWebKit/605.1.15 (KHTML, like Gecko) Version/16.5.2 Safari/605.1.15"
162.158.159.155 - - [08/Aug/2023:02:22:53 +0000] "GET /posts HTTP/1.1" 304 - "https://kader.pub/dash/kader" "Mozilla/5.0 (Macintosh; Intel Mac OS X 10_15_7) AppleWebKit/605.1.15 (KHTML, like Gecko) Version/16.5.2 Safari/605.1.15"
162.158.159.156 - - [08/Aug/2023:02:22:54 +0000] "POST /dash HTTP/1.1" 200 5291 "https://kader.pub/search" "Mozilla/5.0 (Macintosh; Intel Mac OS X 10_15_7) AppleWebKit/605.1.15 (KHTML, like Gecko) Version/16.5.2 Safari/605.1.15"
162.158.159.71 - - [08/Aug/2023:02:22:54 +0000] "GET /posts HTTP/1.1" 304 - "https://kader.pub/search" "Mozilla/5.0 (Macintosh; Intel Mac OS X 10_15_7) AppleWebKit/605.1.15 (KHTML, like Gecko) Version/16.5.2 Safari/605.1.15"
162.158.159.71 - - [08/Aug/2023:02:22:54 +0000] "POST /online HTTP/1.1" 200 108 "https://kader.pub/dash" "Mozilla/5.0 (Macintosh; Intel Mac OS X 10_15_7) AppleWebKit/605.1.15 (KHTML, like Gecko) Version/16.5.2 Safari/605.1.15"
162.158.159.155 - - [08/Aug/2023:02:22:55 +0000] "GET /posts HTTP/1.1" 304 - "https://kader.pub/dash" "Mozilla/5.0 (Macintosh; Intel Mac OS X 10_15_7) AppleWebKit/605.1.15 (KHTML, like Gecko) Version/16.5.2 Safari/605.1.15"
162.158.159.156 - - [08/Aug/2023:02:22:56 +0000] "GET /posts HTTP/1.1" 304 - "https://kader.pub/dash" "Mozilla/5.0 (Macintosh; Intel Mac OS X 10_15_7) AppleWebKit/605.1.15 (KHTML, like Gecko) Version/16.5.2 Safari/605.1.15"
162.158.159.155 - - [08/Aug/2023:02:22:57 +0000] "GET /posts HTTP/1.1" 304 - "https://kader.pub/dash" "Mozilla/5.0 (Macintosh; Intel Mac OS X 10_15_7) AppleWebKit/605.1.15 (KHTML, like Gecko) Version/16.5.2 Safari/605.1.15"
162.158.159.156 - - [08/Aug/2023:02:22:58 +0000] "GET /posts HTTP/1.1" 304 - "https://kader.pub/dash" "Mozilla/5.0 (Macintosh; Intel Mac OS X 10_15_7) AppleWebKit/605.1.15 (KHTML, like Gecko) Version/16.5.2 Safari/605.1.15"
162.158.159.155 - - [08/Aug/2023:02:22:59 +0000] "GET /posts HTTP/1.1" 304 - "https://kader.pub/dash" "Mozilla/5.0 (Macintosh; Intel Mac OS X 10_15_7) AppleWebKit/605.1.15 (KHTML, like Gecko) Version/16.5.2 Safari/605.1.15"
162.158.159.156 - - [08/Aug/2023:02:23:00 +0000] "GET /posts HTTP/1.1" 304 - "https://kader.pub/dash" "Mozilla/5.0 (Macintosh; Intel Mac OS X 10_15_7) AppleWebKit/605.1.15 (KHTML, like Gecko) Version/16.5.2 Safari/605.1.15"
162.158.159.71 - - [08/Aug/2023:02:23:01 +0000] "GET /posts HTTP/1.1" 304 - "https://kader.pub/dash" "Mozilla/5.0 (Macintosh; Intel Mac OS X 10_15_7) AppleWebKit/605.1.15 (KHTML, like Gecko) Version/16.5.2 Safari/605.1.15"
162.158.159.155 - - [08/Aug/2023:02:23:02 +0000] "GET /posts HTTP/1.1" 304 - "https://kader.pub/dash" "Mozilla/5.0 (Macintosh; Intel Mac OS X 10_15_7) AppleWebKit/605.1.15 (KHTML, like Gecko) Version/16.5.2 Safari/605.1.15"
162.158.159.156 - - [08/Aug/2023:02:23:03 +0000] "GET /posts HTTP/1.1" 304 - "https://kader.pub/dash" "Mozilla/5.0 (Macintosh; Intel Mac OS X 10_15_7) AppleWebKit/605.1.15 (KHTML, like Gecko) Version/16.5.2 Safari/605.1.15"
162.158.159.155 - - [08/Aug/2023:02:23:04 +0000] "GET /posts HTTP/1.1" 304 - "https://kader.pub/dash" "Mozilla/5.0 (Macintosh; Intel Mac OS X 10_15_7) AppleWebKit/605.1.15 (KHTML, like Gecko) Version/16.5.2 Safari/605.1.15"
162.158.159.156 - - [08/Aug/2023:02:23:05 +0000] "GET /posts HTTP/1.1" 304 - "https://kader.pub/dash" "Mozilla/5.0 (Macintosh; Intel Mac OS X 10_15_7) AppleWebKit/605.1.15 (KHTML, like Gecko) Version/16.5.2 Safari/605.1.15"
162.158.159.155 - - [08/Aug/2023:02:23:05 +0000] "POST /dash HTTP/1.1" 200 5291 "https://kader.pub/search" "Mozilla/5.0 (Macintosh; Intel Mac OS X 10_15_7) AppleWebKit/605.1.15 (KHTML, like Gecko) Version/16.5.2 Safari/605.1.15"
162.158.159.156 - - [08/Aug/2023:02:23:06 +0000] "GET /posts HTTP/1.1" 304 - "https://kader.pub/search" "Mozilla/5.0 (Macintosh; Intel Mac OS X 10_15_7) AppleWebKit/605.1.15 (KHTML, like Gecko) Version/16.5.2 Safari/605.1.15"
172.70.110.156 - - [08/Aug/2023:02:23:06 +0000] "GET /api/kader HTTP/1.1" 304 - "https://kader.pub/dash/kader" "Mozilla/5.0 (Macintosh; Intel Mac OS X 10_15_7) AppleWebKit/605.1.15 (KHTML, like Gecko) Version/16.5.2 Safari/605.1.15"
162.158.159.155 - - [08/Aug/2023:02:23:07 +0000] "GET /posts HTTP/1.1" 304 - "https://kader.pub/dash/kader" "Mozilla/5.0 (Macintosh; Intel Mac OS X 10_15_7) AppleWebKit/605.1.15 (KHTML, like Gecko) Version/16.5.2 Safari/605.1.15"
162.158.159.156 - - [08/Aug/2023:02:23:08 +0000] "GET /posts HTTP/1.1" 304 - "https://kader.pub/dash/kader" "Mozilla/5.0 (Macintosh; Intel Mac OS X 10_15_7) AppleWebKit/605.1.15 (KHTML, like Gecko) Version/16.5.2 Safari/605.1.15"
162.158.159.155 - - [08/Aug/2023:02:23:09 +0000] "GET /posts HTTP/1.1" 304 - "https://kader.pub/dash/kader" "Mozilla/5.0 (Macintosh; Intel Mac OS X 10_15_7) AppleWebKit/605.1.15 (KHTML, like Gecko) Version/16.5.2 Safari/605.1.15"
162.158.159.156 - - [08/Aug/2023:02:23:10 +0000] "GET /posts HTTP/1.1" 304 - "https://kader.pub/dash/kader" "Mozilla/5.0 (Macintosh; Intel Mac OS X 10_15_7) AppleWebKit/605.1.15 (KHTML, like Gecko) Version/16.5.2 Safari/605.1.15"
162.158.159.72 - - [08/Aug/2023:02:23:11 +0000] "GET /posts HTTP/1.1" 304 - "https://kader.pub/dash/kader" "Mozilla/5.0 (Macintosh; Intel Mac OS X 10_15_7) AppleWebKit/605.1.15 (KHTML, like Gecko) Version/16.5.2 Safari/605.1.15"
172.70.110.156 - - [08/Aug/2023:02:23:11 +0000] "GET /dash/kader HTTP/1.1" 200 666 "https://kader.pub/dash" "Mozilla/5.0 (Macintosh; Intel Mac OS X 10_15_7) AppleWebKit/605.1.15 (KHTML, like Gecko) Version/16.5.2 Safari/605.1.15"
162.158.154.217 - - [08/Aug/2023:02:23:11 +0000] "GET /dash/manifest.json HTTP/1.1" 304 - "https://kader.pub/dash/kader" "Mozilla/5.0 (Macintosh; Intel Mac OS X 10_15_7) AppleWebKit/605.1.15 (KHTML, like Gecko) Version/16.5.2 Safari/605.1.15"
172.70.110.156 - - [08/Aug/2023:02:23:11 +0000] "GET /api/kader HTTP/1.1" 304 - "https://kader.pub/dash/kader" "Mozilla/5.0 (Macintosh; Intel Mac OS X 10_15_7) AppleWebKit/605.1.15 (KHTML, like Gecko) Version/16.5.2 Safari/605.1.15"
162.158.62.218 - - [08/Aug/2023:02:23:11 +0000] "POST /api HTTP/1.1" 201 133 "https://kader.pub/dash/kader" "Mozilla/5.0 (Macintosh; Intel Mac OS X 10_15_7) AppleWebKit/605.1.15 (KHTML, like Gecko) Version/16.5.2 Safari/605.1.15"
172.70.110.156 - - [08/Aug/2023:02:23:12 +0000] "GET /dash/kader HTTP/1.1" 200 666 "https://kader.pub/dash" "Mozilla/5.0 (Macintosh; Intel Mac OS X 10_15_7) AppleWebKit/605.1.15 (KHTML, like Gecko) Version/16.5.2 Safari/605.1.15"
162.158.154.217 - - [08/Aug/2023:02:23:13 +0000] "GET /dash/manifest.json HTTP/1.1" 200 666 "https://kader.pub/dash/kader" "Mozilla/5.0 (Macintosh; Intel Mac OS X 10_15_7) AppleWebKit/605.1.15 (KHTML, like Gecko) Version/16.5.2 Safari/605.1.15"
162.158.62.218 - - [08/Aug/2023:02:23:13 +0000] "POST /api HTTP/1.1" 201 133 "https://kader.pub/dash/kader" "Mozilla/5.0 (Macintosh; Intel Mac OS X 10_15_7) AppleWebKit/605.1.15 (KHTML, like Gecko) Version/16.5.2 Safari/605.1.15"
172.70.110.157 - - [08/Aug/2023:02:23:13 +0000] "GET /api/kader HTTP/1.1" 304 - "https://kader.pub/dash/kader" "Mozilla/5.0 (Macintosh; Intel Mac OS X 10_15_7) AppleWebKit/605.1.15 (KHTML, like Gecko) Version/16.5.2 Safari/605.1.15"
162.158.159.72 - - [08/Aug/2023:02:23:15 +0000] "POST /dash HTTP/1.1" 200 5291 "https://kader.pub/search" "Mozilla/5.0 (Macintosh; Intel Mac OS X 10_15_7) AppleWebKit/605.1.15 (KHTML, like Gecko) Version/16.5.2 Safari/605.1.15"
162.158.159.156 - - [08/Aug/2023:02:23:16 +0000] "POST /online HTTP/1.1" 200 108 "https://kader.pub/dash" "Mozilla/5.0 (Macintosh; Intel Mac OS X 10_15_7) AppleWebKit/605.1.15 (KHTML, like Gecko) Version/16.5.2 Safari/605.1.15"
172.70.114.199 - - [08/Aug/2023:02:23:39 +0000] "POST /upload HTTP/1.1" 200 32 "https://kader.pub/dash" "Mozilla/5.0 (Macintosh; Intel Mac OS X 10_15_7) AppleWebKit/605.1.15 (KHTML, like Gecko) Version/16.5.2 Safari/605.1.15"
162.158.159.155 - - [08/Aug/2023:02:23:42 +0000] "GET /posts HTTP/1.1" 304 - "https://kader.pub/feed" "Mozilla/5.0 (Macintosh; Intel Mac OS X 10_15_7) AppleWebKit/605.1.15 (KHTML, like Gecko) Version/16.5.2 Safari/605.1.15"
162.158.159.155 - - [08/Aug/2023:02:23:43 +0000] "GET /posts HTTP/1.1" 304 - "https://kader.pub/feed" "Mozilla/5.0 (Macintosh; Intel Mac OS X 10_15_7) AppleWebKit/605.1.15 (KHTML, like Gecko) Version/16.5.2 Safari/605.1.15"
162.158.158.96 - - [08/Aug/2023:02:23:43 +0000] "POST /online HTTP/1.1" 200 108 "https://kader.pub/dash" "Mozilla/5.0 (Macintosh; Intel Mac OS X 10_15_7) AppleWebKit/605.1.15 (KHTML, like Gecko) Version/16.5.2 Safari/605.1.15"
162.158.159.155 - - [08/Aug/2023:02:23:44 +0000] "POST /dash HTTP/1.1" 200 5350 "https://kader.pub/search" "Mozilla/5.0 (Macintosh; Intel Mac OS X 10_15_7) AppleWebKit/605.1.15 (KHTML, like Gecko) Version/16.5.2 Safari/605.1.15"
162.158.159.155 - - [08/Aug/2023:02:23:44 +0000] "GET /posts HTTP/1.1" 304 - "https://kader.pub/search" "Mozilla/5.0 (Macintosh; Intel Mac OS X 10_15_7) AppleWebKit/605.1.15 (KHTML, like Gecko) Version/16.5.2 Safari/605.1.15"
162.158.158.96 - - [08/Aug/2023:02:23:45 +0000] "GET /posts HTTP/1.1" 304 - "https://kader.pub/search" "Mozilla/5.0 (Macintosh; Intel Mac OS X 10_15_7) AppleWebKit/605.1.15 (KHTML, like Gecko) Version/16.5.2 Safari/605.1.15"
172.70.110.156 - - [08/Aug/2023:02:23:46 +0000] "GET /api/kader HTTP/1.1" 200 410 "https://kader.pub/dash/kader" "Mozilla/5.0 (Macintosh; Intel Mac OS X 10_15_7) AppleWebKit/605.1.15 (KHTML, like Gecko) Version/16.5.2 Safari/605.1.15"
162.158.158.54 - - [08/Aug/2023:02:23:46 +0000] "GET /uploads/1691461419193.png HTTP/1.1" 201 1443453 "https://kader.pub/dash/kader" "Mozilla/5.0 (Macintosh; Intel Mac OS X 10_15_7) AppleWebKit/605.1.15 (KHTML, like Gecko) Version/16.5.2 Safari/605.1.15"
162.158.159.155 - - [08/Aug/2023:02:23:46 +0000] "GET /posts HTTP/1.1" 304 - "https://kader.pub/dash/kader" "Mozilla/5.0 (Macintosh; Intel Mac OS X 10_15_7) AppleWebKit/605.1.15 (KHTML, like Gecko) Version/16.5.2 Safari/605.1.15"
162.158.159.155 - - [08/Aug/2023:02:23:47 +0000] "GET /posts HTTP/1.1" 304 - "https://kader.pub/dash/kader" "Mozilla/5.0 (Macintosh; Intel Mac OS X 10_15_7) AppleWebKit/605.1.15 (KHTML, like Gecko) Version/16.5.2 Safari/605.1.15"
162.158.159.155 - - [08/Aug/2023:02:23:48 +0000] "GET /posts HTTP/1.1" 304 - "https://kader.pub/dash/kader" "Mozilla/5.0 (Macintosh; Intel Mac OS X 10_15_7) AppleWebKit/605.1.15 (KHTML, like Gecko) Version/16.5.2 Safari/605.1.15"
162.158.159.155 - - [08/Aug/2023:02:23:49 +0000] "GET /posts HTTP/1.1" 304 - "https://kader.pub/dash/kader" "Mozilla/5.0 (Macintosh; Intel Mac OS X 10_15_7) AppleWebKit/605.1.15 (KHTML, like Gecko) Version/16.5.2 Safari/605.1.15"
162.158.159.155 - - [08/Aug/2023:02:23:50 +0000] "GET /posts HTTP/1.1" 304 - "https://kader.pub/dash/kader" "Mozilla/5.0 (Macintosh; Intel Mac OS X 10_15_7) AppleWebKit/605.1.15 (KHTML, like Gecko) Version/16.5.2 Safari/605.1.15"
162.158.159.155 - - [08/Aug/2023:02:23:51 +0000] "GET /posts HTTP/1.1" 304 - "https://kader.pub/dash/kader" "Mozilla/5.0 (Macintosh; Intel Mac OS X 10_15_7) AppleWebKit/605.1.15 (KHTML, like Gecko) Version/16.5.2 Safari/605.1.15"
162.158.159.155 - - [08/Aug/2023:02:23:52 +0000] "GET /posts HTTP/1.1" 304 - "https://kader.pub/dash/kader" "Mozilla/5.0 (Macintosh; Intel Mac OS X 10_15_7) AppleWebKit/605.1.15 (KHTML, like Gecko) Version/16.5.2 Safari/605.1.15"
162.158.159.155 - - [08/Aug/2023:02:23:53 +0000] "GET /posts HTTP/1.1" 304 - "https://kader.pub/dash/kader" "Mozilla/5.0 (Macintosh; Intel Mac OS X 10_15_7) AppleWebKit/605.1.15 (KHTML, like Gecko) Version/16.5.2 Safari/605.1.15"
162.158.159.155 - - [08/Aug/2023:02:23:54 +0000] "GET /posts HTTP/1.1" 304 - "https://kader.pub/dash/kader" "Mozilla/5.0 (Macintosh; Intel Mac OS X 10_15_7) AppleWebKit/605.1.15 (KHTML, like Gecko) Version/16.5.2 Safari/605.1.15"
162.158.159.155 - - [08/Aug/2023:02:23:55 +0000] "GET /posts HTTP/1.1" 304 - "https://kader.pub/dash/kader" "Mozilla/5.0 (Macintosh; Intel Mac OS X 10_15_7) AppleWebKit/605.1.15 (KHTML, like Gecko) Version/16.5.2 Safari/605.1.15"
162.158.159.155 - - [08/Aug/2023:02:23:56 +0000] "GET /posts HTTP/1.1" 304 - "https://kader.pub/dash/kader" "Mozilla/5.0 (Macintosh; Intel Mac OS X 10_15_7) AppleWebKit/605.1.15 (KHTML, like Gecko) Version/16.5.2 Safari/605.1.15"
162.158.158.96 - - [08/Aug/2023:02:23:57 +0000] "GET /posts HTTP/1.1" 304 - "https://kader.pub/dash/kader" "Mozilla/5.0 (Macintosh; Intel Mac OS X 10_15_7) AppleWebKit/605.1.15 (KHTML, like Gecko) Version/16.5.2 Safari/605.1.15"
162.158.159.155 - - [08/Aug/2023:02:23:58 +0000] "GET /posts HTTP/1.1" 304 - "https://kader.pub/dash/kader" "Mozilla/5.0 (Macintosh; Intel Mac OS X 10_15_7) AppleWebKit/605.1.15 (KHTML, like Gecko) Version/16.5.2 Safari/605.1.15"
162.158.159.155 - - [08/Aug/2023:02:23:59 +0000] "GET /posts HTTP/1.1" 304 - "https://kader.pub/dash/kader" "Mozilla/5.0 (Macintosh; Intel Mac OS X 10_15_7) AppleWebKit/605.1.15 (KHTML, like Gecko) Version/16.5.2 Safari/605.1.15"
172.70.110.157 - - [08/Aug/2023:02:24:00 +0000] "GET /dash/kader HTTP/1.1" 200 666 "https://kader.pub/dash" "Mozilla/5.0 (Macintosh; Intel Mac OS X 10_15_7) AppleWebKit/605.1.15 (KHTML, like Gecko) Version/16.5.2 Safari/605.1.15"
162.158.154.216 - - [08/Aug/2023:02:24:00 +0000] "GET /dash/manifest.json HTTP/1.1" 200 666 "https://kader.pub/dash/kader" "Mozilla/5.0 (Macintosh; Intel Mac OS X 10_15_7) AppleWebKit/605.1.15 (KHTML, like Gecko) Version/16.5.2 Safari/605.1.15"
172.70.110.157 - - [08/Aug/2023:02:24:00 +0000] "GET /api/kader HTTP/1.1" 304 - "https://kader.pub/dash/kader" "Mozilla/5.0 (Macintosh; Intel Mac OS X 10_15_7) AppleWebKit/605.1.15 (KHTML, like Gecko) Version/16.5.2 Safari/605.1.15"
162.158.62.218 - - [08/Aug/2023:02:24:00 +0000] "POST /api HTTP/1.1" 201 133 "https://kader.pub/dash/kader" "Mozilla/5.0 (Macintosh; Intel Mac OS X 10_15_7) AppleWebKit/605.1.15 (KHTML, like Gecko) Version/16.5.2 Safari/605.1.15"
162.158.158.55 - - [08/Aug/2023:02:24:00 +0000] "GET /uploads/1691461419193.png HTTP/1.1" 304 - "https://kader.pub/dash/kader" "Mozilla/5.0 (Macintosh; Intel Mac OS X 10_15_7) AppleWebKit/605.1.15 (KHTML, like Gecko) Version/16.5.2 Safari/605.1.15"
172.70.110.157 - - [08/Aug/2023:02:24:03 +0000] "GET /dash/kader HTTP/1.1" 200 666 "https://kader.pub/dash" "Mozilla/5.0 (Macintosh; Intel Mac OS X 10_15_7) AppleWebKit/605.1.15 (KHTML, like Gecko) Version/16.5.2 Safari/605.1.15"
162.158.154.216 - - [08/Aug/2023:02:24:03 +0000] "GET /dash/manifest.json HTTP/1.1" 200 666 "https://kader.pub/dash/kader" "Mozilla/5.0 (Macintosh; Intel Mac OS X 10_15_7) AppleWebKit/605.1.15 (KHTML, like Gecko) Version/16.5.2 Safari/605.1.15"
172.70.110.157 - - [08/Aug/2023:02:24:03 +0000] "GET /api/kader HTTP/1.1" 304 - "https://kader.pub/dash/kader" "Mozilla/5.0 (Macintosh; Intel Mac OS X 10_15_7) AppleWebKit/605.1.15 (KHTML, like Gecko) Version/16.5.2 Safari/605.1.15"
162.158.62.218 - - [08/Aug/2023:02:24:03 +0000] "POST /api HTTP/1.1" 201 133 "https://kader.pub/dash/kader" "Mozilla/5.0 (Macintosh; Intel Mac OS X 10_15_7) AppleWebKit/605.1.15 (KHTML, like Gecko) Version/16.5.2 Safari/605.1.15"
162.158.158.55 - - [08/Aug/2023:02:24:04 +0000] "GET /uploads/1691461419193.png HTTP/1.1" 304 - "https://kader.pub/dash/kader" "Mozilla/5.0 (Macintosh; Intel Mac OS X 10_15_7) AppleWebKit/605.1.15 (KHTML, like Gecko) Version/16.5.2 Safari/605.1.15"
162.158.159.155 - - [08/Aug/2023:02:24:10 +0000] "POST /dash HTTP/1.1" 200 5350 "https://kader.pub/search" "Mozilla/5.0 (Macintosh; Intel Mac OS X 10_15_7) AppleWebKit/605.1.15 (KHTML, like Gecko) Version/16.5.2 Safari/605.1.15"
172.70.114.198 - - [08/Aug/2023:02:24:11 +0000] "GET /api/poob HTTP/1.1" 304 - "https://kader.pub/dash/poob" "Mozilla/5.0 (Macintosh; Intel Mac OS X 10_15_7) AppleWebKit/605.1.15 (KHTML, like Gecko) Version/16.5.2 Safari/605.1.15"
162.158.155.96 - - [08/Aug/2023:02:24:11 +0000] "GET /uploads/1684941788904.png HTTP/1.1" 201 2285 "https://kader.pub/dash/poob" "Mozilla/5.0 (Macintosh; Intel Mac OS X 10_15_7) AppleWebKit/605.1.15 (KHTML, like Gecko) Version/16.5.2 Safari/605.1.15"
162.158.159.155 - - [08/Aug/2023:02:24:13 +0000] "POST /dash HTTP/1.1" 200 5350 "https://kader.pub/search" "Mozilla/5.0 (Macintosh; Intel Mac OS X 10_15_7) AppleWebKit/605.1.15 (KHTML, like Gecko) Version/16.5.2 Safari/605.1.15"
172.70.114.198 - - [08/Aug/2023:02:24:14 +0000] "GET /api/neokader HTTP/1.1" 200 423 "https://kader.pub/dash/neokader" "Mozilla/5.0 (Macintosh; Intel Mac OS X 10_15_7) AppleWebKit/605.1.15 (KHTML, like Gecko) Version/16.5.2 Safari/605.1.15"
172.70.111.93 - - [08/Aug/2023:02:24:14 +0000] "GET /uploads/1685801567564.png HTTP/1.1" 201 887 "https://kader.pub/dash/neokader" "Mozilla/5.0 (Macintosh; Intel Mac OS X 10_15_7) AppleWebKit/605.1.15 (KHTML, like Gecko) Version/16.5.2 Safari/605.1.15"
162.158.159.155 - - [08/Aug/2023:02:24:15 +0000] "POST /dash HTTP/1.1" 200 5350 "https://kader.pub/search" "Mozilla/5.0 (Macintosh; Intel Mac OS X 10_15_7) AppleWebKit/605.1.15 (KHTML, like Gecko) Version/16.5.2 Safari/605.1.15"
172.70.110.86 - - [08/Aug/2023:02:24:16 +0000] "GET /api/kader HTTP/1.1" 304 - "https://kader.pub/dash/kader" "Mozilla/5.0 (Macintosh; Intel Mac OS X 10_15_7) AppleWebKit/605.1.15 (KHTML, like Gecko) Version/16.5.2 Safari/605.1.15"
162.158.158.54 - - [08/Aug/2023:02:24:16 +0000] "GET /uploads/1691461419193.png HTTP/1.1" 304 - "https://kader.pub/dash/kader" "Mozilla/5.0 (Macintosh; Intel Mac OS X 10_15_7) AppleWebKit/605.1.15 (KHTML, like Gecko) Version/16.5.2 Safari/605.1.15"
162.158.158.97 - - [08/Aug/2023:02:24:20 +0000] "POST /dash HTTP/1.1" 200 5350 "https://kader.pub/search" "Mozilla/5.0 (Macintosh; Intel Mac OS X 10_15_7) AppleWebKit/605.1.15 (KHTML, like Gecko) Version/16.5.2 Safari/605.1.15"
162.158.158.97 - - [08/Aug/2023:02:24:20 +0000] "POST /online HTTP/1.1" 200 108 "https://kader.pub/dash" "Mozilla/5.0 (Macintosh; Intel Mac OS X 10_15_7) AppleWebKit/605.1.15 (KHTML, like Gecko) Version/16.5.2 Safari/605.1.15"
162.158.159.156 - - [08/Aug/2023:02:24:22 +0000] "GET /posts HTTP/1.1" 304 - "https://kader.pub/feed" "Mozilla/5.0 (Macintosh; Intel Mac OS X 10_15_7) AppleWebKit/605.1.15 (KHTML, like Gecko) Version/16.5.2 Safari/605.1.15"
162.158.159.156 - - [08/Aug/2023:02:24:23 +0000] "GET /posts HTTP/1.1" 304 - "https://kader.pub/feed" "Mozilla/5.0 (Macintosh; Intel Mac OS X 10_15_7) AppleWebKit/605.1.15 (KHTML, like Gecko) Version/16.5.2 Safari/605.1.15"
162.158.159.156 - - [08/Aug/2023:02:24:24 +0000] "GET /posts HTTP/1.1" 304 - "https://kader.pub/feed" "Mozilla/5.0 (Macintosh; Intel Mac OS X 10_15_7) AppleWebKit/605.1.15 (KHTML, like Gecko) Version/16.5.2 Safari/605.1.15"
162.158.158.97 - - [08/Aug/2023:02:24:25 +0000] "POST /online HTTP/1.1" 200 108 "https://kader.pub/dash" "Mozilla/5.0 (Macintosh; Intel Mac OS X 10_15_7) AppleWebKit/605.1.15 (KHTML, like Gecko) Version/16.5.2 Safari/605.1.15"
162.158.159.156 - - [08/Aug/2023:02:24:25 +0000] "GET /posts HTTP/1.1" 304 - "https://kader.pub/dash" "Mozilla/5.0 (Macintosh; Intel Mac OS X 10_15_7) AppleWebKit/605.1.15 (KHTML, like Gecko) Version/16.5.2 Safari/605.1.15"
162.158.159.156 - - [08/Aug/2023:02:24:26 +0000] "GET /posts HTTP/1.1" 304 - "https://kader.pub/dash" "Mozilla/5.0 (Macintosh; Intel Mac OS X 10_15_7) AppleWebKit/605.1.15 (KHTML, like Gecko) Version/16.5.2 Safari/605.1.15"
162.158.159.156 - - [08/Aug/2023:02:24:27 +0000] "GET /posts HTTP/1.1" 304 - "https://kader.pub/dash" "Mozilla/5.0 (Macintosh; Intel Mac OS X 10_15_7) AppleWebKit/605.1.15 (KHTML, like Gecko) Version/16.5.2 Safari/605.1.15"
