10.1.10.185 - - [10/Feb/2023:03:50:00 +0000] "GET /posts HTTP/1.1" 304 - "https://sciencecamp.host/feed" "Mozilla/5.0 (Macintosh; Intel Mac OS X 10_15_7) AppleWebKit/605.1.15 (KHTML, like Gecko) Version/16.2 Safari/605.1.15"
71.27.24.185 - - [10/Feb/2023:03:50:00 +0000] "GET /posts HTTP/1.1" 304 - "https://sciencecamp.host/feed" "Mozilla/5.0 (Macintosh; Intel Mac OS X 10_15_7) AppleWebKit/605.1.15 (KHTML, like Gecko) Version/16.2 Safari/605.1.15"
10.1.10.185 - - [10/Feb/2023:03:50:01 +0000] "GET /posts HTTP/1.1" 304 - "https://sciencecamp.host/feed" "Mozilla/5.0 (Macintosh; Intel Mac OS X 10_15_7) AppleWebKit/605.1.15 (KHTML, like Gecko) Version/16.2 Safari/605.1.15"
71.27.24.185 - - [10/Feb/2023:03:50:01 +0000] "GET /posts HTTP/1.1" 304 - "https://sciencecamp.host/feed" "Mozilla/5.0 (Macintosh; Intel Mac OS X 10_15_7) AppleWebKit/605.1.15 (KHTML, like Gecko) Version/16.2 Safari/605.1.15"
10.1.10.185 - - [10/Feb/2023:03:50:02 +0000] "GET /posts HTTP/1.1" 304 - "https://sciencecamp.host/feed" "Mozilla/5.0 (Macintosh; Intel Mac OS X 10_15_7) AppleWebKit/605.1.15 (KHTML, like Gecko) Version/16.2 Safari/605.1.15"
71.27.24.185 - - [10/Feb/2023:03:50:02 +0000] "GET /posts HTTP/1.1" 304 - "https://sciencecamp.host/feed" "Mozilla/5.0 (Macintosh; Intel Mac OS X 10_15_7) AppleWebKit/605.1.15 (KHTML, like Gecko) Version/16.2 Safari/605.1.15"
10.1.10.185 - - [10/Feb/2023:03:50:03 +0000] "GET /posts HTTP/1.1" 304 - "https://sciencecamp.host/feed" "Mozilla/5.0 (Macintosh; Intel Mac OS X 10_15_7) AppleWebKit/605.1.15 (KHTML, like Gecko) Version/16.2 Safari/605.1.15"
71.27.24.185 - - [10/Feb/2023:03:50:03 +0000] "GET /posts HTTP/1.1" 304 - "https://sciencecamp.host/feed" "Mozilla/5.0 (Macintosh; Intel Mac OS X 10_15_7) AppleWebKit/605.1.15 (KHTML, like Gecko) Version/16.2 Safari/605.1.15"
10.1.10.185 - - [10/Feb/2023:03:50:04 +0000] "GET /posts HTTP/1.1" 304 - "https://sciencecamp.host/feed" "Mozilla/5.0 (Macintosh; Intel Mac OS X 10_15_7) AppleWebKit/605.1.15 (KHTML, like Gecko) Version/16.2 Safari/605.1.15"
71.27.24.185 - - [10/Feb/2023:03:50:04 +0000] "GET /posts HTTP/1.1" 304 - "https://sciencecamp.host/feed" "Mozilla/5.0 (Macintosh; Intel Mac OS X 10_15_7) AppleWebKit/605.1.15 (KHTML, like Gecko) Version/16.2 Safari/605.1.15"
10.1.10.185 - - [10/Feb/2023:03:50:05 +0000] "GET /posts HTTP/1.1" 304 - "https://sciencecamp.host/feed" "Mozilla/5.0 (Macintosh; Intel Mac OS X 10_15_7) AppleWebKit/605.1.15 (KHTML, like Gecko) Version/16.2 Safari/605.1.15"
71.27.24.185 - - [10/Feb/2023:03:50:05 +0000] "GET /posts HTTP/1.1" 304 - "https://sciencecamp.host/feed" "Mozilla/5.0 (Macintosh; Intel Mac OS X 10_15_7) AppleWebKit/605.1.15 (KHTML, like Gecko) Version/16.2 Safari/605.1.15"
10.1.10.185 - - [10/Feb/2023:03:50:06 +0000] "GET /posts HTTP/1.1" 304 - "https://sciencecamp.host/feed" "Mozilla/5.0 (Macintosh; Intel Mac OS X 10_15_7) AppleWebKit/605.1.15 (KHTML, like Gecko) Version/16.2 Safari/605.1.15"
71.27.24.185 - - [10/Feb/2023:03:50:06 +0000] "GET /posts HTTP/1.1" 304 - "https://sciencecamp.host/feed" "Mozilla/5.0 (Macintosh; Intel Mac OS X 10_15_7) AppleWebKit/605.1.15 (KHTML, like Gecko) Version/16.2 Safari/605.1.15"
10.1.10.185 - - [10/Feb/2023:03:50:07 +0000] "GET /posts HTTP/1.1" 304 - "https://sciencecamp.host/feed" "Mozilla/5.0 (Macintosh; Intel Mac OS X 10_15_7) AppleWebKit/605.1.15 (KHTML, like Gecko) Version/16.2 Safari/605.1.15"
71.27.24.185 - - [10/Feb/2023:03:50:07 +0000] "GET /posts HTTP/1.1" 304 - "https://sciencecamp.host/feed" "Mozilla/5.0 (Macintosh; Intel Mac OS X 10_15_7) AppleWebKit/605.1.15 (KHTML, like Gecko) Version/16.2 Safari/605.1.15"
10.1.10.185 - - [10/Feb/2023:03:50:08 +0000] "GET /posts HTTP/1.1" 304 - "https://sciencecamp.host/feed" "Mozilla/5.0 (Macintosh; Intel Mac OS X 10_15_7) AppleWebKit/605.1.15 (KHTML, like Gecko) Version/16.2 Safari/605.1.15"
71.27.24.185 - - [10/Feb/2023:03:50:08 +0000] "GET /posts HTTP/1.1" 304 - "https://sciencecamp.host/feed" "Mozilla/5.0 (Macintosh; Intel Mac OS X 10_15_7) AppleWebKit/605.1.15 (KHTML, like Gecko) Version/16.2 Safari/605.1.15"
10.1.10.185 - - [10/Feb/2023:03:50:09 +0000] "GET /posts HTTP/1.1" 304 - "https://sciencecamp.host/feed" "Mozilla/5.0 (Macintosh; Intel Mac OS X 10_15_7) AppleWebKit/605.1.15 (KHTML, like Gecko) Version/16.2 Safari/605.1.15"
71.27.24.185 - - [10/Feb/2023:03:50:09 +0000] "GET /posts HTTP/1.1" 304 - "https://sciencecamp.host/feed" "Mozilla/5.0 (Macintosh; Intel Mac OS X 10_15_7) AppleWebKit/605.1.15 (KHTML, like Gecko) Version/16.2 Safari/605.1.15"
10.1.10.185 - - [10/Feb/2023:03:50:10 +0000] "GET /posts HTTP/1.1" 304 - "https://sciencecamp.host/feed" "Mozilla/5.0 (Macintosh; Intel Mac OS X 10_15_7) AppleWebKit/605.1.15 (KHTML, like Gecko) Version/16.2 Safari/605.1.15"
71.27.24.185 - - [10/Feb/2023:03:50:10 +0000] "GET /posts HTTP/1.1" 304 - "https://sciencecamp.host/feed" "Mozilla/5.0 (Macintosh; Intel Mac OS X 10_15_7) AppleWebKit/605.1.15 (KHTML, like Gecko) Version/16.2 Safari/605.1.15"
10.1.10.185 - - [10/Feb/2023:03:50:11 +0000] "GET /posts HTTP/1.1" 304 - "https://sciencecamp.host/feed" "Mozilla/5.0 (Macintosh; Intel Mac OS X 10_15_7) AppleWebKit/605.1.15 (KHTML, like Gecko) Version/16.2 Safari/605.1.15"
71.27.24.185 - - [10/Feb/2023:03:50:11 +0000] "GET /posts HTTP/1.1" 304 - "https://sciencecamp.host/feed" "Mozilla/5.0 (Macintosh; Intel Mac OS X 10_15_7) AppleWebKit/605.1.15 (KHTML, like Gecko) Version/16.2 Safari/605.1.15"
10.1.10.185 - - [10/Feb/2023:03:50:12 +0000] "GET /posts HTTP/1.1" 304 - "https://sciencecamp.host/feed" "Mozilla/5.0 (Macintosh; Intel Mac OS X 10_15_7) AppleWebKit/605.1.15 (KHTML, like Gecko) Version/16.2 Safari/605.1.15"
71.27.24.185 - - [10/Feb/2023:03:50:12 +0000] "GET /posts HTTP/1.1" 304 - "https://sciencecamp.host/feed" "Mozilla/5.0 (Macintosh; Intel Mac OS X 10_15_7) AppleWebKit/605.1.15 (KHTML, like Gecko) Version/16.2 Safari/605.1.15"
10.1.10.185 - - [10/Feb/2023:03:50:13 +0000] "GET /posts HTTP/1.1" 304 - "https://sciencecamp.host/feed" "Mozilla/5.0 (Macintosh; Intel Mac OS X 10_15_7) AppleWebKit/605.1.15 (KHTML, like Gecko) Version/16.2 Safari/605.1.15"
71.27.24.185 - - [10/Feb/2023:03:50:13 +0000] "GET /posts HTTP/1.1" 304 - "https://sciencecamp.host/feed" "Mozilla/5.0 (Macintosh; Intel Mac OS X 10_15_7) AppleWebKit/605.1.15 (KHTML, like Gecko) Version/16.2 Safari/605.1.15"
10.1.10.185 - - [10/Feb/2023:03:50:14 +0000] "GET /posts HTTP/1.1" 304 - "https://sciencecamp.host/feed" "Mozilla/5.0 (Macintosh; Intel Mac OS X 10_15_7) AppleWebKit/605.1.15 (KHTML, like Gecko) Version/16.2 Safari/605.1.15"
71.27.24.185 - - [10/Feb/2023:03:50:14 +0000] "GET /posts HTTP/1.1" 304 - "https://sciencecamp.host/feed" "Mozilla/5.0 (Macintosh; Intel Mac OS X 10_15_7) AppleWebKit/605.1.15 (KHTML, like Gecko) Version/16.2 Safari/605.1.15"
10.1.10.185 - - [10/Feb/2023:03:50:15 +0000] "GET /feed HTTP/1.1" 200 666 "https://sciencecamp.host/dash" "Mozilla/5.0 (Macintosh; Intel Mac OS X 10_15_7) AppleWebKit/605.1.15 (KHTML, like Gecko) Version/16.2 Safari/605.1.15"
10.1.10.185 - - [10/Feb/2023:03:50:15 +0000] "POST /api HTTP/1.1" 201 135 "https://sciencecamp.host/feed" "Mozilla/5.0 (Macintosh; Intel Mac OS X 10_15_7) AppleWebKit/605.1.15 (KHTML, like Gecko) Version/16.2 Safari/605.1.15"
10.1.10.185 - - [10/Feb/2023:03:50:15 +0000] "GET /posts HTTP/1.1" 304 - "https://sciencecamp.host/feed" "Mozilla/5.0 (Macintosh; Intel Mac OS X 10_15_7) AppleWebKit/605.1.15 (KHTML, like Gecko) Version/16.2 Safari/605.1.15"
71.27.24.185 - - [10/Feb/2023:03:50:15 +0000] "GET /posts HTTP/1.1" 304 - "https://sciencecamp.host/feed" "Mozilla/5.0 (Macintosh; Intel Mac OS X 10_15_7) AppleWebKit/605.1.15 (KHTML, like Gecko) Version/16.2 Safari/605.1.15"
10.1.10.185 - - [10/Feb/2023:03:50:16 +0000] "GET /posts HTTP/1.1" 304 - "https://sciencecamp.host/feed" "Mozilla/5.0 (Macintosh; Intel Mac OS X 10_15_7) AppleWebKit/605.1.15 (KHTML, like Gecko) Version/16.2 Safari/605.1.15"
71.27.24.185 - - [10/Feb/2023:03:50:16 +0000] "GET /posts HTTP/1.1" 304 - "https://sciencecamp.host/feed" "Mozilla/5.0 (Macintosh; Intel Mac OS X 10_15_7) AppleWebKit/605.1.15 (KHTML, like Gecko) Version/16.2 Safari/605.1.15"
10.1.10.185 - - [10/Feb/2023:03:50:17 +0000] "GET /posts HTTP/1.1" 304 - "https://sciencecamp.host/feed" "Mozilla/5.0 (Macintosh; Intel Mac OS X 10_15_7) AppleWebKit/605.1.15 (KHTML, like Gecko) Version/16.2 Safari/605.1.15"
71.27.24.185 - - [10/Feb/2023:03:50:17 +0000] "GET /posts HTTP/1.1" 304 - "https://sciencecamp.host/feed" "Mozilla/5.0 (Macintosh; Intel Mac OS X 10_15_7) AppleWebKit/605.1.15 (KHTML, like Gecko) Version/16.2 Safari/605.1.15"
10.1.10.185 - - [10/Feb/2023:03:50:18 +0000] "GET /posts HTTP/1.1" 304 - "https://sciencecamp.host/feed" "Mozilla/5.0 (Macintosh; Intel Mac OS X 10_15_7) AppleWebKit/605.1.15 (KHTML, like Gecko) Version/16.2 Safari/605.1.15"
71.27.24.185 - - [10/Feb/2023:03:50:18 +0000] "GET /posts HTTP/1.1" 304 - "https://sciencecamp.host/feed" "Mozilla/5.0 (Macintosh; Intel Mac OS X 10_15_7) AppleWebKit/605.1.15 (KHTML, like Gecko) Version/16.2 Safari/605.1.15"
10.1.10.185 - - [10/Feb/2023:03:50:19 +0000] "GET /posts HTTP/1.1" 304 - "https://sciencecamp.host/feed" "Mozilla/5.0 (Macintosh; Intel Mac OS X 10_15_7) AppleWebKit/605.1.15 (KHTML, like Gecko) Version/16.2 Safari/605.1.15"
71.27.24.185 - - [10/Feb/2023:03:50:19 +0000] "GET /posts HTTP/1.1" 304 - "https://sciencecamp.host/feed" "Mozilla/5.0 (Macintosh; Intel Mac OS X 10_15_7) AppleWebKit/605.1.15 (KHTML, like Gecko) Version/16.2 Safari/605.1.15"
10.1.10.185 - - [10/Feb/2023:03:50:20 +0000] "POST /online HTTP/1.1" 200 23258 "https://sciencecamp.host/dash" "Mozilla/5.0 (Macintosh; Intel Mac OS X 10_15_7) AppleWebKit/605.1.15 (KHTML, like Gecko) Version/16.2 Safari/605.1.15"
10.1.10.185 - - [10/Feb/2023:03:50:20 +0000] "GET /posts HTTP/1.1" 304 - "https://sciencecamp.host/dash" "Mozilla/5.0 (Macintosh; Intel Mac OS X 10_15_7) AppleWebKit/605.1.15 (KHTML, like Gecko) Version/16.2 Safari/605.1.15"
71.27.24.185 - - [10/Feb/2023:03:50:20 +0000] "GET /posts HTTP/1.1" 304 - "https://sciencecamp.host/feed" "Mozilla/5.0 (Macintosh; Intel Mac OS X 10_15_7) AppleWebKit/605.1.15 (KHTML, like Gecko) Version/16.2 Safari/605.1.15"
10.1.10.185 - - [10/Feb/2023:03:50:21 +0000] "GET /posts HTTP/1.1" 304 - "https://sciencecamp.host/dash" "Mozilla/5.0 (Macintosh; Intel Mac OS X 10_15_7) AppleWebKit/605.1.15 (KHTML, like Gecko) Version/16.2 Safari/605.1.15"
71.27.24.185 - - [10/Feb/2023:03:50:21 +0000] "GET /posts HTTP/1.1" 304 - "https://sciencecamp.host/feed" "Mozilla/5.0 (Macintosh; Intel Mac OS X 10_15_7) AppleWebKit/605.1.15 (KHTML, like Gecko) Version/16.2 Safari/605.1.15"
10.1.10.185 - - [10/Feb/2023:03:50:22 +0000] "GET /posts HTTP/1.1" 304 - "https://sciencecamp.host/login" "Mozilla/5.0 (Macintosh; Intel Mac OS X 10_15_7) AppleWebKit/605.1.15 (KHTML, like Gecko) Version/16.2 Safari/605.1.15"
71.27.24.185 - - [10/Feb/2023:03:50:22 +0000] "GET /posts HTTP/1.1" 304 - "https://sciencecamp.host/feed" "Mozilla/5.0 (Macintosh; Intel Mac OS X 10_15_7) AppleWebKit/605.1.15 (KHTML, like Gecko) Version/16.2 Safari/605.1.15"
10.1.10.185 - - [10/Feb/2023:03:50:23 +0000] "GET /posts HTTP/1.1" 304 - "https://sciencecamp.host/login" "Mozilla/5.0 (Macintosh; Intel Mac OS X 10_15_7) AppleWebKit/605.1.15 (KHTML, like Gecko) Version/16.2 Safari/605.1.15"
71.27.24.185 - - [10/Feb/2023:03:50:23 +0000] "GET /posts HTTP/1.1" 304 - "https://sciencecamp.host/feed" "Mozilla/5.0 (Macintosh; Intel Mac OS X 10_15_7) AppleWebKit/605.1.15 (KHTML, like Gecko) Version/16.2 Safari/605.1.15"
10.1.10.185 - - [10/Feb/2023:03:50:24 +0000] "GET /posts HTTP/1.1" 304 - "https://sciencecamp.host/login" "Mozilla/5.0 (Macintosh; Intel Mac OS X 10_15_7) AppleWebKit/605.1.15 (KHTML, like Gecko) Version/16.2 Safari/605.1.15"
71.27.24.185 - - [10/Feb/2023:03:50:24 +0000] "GET /posts HTTP/1.1" 304 - "https://sciencecamp.host/feed" "Mozilla/5.0 (Macintosh; Intel Mac OS X 10_15_7) AppleWebKit/605.1.15 (KHTML, like Gecko) Version/16.2 Safari/605.1.15"
10.1.10.185 - - [10/Feb/2023:03:50:25 +0000] "GET /posts HTTP/1.1" 304 - "https://sciencecamp.host/login" "Mozilla/5.0 (Macintosh; Intel Mac OS X 10_15_7) AppleWebKit/605.1.15 (KHTML, like Gecko) Version/16.2 Safari/605.1.15"
71.27.24.185 - - [10/Feb/2023:03:50:25 +0000] "GET /posts HTTP/1.1" 304 - "https://sciencecamp.host/feed" "Mozilla/5.0 (Macintosh; Intel Mac OS X 10_15_7) AppleWebKit/605.1.15 (KHTML, like Gecko) Version/16.2 Safari/605.1.15"
10.1.10.185 - - [10/Feb/2023:03:50:26 +0000] "GET /posts HTTP/1.1" 304 - "https://sciencecamp.host/login" "Mozilla/5.0 (Macintosh; Intel Mac OS X 10_15_7) AppleWebKit/605.1.15 (KHTML, like Gecko) Version/16.2 Safari/605.1.15"
71.27.24.185 - - [10/Feb/2023:03:50:26 +0000] "GET /posts HTTP/1.1" 304 - "https://sciencecamp.host/feed" "Mozilla/5.0 (Macintosh; Intel Mac OS X 10_15_7) AppleWebKit/605.1.15 (KHTML, like Gecko) Version/16.2 Safari/605.1.15"
10.1.10.185 - - [10/Feb/2023:03:50:26 +0000] "POST /login/auth/ HTTP/1.1" 200 94 "https://sciencecamp.host/login" "Mozilla/5.0 (Macintosh; Intel Mac OS X 10_15_7) AppleWebKit/605.1.15 (KHTML, like Gecko) Version/16.2 Safari/605.1.15"
10.1.10.185 - - [10/Feb/2023:03:50:27 +0000] "POST /online HTTP/1.1" 200 23355 "https://sciencecamp.host/dash" "Mozilla/5.0 (Macintosh; Intel Mac OS X 10_15_7) AppleWebKit/605.1.15 (KHTML, like Gecko) Version/16.2 Safari/605.1.15"
10.1.10.185 - - [10/Feb/2023:03:50:27 +0000] "GET /posts HTTP/1.1" 304 - "https://sciencecamp.host/dash" "Mozilla/5.0 (Macintosh; Intel Mac OS X 10_15_7) AppleWebKit/605.1.15 (KHTML, like Gecko) Version/16.2 Safari/605.1.15"
71.27.24.185 - - [10/Feb/2023:03:50:27 +0000] "GET /posts HTTP/1.1" 304 - "https://sciencecamp.host/feed" "Mozilla/5.0 (Macintosh; Intel Mac OS X 10_15_7) AppleWebKit/605.1.15 (KHTML, like Gecko) Version/16.2 Safari/605.1.15"
10.1.10.185 - - [10/Feb/2023:03:50:28 +0000] "GET /posts HTTP/1.1" 304 - "https://sciencecamp.host/dash" "Mozilla/5.0 (Macintosh; Intel Mac OS X 10_15_7) AppleWebKit/605.1.15 (KHTML, like Gecko) Version/16.2 Safari/605.1.15"
71.27.24.185 - - [10/Feb/2023:03:50:28 +0000] "GET /posts HTTP/1.1" 304 - "https://sciencecamp.host/feed" "Mozilla/5.0 (Macintosh; Intel Mac OS X 10_15_7) AppleWebKit/605.1.15 (KHTML, like Gecko) Version/16.2 Safari/605.1.15"
10.1.10.185 - - [10/Feb/2023:03:50:29 +0000] "GET /posts HTTP/1.1" 304 - "https://sciencecamp.host/dash" "Mozilla/5.0 (Macintosh; Intel Mac OS X 10_15_7) AppleWebKit/605.1.15 (KHTML, like Gecko) Version/16.2 Safari/605.1.15"
71.27.24.185 - - [10/Feb/2023:03:50:29 +0000] "GET /posts HTTP/1.1" 304 - "https://sciencecamp.host/feed" "Mozilla/5.0 (Macintosh; Intel Mac OS X 10_15_7) AppleWebKit/605.1.15 (KHTML, like Gecko) Version/16.2 Safari/605.1.15"
10.1.10.185 - - [10/Feb/2023:03:50:30 +0000] "GET /posts HTTP/1.1" 304 - "https://sciencecamp.host/dash" "Mozilla/5.0 (Macintosh; Intel Mac OS X 10_15_7) AppleWebKit/605.1.15 (KHTML, like Gecko) Version/16.2 Safari/605.1.15"
71.27.24.185 - - [10/Feb/2023:03:50:30 +0000] "GET /posts HTTP/1.1" 304 - "https://sciencecamp.host/feed" "Mozilla/5.0 (Macintosh; Intel Mac OS X 10_15_7) AppleWebKit/605.1.15 (KHTML, like Gecko) Version/16.2 Safari/605.1.15"
10.1.10.185 - - [10/Feb/2023:03:50:31 +0000] "GET /posts HTTP/1.1" 304 - "https://sciencecamp.host/dash" "Mozilla/5.0 (Macintosh; Intel Mac OS X 10_15_7) AppleWebKit/605.1.15 (KHTML, like Gecko) Version/16.2 Safari/605.1.15"
71.27.24.185 - - [10/Feb/2023:03:50:31 +0000] "GET /posts HTTP/1.1" 304 - "https://sciencecamp.host/feed" "Mozilla/5.0 (Macintosh; Intel Mac OS X 10_15_7) AppleWebKit/605.1.15 (KHTML, like Gecko) Version/16.2 Safari/605.1.15"
10.1.10.185 - - [10/Feb/2023:03:50:32 +0000] "GET /posts HTTP/1.1" 304 - "https://sciencecamp.host/dash" "Mozilla/5.0 (Macintosh; Intel Mac OS X 10_15_7) AppleWebKit/605.1.15 (KHTML, like Gecko) Version/16.2 Safari/605.1.15"
71.27.24.185 - - [10/Feb/2023:03:50:32 +0000] "GET /posts HTTP/1.1" 304 - "https://sciencecamp.host/feed" "Mozilla/5.0 (Macintosh; Intel Mac OS X 10_15_7) AppleWebKit/605.1.15 (KHTML, like Gecko) Version/16.2 Safari/605.1.15"
10.1.10.185 - - [10/Feb/2023:03:50:33 +0000] "GET /posts HTTP/1.1" 304 - "https://sciencecamp.host/dash" "Mozilla/5.0 (Macintosh; Intel Mac OS X 10_15_7) AppleWebKit/605.1.15 (KHTML, like Gecko) Version/16.2 Safari/605.1.15"
71.27.24.185 - - [10/Feb/2023:03:50:33 +0000] "GET /posts HTTP/1.1" 304 - "https://sciencecamp.host/feed" "Mozilla/5.0 (Macintosh; Intel Mac OS X 10_15_7) AppleWebKit/605.1.15 (KHTML, like Gecko) Version/16.2 Safari/605.1.15"
10.1.10.185 - - [10/Feb/2023:03:50:34 +0000] "GET /posts HTTP/1.1" 304 - "https://sciencecamp.host/dash" "Mozilla/5.0 (Macintosh; Intel Mac OS X 10_15_7) AppleWebKit/605.1.15 (KHTML, like Gecko) Version/16.2 Safari/605.1.15"
71.27.24.185 - - [10/Feb/2023:03:50:34 +0000] "GET /posts HTTP/1.1" 304 - "https://sciencecamp.host/feed" "Mozilla/5.0 (Macintosh; Intel Mac OS X 10_15_7) AppleWebKit/605.1.15 (KHTML, like Gecko) Version/16.2 Safari/605.1.15"
10.1.10.185 - - [10/Feb/2023:03:50:35 +0000] "GET /posts HTTP/1.1" 304 - "https://sciencecamp.host/dash" "Mozilla/5.0 (Macintosh; Intel Mac OS X 10_15_7) AppleWebKit/605.1.15 (KHTML, like Gecko) Version/16.2 Safari/605.1.15"
71.27.24.185 - - [10/Feb/2023:03:50:35 +0000] "GET /posts HTTP/1.1" 304 - "https://sciencecamp.host/feed" "Mozilla/5.0 (Macintosh; Intel Mac OS X 10_15_7) AppleWebKit/605.1.15 (KHTML, like Gecko) Version/16.2 Safari/605.1.15"
10.1.10.185 - - [10/Feb/2023:03:50:36 +0000] "GET /posts HTTP/1.1" 304 - "https://sciencecamp.host/dash" "Mozilla/5.0 (Macintosh; Intel Mac OS X 10_15_7) AppleWebKit/605.1.15 (KHTML, like Gecko) Version/16.2 Safari/605.1.15"
71.27.24.185 - - [10/Feb/2023:03:50:36 +0000] "GET /posts HTTP/1.1" 304 - "https://sciencecamp.host/feed" "Mozilla/5.0 (Macintosh; Intel Mac OS X 10_15_7) AppleWebKit/605.1.15 (KHTML, like Gecko) Version/16.2 Safari/605.1.15"
10.1.10.185 - - [10/Feb/2023:03:50:37 +0000] "GET /posts HTTP/1.1" 304 - "https://sciencecamp.host/feed" "Mozilla/5.0 (Macintosh; Intel Mac OS X 10_15_7) AppleWebKit/605.1.15 (KHTML, like Gecko) Version/16.2 Safari/605.1.15"
10.1.10.185 - - [10/Feb/2023:03:50:37 +0000] "GET /posts HTTP/1.1" 304 - "https://sciencecamp.host/feed" "Mozilla/5.0 (Macintosh; Intel Mac OS X 10_15_7) AppleWebKit/605.1.15 (KHTML, like Gecko) Version/16.2 Safari/605.1.15"
71.27.24.185 - - [10/Feb/2023:03:50:37 +0000] "GET /posts HTTP/1.1" 304 - "https://sciencecamp.host/feed" "Mozilla/5.0 (Macintosh; Intel Mac OS X 10_15_7) AppleWebKit/605.1.15 (KHTML, like Gecko) Version/16.2 Safari/605.1.15"
10.1.10.185 - - [10/Feb/2023:03:50:38 +0000] "GET /posts HTTP/1.1" 304 - "https://sciencecamp.host/feed" "Mozilla/5.0 (Macintosh; Intel Mac OS X 10_15_7) AppleWebKit/605.1.15 (KHTML, like Gecko) Version/16.2 Safari/605.1.15"
10.1.10.185 - - [10/Feb/2023:03:50:38 +0000] "GET /posts HTTP/1.1" 304 - "https://sciencecamp.host/feed" "Mozilla/5.0 (Macintosh; Intel Mac OS X 10_15_7) AppleWebKit/605.1.15 (KHTML, like Gecko) Version/16.2 Safari/605.1.15"
71.27.24.185 - - [10/Feb/2023:03:50:38 +0000] "GET /posts HTTP/1.1" 304 - "https://sciencecamp.host/feed" "Mozilla/5.0 (Macintosh; Intel Mac OS X 10_15_7) AppleWebKit/605.1.15 (KHTML, like Gecko) Version/16.2 Safari/605.1.15"
10.1.10.185 - - [10/Feb/2023:03:50:38 +0000] "POST /online HTTP/1.1" 200 23452 "https://sciencecamp.host/dash" "Mozilla/5.0 (Macintosh; Intel Mac OS X 10_15_7) AppleWebKit/605.1.15 (KHTML, like Gecko) Version/16.2 Safari/605.1.15"
10.1.10.185 - - [10/Feb/2023:03:50:39 +0000] "GET /posts HTTP/1.1" 304 - "https://sciencecamp.host/dash" "Mozilla/5.0 (Macintosh; Intel Mac OS X 10_15_7) AppleWebKit/605.1.15 (KHTML, like Gecko) Version/16.2 Safari/605.1.15"
10.1.10.185 - - [10/Feb/2023:03:50:39 +0000] "GET /posts HTTP/1.1" 304 - "https://sciencecamp.host/dash" "Mozilla/5.0 (Macintosh; Intel Mac OS X 10_15_7) AppleWebKit/605.1.15 (KHTML, like Gecko) Version/16.2 Safari/605.1.15"
71.27.24.185 - - [10/Feb/2023:03:50:39 +0000] "GET /posts HTTP/1.1" 304 - "https://sciencecamp.host/feed" "Mozilla/5.0 (Macintosh; Intel Mac OS X 10_15_7) AppleWebKit/605.1.15 (KHTML, like Gecko) Version/16.2 Safari/605.1.15"
10.1.10.185 - - [10/Feb/2023:03:50:40 +0000] "GET /posts HTTP/1.1" 304 - "https://sciencecamp.host/dash" "Mozilla/5.0 (Macintosh; Intel Mac OS X 10_15_7) AppleWebKit/605.1.15 (KHTML, like Gecko) Version/16.2 Safari/605.1.15"
10.1.10.185 - - [10/Feb/2023:03:50:40 +0000] "GET /posts HTTP/1.1" 304 - "https://sciencecamp.host/dash" "Mozilla/5.0 (Macintosh; Intel Mac OS X 10_15_7) AppleWebKit/605.1.15 (KHTML, like Gecko) Version/16.2 Safari/605.1.15"
71.27.24.185 - - [10/Feb/2023:03:50:40 +0000] "GET /posts HTTP/1.1" 304 - "https://sciencecamp.host/feed" "Mozilla/5.0 (Macintosh; Intel Mac OS X 10_15_7) AppleWebKit/605.1.15 (KHTML, like Gecko) Version/16.2 Safari/605.1.15"
10.1.10.185 - - [10/Feb/2023:03:50:41 +0000] "POST /dash HTTP/1.1" 200 6832 "https://sciencecamp.host/search" "Mozilla/5.0 (Macintosh; Intel Mac OS X 10_15_7) AppleWebKit/605.1.15 (KHTML, like Gecko) Version/16.2 Safari/605.1.15"
10.1.10.185 - - [10/Feb/2023:03:50:41 +0000] "GET /posts HTTP/1.1" 304 - "https://sciencecamp.host/search" "Mozilla/5.0 (Macintosh; Intel Mac OS X 10_15_7) AppleWebKit/605.1.15 (KHTML, like Gecko) Version/16.2 Safari/605.1.15"
10.1.10.185 - - [10/Feb/2023:03:50:41 +0000] "GET /posts HTTP/1.1" 304 - "https://sciencecamp.host/search" "Mozilla/5.0 (Macintosh; Intel Mac OS X 10_15_7) AppleWebKit/605.1.15 (KHTML, like Gecko) Version/16.2 Safari/605.1.15"
71.27.24.185 - - [10/Feb/2023:03:50:41 +0000] "GET /posts HTTP/1.1" 304 - "https://sciencecamp.host/feed" "Mozilla/5.0 (Macintosh; Intel Mac OS X 10_15_7) AppleWebKit/605.1.15 (KHTML, like Gecko) Version/16.2 Safari/605.1.15"
10.1.10.185 - - [10/Feb/2023:03:50:42 +0000] "GET /posts HTTP/1.1" 304 - "https://sciencecamp.host/search" "Mozilla/5.0 (Macintosh; Intel Mac OS X 10_15_7) AppleWebKit/605.1.15 (KHTML, like Gecko) Version/16.2 Safari/605.1.15"
10.1.10.185 - - [10/Feb/2023:03:50:42 +0000] "GET /posts HTTP/1.1" 304 - "https://sciencecamp.host/search" "Mozilla/5.0 (Macintosh; Intel Mac OS X 10_15_7) AppleWebKit/605.1.15 (KHTML, like Gecko) Version/16.2 Safari/605.1.15"
71.27.24.185 - - [10/Feb/2023:03:50:42 +0000] "GET /posts HTTP/1.1" 304 - "https://sciencecamp.host/feed" "Mozilla/5.0 (Macintosh; Intel Mac OS X 10_15_7) AppleWebKit/605.1.15 (KHTML, like Gecko) Version/16.2 Safari/605.1.15"
10.1.10.185 - - [10/Feb/2023:03:50:43 +0000] "GET /api/gray HTTP/1.1" 200 11 "https://sciencecamp.host/dash/gray" "Mozilla/5.0 (Macintosh; Intel Mac OS X 10_15_7) AppleWebKit/605.1.15 (KHTML, like Gecko) Version/16.2 Safari/605.1.15"
10.1.10.185 - - [10/Feb/2023:03:50:43 +0000] "GET /posts HTTP/1.1" 304 - "https://sciencecamp.host/dash/gray" "Mozilla/5.0 (Macintosh; Intel Mac OS X 10_15_7) AppleWebKit/605.1.15 (KHTML, like Gecko) Version/16.2 Safari/605.1.15"
10.1.10.185 - - [10/Feb/2023:03:50:43 +0000] "GET /posts HTTP/1.1" 304 - "https://sciencecamp.host/dash/gray" "Mozilla/5.0 (Macintosh; Intel Mac OS X 10_15_7) AppleWebKit/605.1.15 (KHTML, like Gecko) Version/16.2 Safari/605.1.15"
71.27.24.185 - - [10/Feb/2023:03:50:43 +0000] "GET /posts HTTP/1.1" 304 - "https://sciencecamp.host/feed" "Mozilla/5.0 (Macintosh; Intel Mac OS X 10_15_7) AppleWebKit/605.1.15 (KHTML, like Gecko) Version/16.2 Safari/605.1.15"
10.1.10.185 - - [10/Feb/2023:03:50:44 +0000] "GET /posts HTTP/1.1" 304 - "https://sciencecamp.host/dash/gray" "Mozilla/5.0 (Macintosh; Intel Mac OS X 10_15_7) AppleWebKit/605.1.15 (KHTML, like Gecko) Version/16.2 Safari/605.1.15"
10.1.10.185 - - [10/Feb/2023:03:50:44 +0000] "GET /posts HTTP/1.1" 304 - "https://sciencecamp.host/dash/gray" "Mozilla/5.0 (Macintosh; Intel Mac OS X 10_15_7) AppleWebKit/605.1.15 (KHTML, like Gecko) Version/16.2 Safari/605.1.15"
71.27.24.185 - - [10/Feb/2023:03:50:44 +0000] "GET /posts HTTP/1.1" 304 - "https://sciencecamp.host/feed" "Mozilla/5.0 (Macintosh; Intel Mac OS X 10_15_7) AppleWebKit/605.1.15 (KHTML, like Gecko) Version/16.2 Safari/605.1.15"
10.1.10.185 - - [10/Feb/2023:03:50:45 +0000] "POST /dash HTTP/1.1" 200 6832 "https://sciencecamp.host/search" "Mozilla/5.0 (Macintosh; Intel Mac OS X 10_15_7) AppleWebKit/605.1.15 (KHTML, like Gecko) Version/16.2 Safari/605.1.15"
10.1.10.185 - - [10/Feb/2023:03:50:45 +0000] "GET /posts HTTP/1.1" 304 - "https://sciencecamp.host/search" "Mozilla/5.0 (Macintosh; Intel Mac OS X 10_15_7) AppleWebKit/605.1.15 (KHTML, like Gecko) Version/16.2 Safari/605.1.15"
10.1.10.185 - - [10/Feb/2023:03:50:45 +0000] "GET /posts HTTP/1.1" 304 - "https://sciencecamp.host/search" "Mozilla/5.0 (Macintosh; Intel Mac OS X 10_15_7) AppleWebKit/605.1.15 (KHTML, like Gecko) Version/16.2 Safari/605.1.15"
71.27.24.185 - - [10/Feb/2023:03:50:45 +0000] "GET /posts HTTP/1.1" 304 - "https://sciencecamp.host/feed" "Mozilla/5.0 (Macintosh; Intel Mac OS X 10_15_7) AppleWebKit/605.1.15 (KHTML, like Gecko) Version/16.2 Safari/605.1.15"
10.1.10.185 - - [10/Feb/2023:03:50:46 +0000] "GET /posts HTTP/1.1" 304 - "https://sciencecamp.host/search" "Mozilla/5.0 (Macintosh; Intel Mac OS X 10_15_7) AppleWebKit/605.1.15 (KHTML, like Gecko) Version/16.2 Safari/605.1.15"
10.1.10.185 - - [10/Feb/2023:03:50:46 +0000] "GET /posts HTTP/1.1" 304 - "https://sciencecamp.host/search" "Mozilla/5.0 (Macintosh; Intel Mac OS X 10_15_7) AppleWebKit/605.1.15 (KHTML, like Gecko) Version/16.2 Safari/605.1.15"
10.1.10.185 - - [10/Feb/2023:03:50:46 +0000] "GET /api/ty HTTP/1.1" 304 - "https://sciencecamp.host/dash/ty" "Mozilla/5.0 (Macintosh; Intel Mac OS X 10_15_7) AppleWebKit/605.1.15 (KHTML, like Gecko) Version/16.2 Safari/605.1.15"
71.27.24.185 - - [10/Feb/2023:03:50:46 +0000] "GET /posts HTTP/1.1" 304 - "https://sciencecamp.host/feed" "Mozilla/5.0 (Macintosh; Intel Mac OS X 10_15_7) AppleWebKit/605.1.15 (KHTML, like Gecko) Version/16.2 Safari/605.1.15"
10.1.10.185 - - [10/Feb/2023:03:50:47 +0000] "GET /posts HTTP/1.1" 304 - "https://sciencecamp.host/dash/ty" "Mozilla/5.0 (Macintosh; Intel Mac OS X 10_15_7) AppleWebKit/605.1.15 (KHTML, like Gecko) Version/16.2 Safari/605.1.15"
10.1.10.185 - - [10/Feb/2023:03:50:47 +0000] "GET /posts HTTP/1.1" 304 - "https://sciencecamp.host/dash/ty" "Mozilla/5.0 (Macintosh; Intel Mac OS X 10_15_7) AppleWebKit/605.1.15 (KHTML, like Gecko) Version/16.2 Safari/605.1.15"
71.27.24.185 - - [10/Feb/2023:03:50:47 +0000] "GET /posts HTTP/1.1" 304 - "https://sciencecamp.host/feed" "Mozilla/5.0 (Macintosh; Intel Mac OS X 10_15_7) AppleWebKit/605.1.15 (KHTML, like Gecko) Version/16.2 Safari/605.1.15"
10.1.10.185 - - [10/Feb/2023:03:50:48 +0000] "GET /posts HTTP/1.1" 304 - "https://sciencecamp.host/dash/ty" "Mozilla/5.0 (Macintosh; Intel Mac OS X 10_15_7) AppleWebKit/605.1.15 (KHTML, like Gecko) Version/16.2 Safari/605.1.15"
10.1.10.185 - - [10/Feb/2023:03:50:48 +0000] "GET /posts HTTP/1.1" 304 - "https://sciencecamp.host/dash/ty" "Mozilla/5.0 (Macintosh; Intel Mac OS X 10_15_7) AppleWebKit/605.1.15 (KHTML, like Gecko) Version/16.2 Safari/605.1.15"
71.27.24.185 - - [10/Feb/2023:03:50:48 +0000] "GET /posts HTTP/1.1" 304 - "https://sciencecamp.host/feed" "Mozilla/5.0 (Macintosh; Intel Mac OS X 10_15_7) AppleWebKit/605.1.15 (KHTML, like Gecko) Version/16.2 Safari/605.1.15"
10.1.10.185 - - [10/Feb/2023:03:50:49 +0000] "GET /posts HTTP/1.1" 304 - "https://sciencecamp.host/dash/ty" "Mozilla/5.0 (Macintosh; Intel Mac OS X 10_15_7) AppleWebKit/605.1.15 (KHTML, like Gecko) Version/16.2 Safari/605.1.15"
10.1.10.185 - - [10/Feb/2023:03:50:49 +0000] "GET /posts HTTP/1.1" 304 - "https://sciencecamp.host/dash/ty" "Mozilla/5.0 (Macintosh; Intel Mac OS X 10_15_7) AppleWebKit/605.1.15 (KHTML, like Gecko) Version/16.2 Safari/605.1.15"
71.27.24.185 - - [10/Feb/2023:03:50:49 +0000] "GET /posts HTTP/1.1" 304 - "https://sciencecamp.host/feed" "Mozilla/5.0 (Macintosh; Intel Mac OS X 10_15_7) AppleWebKit/605.1.15 (KHTML, like Gecko) Version/16.2 Safari/605.1.15"
10.1.10.185 - - [10/Feb/2023:03:50:50 +0000] "GET /posts HTTP/1.1" 304 - "https://sciencecamp.host/dash/ty" "Mozilla/5.0 (Macintosh; Intel Mac OS X 10_15_7) AppleWebKit/605.1.15 (KHTML, like Gecko) Version/16.2 Safari/605.1.15"
10.1.10.185 - - [10/Feb/2023:03:50:50 +0000] "GET /posts HTTP/1.1" 304 - "https://sciencecamp.host/dash/ty" "Mozilla/5.0 (Macintosh; Intel Mac OS X 10_15_7) AppleWebKit/605.1.15 (KHTML, like Gecko) Version/16.2 Safari/605.1.15"
71.27.24.185 - - [10/Feb/2023:03:50:50 +0000] "GET /posts HTTP/1.1" 304 - "https://sciencecamp.host/feed" "Mozilla/5.0 (Macintosh; Intel Mac OS X 10_15_7) AppleWebKit/605.1.15 (KHTML, like Gecko) Version/16.2 Safari/605.1.15"
10.1.10.185 - - [10/Feb/2023:03:50:51 +0000] "GET /posts HTTP/1.1" 304 - "https://sciencecamp.host/dash/ty" "Mozilla/5.0 (Macintosh; Intel Mac OS X 10_15_7) AppleWebKit/605.1.15 (KHTML, like Gecko) Version/16.2 Safari/605.1.15"
10.1.10.185 - - [10/Feb/2023:03:50:51 +0000] "GET /posts HTTP/1.1" 304 - "https://sciencecamp.host/dash/ty" "Mozilla/5.0 (Macintosh; Intel Mac OS X 10_15_7) AppleWebKit/605.1.15 (KHTML, like Gecko) Version/16.2 Safari/605.1.15"
71.27.24.185 - - [10/Feb/2023:03:50:51 +0000] "GET /posts HTTP/1.1" 304 - "https://sciencecamp.host/feed" "Mozilla/5.0 (Macintosh; Intel Mac OS X 10_15_7) AppleWebKit/605.1.15 (KHTML, like Gecko) Version/16.2 Safari/605.1.15"
10.1.10.185 - - [10/Feb/2023:03:50:52 +0000] "GET /posts HTTP/1.1" 304 - "https://sciencecamp.host/dash/ty" "Mozilla/5.0 (Macintosh; Intel Mac OS X 10_15_7) AppleWebKit/605.1.15 (KHTML, like Gecko) Version/16.2 Safari/605.1.15"
10.1.10.185 - - [10/Feb/2023:03:50:52 +0000] "GET /posts HTTP/1.1" 304 - "https://sciencecamp.host/dash/ty" "Mozilla/5.0 (Macintosh; Intel Mac OS X 10_15_7) AppleWebKit/605.1.15 (KHTML, like Gecko) Version/16.2 Safari/605.1.15"
71.27.24.185 - - [10/Feb/2023:03:50:52 +0000] "GET /posts HTTP/1.1" 304 - "https://sciencecamp.host/feed" "Mozilla/5.0 (Macintosh; Intel Mac OS X 10_15_7) AppleWebKit/605.1.15 (KHTML, like Gecko) Version/16.2 Safari/605.1.15"
10.1.10.185 - - [10/Feb/2023:03:50:53 +0000] "GET /posts HTTP/1.1" 304 - "https://sciencecamp.host/dash/ty" "Mozilla/5.0 (Macintosh; Intel Mac OS X 10_15_7) AppleWebKit/605.1.15 (KHTML, like Gecko) Version/16.2 Safari/605.1.15"
10.1.10.185 - - [10/Feb/2023:03:50:53 +0000] "GET /posts HTTP/1.1" 304 - "https://sciencecamp.host/dash/ty" "Mozilla/5.0 (Macintosh; Intel Mac OS X 10_15_7) AppleWebKit/605.1.15 (KHTML, like Gecko) Version/16.2 Safari/605.1.15"
71.27.24.185 - - [10/Feb/2023:03:50:53 +0000] "GET /posts HTTP/1.1" 304 - "https://sciencecamp.host/feed" "Mozilla/5.0 (Macintosh; Intel Mac OS X 10_15_7) AppleWebKit/605.1.15 (KHTML, like Gecko) Version/16.2 Safari/605.1.15"
10.1.10.185 - - [10/Feb/2023:03:50:54 +0000] "GET /posts HTTP/1.1" 304 - "https://sciencecamp.host/dash/ty" "Mozilla/5.0 (Macintosh; Intel Mac OS X 10_15_7) AppleWebKit/605.1.15 (KHTML, like Gecko) Version/16.2 Safari/605.1.15"
10.1.10.185 - - [10/Feb/2023:03:50:54 +0000] "GET /posts HTTP/1.1" 304 - "https://sciencecamp.host/dash/ty" "Mozilla/5.0 (Macintosh; Intel Mac OS X 10_15_7) AppleWebKit/605.1.15 (KHTML, like Gecko) Version/16.2 Safari/605.1.15"
71.27.24.185 - - [10/Feb/2023:03:50:54 +0000] "GET /posts HTTP/1.1" 304 - "https://sciencecamp.host/feed" "Mozilla/5.0 (Macintosh; Intel Mac OS X 10_15_7) AppleWebKit/605.1.15 (KHTML, like Gecko) Version/16.2 Safari/605.1.15"
10.1.10.185 - - [10/Feb/2023:03:50:55 +0000] "GET /posts HTTP/1.1" 304 - "https://sciencecamp.host/dash/ty" "Mozilla/5.0 (Macintosh; Intel Mac OS X 10_15_7) AppleWebKit/605.1.15 (KHTML, like Gecko) Version/16.2 Safari/605.1.15"
10.1.10.185 - - [10/Feb/2023:03:50:55 +0000] "GET /posts HTTP/1.1" 304 - "https://sciencecamp.host/" "Mozilla/5.0 (Macintosh; Intel Mac OS X 10_15_7) AppleWebKit/605.1.15 (KHTML, like Gecko) Version/16.2 Safari/605.1.15"
71.27.24.185 - - [10/Feb/2023:03:50:55 +0000] "GET /posts HTTP/1.1" 304 - "https://sciencecamp.host/feed" "Mozilla/5.0 (Macintosh; Intel Mac OS X 10_15_7) AppleWebKit/605.1.15 (KHTML, like Gecko) Version/16.2 Safari/605.1.15"
10.1.10.185 - - [10/Feb/2023:03:50:56 +0000] "GET /posts HTTP/1.1" - - "https://sciencecamp.host/" "Mozilla/5.0 (Macintosh; Intel Mac OS X 10_15_7) AppleWebKit/605.1.15 (KHTML, like Gecko) Version/16.2 Safari/605.1.15"
10.1.10.185 - - [10/Feb/2023:03:50:56 +0000] "POST /api HTTP/1.1" - - "https://sciencecamp.host/" "Mozilla/5.0 (Macintosh; Intel Mac OS X 10_15_7) AppleWebKit/605.1.15 (KHTML, like Gecko) Version/16.2 Safari/605.1.15"
10.1.10.185 - - [10/Feb/2023:03:50:56 +0000] "GET /dash HTTP/1.1" 200 666 "https://sciencecamp.host/" "Mozilla/5.0 (Macintosh; Intel Mac OS X 10_15_7) AppleWebKit/605.1.15 (KHTML, like Gecko) Version/16.2 Safari/605.1.15"
10.1.10.185 - - [10/Feb/2023:03:50:56 +0000] "POST /api HTTP/1.1" 201 135 "https://sciencecamp.host/dash" "Mozilla/5.0 (Macintosh; Intel Mac OS X 10_15_7) AppleWebKit/605.1.15 (KHTML, like Gecko) Version/16.2 Safari/605.1.15"
71.27.24.185 - - [10/Feb/2023:03:50:56 +0000] "GET /posts HTTP/1.1" 304 - "https://sciencecamp.host/feed" "Mozilla/5.0 (Macintosh; Intel Mac OS X 10_15_7) AppleWebKit/605.1.15 (KHTML, like Gecko) Version/16.2 Safari/605.1.15"
10.1.10.185 - - [10/Feb/2023:03:50:56 +0000] "POST /online HTTP/1.1" 200 23549 "https://sciencecamp.host/dash" "Mozilla/5.0 (Macintosh; Intel Mac OS X 10_15_7) AppleWebKit/605.1.15 (KHTML, like Gecko) Version/16.2 Safari/605.1.15"
71.27.24.185 - - [10/Feb/2023:03:50:57 +0000] "GET /posts HTTP/1.1" 304 - "https://sciencecamp.host/feed" "Mozilla/5.0 (Macintosh; Intel Mac OS X 10_15_7) AppleWebKit/605.1.15 (KHTML, like Gecko) Version/16.2 Safari/605.1.15"
71.27.24.185 - - [10/Feb/2023:03:50:58 +0000] "GET /posts HTTP/1.1" 304 - "https://sciencecamp.host/feed" "Mozilla/5.0 (Macintosh; Intel Mac OS X 10_15_7) AppleWebKit/605.1.15 (KHTML, like Gecko) Version/16.2 Safari/605.1.15"
71.27.24.185 - - [10/Feb/2023:03:50:59 +0000] "GET /posts HTTP/1.1" 304 - "https://sciencecamp.host/feed" "Mozilla/5.0 (Macintosh; Intel Mac OS X 10_15_7) AppleWebKit/605.1.15 (KHTML, like Gecko) Version/16.2 Safari/605.1.15"
71.27.24.185 - - [10/Feb/2023:03:51:00 +0000] "GET /posts HTTP/1.1" 304 - "https://sciencecamp.host/feed" "Mozilla/5.0 (Macintosh; Intel Mac OS X 10_15_7) AppleWebKit/605.1.15 (KHTML, like Gecko) Version/16.2 Safari/605.1.15"
71.27.24.185 - - [10/Feb/2023:03:51:01 +0000] "GET /posts HTTP/1.1" 304 - "https://sciencecamp.host/feed" "Mozilla/5.0 (Macintosh; Intel Mac OS X 10_15_7) AppleWebKit/605.1.15 (KHTML, like Gecko) Version/16.2 Safari/605.1.15"
71.27.24.185 - - [10/Feb/2023:03:51:02 +0000] "GET /posts HTTP/1.1" 304 - "https://sciencecamp.host/feed" "Mozilla/5.0 (Macintosh; Intel Mac OS X 10_15_7) AppleWebKit/605.1.15 (KHTML, like Gecko) Version/16.2 Safari/605.1.15"
71.27.24.185 - - [10/Feb/2023:03:51:03 +0000] "GET /posts HTTP/1.1" 304 - "https://sciencecamp.host/feed" "Mozilla/5.0 (Macintosh; Intel Mac OS X 10_15_7) AppleWebKit/605.1.15 (KHTML, like Gecko) Version/16.2 Safari/605.1.15"
71.27.24.185 - - [10/Feb/2023:03:51:04 +0000] "GET /posts HTTP/1.1" 304 - "https://sciencecamp.host/feed" "Mozilla/5.0 (Macintosh; Intel Mac OS X 10_15_7) AppleWebKit/605.1.15 (KHTML, like Gecko) Version/16.2 Safari/605.1.15"
71.27.24.185 - - [10/Feb/2023:03:51:05 +0000] "GET /posts HTTP/1.1" 304 - "https://sciencecamp.host/feed" "Mozilla/5.0 (Macintosh; Intel Mac OS X 10_15_7) AppleWebKit/605.1.15 (KHTML, like Gecko) Version/16.2 Safari/605.1.15"
71.27.24.185 - - [10/Feb/2023:03:51:06 +0000] "GET /posts HTTP/1.1" 304 - "https://sciencecamp.host/feed" "Mozilla/5.0 (Macintosh; Intel Mac OS X 10_15_7) AppleWebKit/605.1.15 (KHTML, like Gecko) Version/16.2 Safari/605.1.15"
71.27.24.185 - - [10/Feb/2023:03:51:07 +0000] "GET /posts HTTP/1.1" 304 - "https://sciencecamp.host/feed" "Mozilla/5.0 (Macintosh; Intel Mac OS X 10_15_7) AppleWebKit/605.1.15 (KHTML, like Gecko) Version/16.2 Safari/605.1.15"
71.27.24.185 - - [10/Feb/2023:03:51:08 +0000] "GET /posts HTTP/1.1" 304 - "https://sciencecamp.host/feed" "Mozilla/5.0 (Macintosh; Intel Mac OS X 10_15_7) AppleWebKit/605.1.15 (KHTML, like Gecko) Version/16.2 Safari/605.1.15"
71.27.24.185 - - [10/Feb/2023:03:51:09 +0000] "GET /posts HTTP/1.1" 304 - "https://sciencecamp.host/feed" "Mozilla/5.0 (Macintosh; Intel Mac OS X 10_15_7) AppleWebKit/605.1.15 (KHTML, like Gecko) Version/16.2 Safari/605.1.15"
71.27.24.185 - - [10/Feb/2023:03:51:10 +0000] "GET /posts HTTP/1.1" 304 - "https://sciencecamp.host/feed" "Mozilla/5.0 (Macintosh; Intel Mac OS X 10_15_7) AppleWebKit/605.1.15 (KHTML, like Gecko) Version/16.2 Safari/605.1.15"
10.1.10.185 - - [10/Feb/2023:03:51:10 +0000] "GET /dash HTTP/1.1" 304 - "https://sciencecamp.host/dash" "Mozilla/5.0 (Macintosh; Intel Mac OS X 10_15_7) AppleWebKit/605.1.15 (KHTML, like Gecko) Version/16.2 Safari/605.1.15"
10.1.10.185 - - [10/Feb/2023:03:51:10 +0000] "POST /api HTTP/1.1" 201 135 "https://sciencecamp.host/dash" "Mozilla/5.0 (Macintosh; Intel Mac OS X 10_15_7) AppleWebKit/605.1.15 (KHTML, like Gecko) Version/16.2 Safari/605.1.15"
10.1.10.185 - - [10/Feb/2023:03:51:10 +0000] "POST /online HTTP/1.1" 200 23646 "https://sciencecamp.host/dash" "Mozilla/5.0 (Macintosh; Intel Mac OS X 10_15_7) AppleWebKit/605.1.15 (KHTML, like Gecko) Version/16.2 Safari/605.1.15"
71.27.24.185 - - [10/Feb/2023:03:51:11 +0000] "GET /posts HTTP/1.1" 304 - "https://sciencecamp.host/feed" "Mozilla/5.0 (Macintosh; Intel Mac OS X 10_15_7) AppleWebKit/605.1.15 (KHTML, like Gecko) Version/16.2 Safari/605.1.15"
10.1.10.185 - - [10/Feb/2023:03:51:12 +0000] "GET /posts HTTP/1.1" 304 - "https://sciencecamp.host/feed" "Mozilla/5.0 (Macintosh; Intel Mac OS X 10_15_7) AppleWebKit/605.1.15 (KHTML, like Gecko) Version/16.2 Safari/605.1.15"
71.27.24.185 - - [10/Feb/2023:03:51:12 +0000] "GET /posts HTTP/1.1" 304 - "https://sciencecamp.host/feed" "Mozilla/5.0 (Macintosh; Intel Mac OS X 10_15_7) AppleWebKit/605.1.15 (KHTML, like Gecko) Version/16.2 Safari/605.1.15"
10.1.10.185 - - [10/Feb/2023:03:51:13 +0000] "GET /posts HTTP/1.1" 304 - "https://sciencecamp.host/feed" "Mozilla/5.0 (Macintosh; Intel Mac OS X 10_15_7) AppleWebKit/605.1.15 (KHTML, like Gecko) Version/16.2 Safari/605.1.15"
10.1.10.185 - - [10/Feb/2023:03:51:13 +0000] "GET /feed HTTP/1.1" 200 666 "https://sciencecamp.host/dash" "Mozilla/5.0 (Macintosh; Intel Mac OS X 10_15_7) AppleWebKit/605.1.15 (KHTML, like Gecko) Version/16.2 Safari/605.1.15"
10.1.10.185 - - [10/Feb/2023:03:51:13 +0000] "POST /api HTTP/1.1" 201 135 "https://sciencecamp.host/feed" "Mozilla/5.0 (Macintosh; Intel Mac OS X 10_15_7) AppleWebKit/605.1.15 (KHTML, like Gecko) Version/16.2 Safari/605.1.15"
10.1.10.185 - - [10/Feb/2023:03:51:13 +0000] "GET /posts HTTP/1.1" 304 - "https://sciencecamp.host/feed" "Mozilla/5.0 (Macintosh; Intel Mac OS X 10_15_7) AppleWebKit/605.1.15 (KHTML, like Gecko) Version/16.2 Safari/605.1.15"
71.27.24.185 - - [10/Feb/2023:03:51:13 +0000] "GET /posts HTTP/1.1" 304 - "https://sciencecamp.host/feed" "Mozilla/5.0 (Macintosh; Intel Mac OS X 10_15_7) AppleWebKit/605.1.15 (KHTML, like Gecko) Version/16.2 Safari/605.1.15"
71.27.24.185 - - [10/Feb/2023:03:51:14 +0000] "GET /posts HTTP/1.1" 304 - "https://sciencecamp.host/feed" "Mozilla/5.0 (Macintosh; Intel Mac OS X 10_15_7) AppleWebKit/605.1.15 (KHTML, like Gecko) Version/16.2 Safari/605.1.15"
10.1.10.185 - - [10/Feb/2023:03:51:14 +0000] "GET /posts HTTP/1.1" 304 - "https://sciencecamp.host/feed" "Mozilla/5.0 (Macintosh; Intel Mac OS X 10_15_7) AppleWebKit/605.1.15 (KHTML, like Gecko) Version/16.2 Safari/605.1.15"
10.1.10.185 - - [10/Feb/2023:03:51:14 +0000] "POST /online HTTP/1.1" 200 23743 "https://sciencecamp.host/dash" "Mozilla/5.0 (Macintosh; Intel Mac OS X 10_15_7) AppleWebKit/605.1.15 (KHTML, like Gecko) Version/16.2 Safari/605.1.15"
71.27.24.185 - - [10/Feb/2023:03:51:15 +0000] "GET /posts HTTP/1.1" 304 - "https://sciencecamp.host/feed" "Mozilla/5.0 (Macintosh; Intel Mac OS X 10_15_7) AppleWebKit/605.1.15 (KHTML, like Gecko) Version/16.2 Safari/605.1.15"
10.1.10.185 - - [10/Feb/2023:03:51:15 +0000] "GET /posts HTTP/1.1" 304 - "https://sciencecamp.host/dash" "Mozilla/5.0 (Macintosh; Intel Mac OS X 10_15_7) AppleWebKit/605.1.15 (KHTML, like Gecko) Version/16.2 Safari/605.1.15"
10.1.10.185 - - [10/Feb/2023:03:51:16 +0000] "GET /posts HTTP/1.1" 304 - "https://sciencecamp.host/dash" "Mozilla/5.0 (Macintosh; Intel Mac OS X 10_15_7) AppleWebKit/605.1.15 (KHTML, like Gecko) Version/16.2 Safari/605.1.15"
71.27.24.185 - - [10/Feb/2023:03:51:16 +0000] "GET /posts HTTP/1.1" 304 - "https://sciencecamp.host/feed" "Mozilla/5.0 (Macintosh; Intel Mac OS X 10_15_7) AppleWebKit/605.1.15 (KHTML, like Gecko) Version/16.2 Safari/605.1.15"
10.1.10.185 - - [10/Feb/2023:03:51:17 +0000] "GET /posts HTTP/1.1" 304 - "https://sciencecamp.host/dash" "Mozilla/5.0 (Macintosh; Intel Mac OS X 10_15_7) AppleWebKit/605.1.15 (KHTML, like Gecko) Version/16.2 Safari/605.1.15"
71.27.24.185 - - [10/Feb/2023:03:51:17 +0000] "GET /posts HTTP/1.1" 304 - "https://sciencecamp.host/feed" "Mozilla/5.0 (Macintosh; Intel Mac OS X 10_15_7) AppleWebKit/605.1.15 (KHTML, like Gecko) Version/16.2 Safari/605.1.15"
71.27.24.185 - - [10/Feb/2023:03:51:18 +0000] "GET /posts HTTP/1.1" 304 - "https://sciencecamp.host/feed" "Mozilla/5.0 (Macintosh; Intel Mac OS X 10_15_7) AppleWebKit/605.1.15 (KHTML, like Gecko) Version/16.2 Safari/605.1.15"
10.1.10.185 - - [10/Feb/2023:03:51:18 +0000] "GET /posts HTTP/1.1" 304 - "https://sciencecamp.host/dash" "Mozilla/5.0 (Macintosh; Intel Mac OS X 10_15_7) AppleWebKit/605.1.15 (KHTML, like Gecko) Version/16.2 Safari/605.1.15"
10.1.10.185 - - [10/Feb/2023:03:51:19 +0000] "GET /posts HTTP/1.1" 304 - "https://sciencecamp.host/dash" "Mozilla/5.0 (Macintosh; Intel Mac OS X 10_15_7) AppleWebKit/605.1.15 (KHTML, like Gecko) Version/16.2 Safari/605.1.15"
71.27.24.185 - - [10/Feb/2023:03:51:19 +0000] "GET /posts HTTP/1.1" 304 - "https://sciencecamp.host/feed" "Mozilla/5.0 (Macintosh; Intel Mac OS X 10_15_7) AppleWebKit/605.1.15 (KHTML, like Gecko) Version/16.2 Safari/605.1.15"
71.27.24.185 - - [10/Feb/2023:03:51:20 +0000] "GET /posts HTTP/1.1" 304 - "https://sciencecamp.host/feed" "Mozilla/5.0 (Macintosh; Intel Mac OS X 10_15_7) AppleWebKit/605.1.15 (KHTML, like Gecko) Version/16.2 Safari/605.1.15"
10.1.10.185 - - [10/Feb/2023:03:51:20 +0000] "GET /posts HTTP/1.1" 304 - "https://sciencecamp.host/dash" "Mozilla/5.0 (Macintosh; Intel Mac OS X 10_15_7) AppleWebKit/605.1.15 (KHTML, like Gecko) Version/16.2 Safari/605.1.15"
71.27.24.185 - - [10/Feb/2023:03:51:21 +0000] "GET /posts HTTP/1.1" 304 - "https://sciencecamp.host/feed" "Mozilla/5.0 (Macintosh; Intel Mac OS X 10_15_7) AppleWebKit/605.1.15 (KHTML, like Gecko) Version/16.2 Safari/605.1.15"
10.1.10.185 - - [10/Feb/2023:03:51:21 +0000] "GET /posts HTTP/1.1" 304 - "https://sciencecamp.host/dash" "Mozilla/5.0 (Macintosh; Intel Mac OS X 10_15_7) AppleWebKit/605.1.15 (KHTML, like Gecko) Version/16.2 Safari/605.1.15"
10.1.10.185 - - [10/Feb/2023:03:51:22 +0000] "GET /posts HTTP/1.1" 304 - "https://sciencecamp.host/dash" "Mozilla/5.0 (Macintosh; Intel Mac OS X 10_15_7) AppleWebKit/605.1.15 (KHTML, like Gecko) Version/16.2 Safari/605.1.15"
71.27.24.185 - - [10/Feb/2023:03:51:22 +0000] "GET /posts HTTP/1.1" 304 - "https://sciencecamp.host/feed" "Mozilla/5.0 (Macintosh; Intel Mac OS X 10_15_7) AppleWebKit/605.1.15 (KHTML, like Gecko) Version/16.2 Safari/605.1.15"
71.27.24.185 - - [10/Feb/2023:03:51:23 +0000] "GET /posts HTTP/1.1" 304 - "https://sciencecamp.host/feed" "Mozilla/5.0 (Macintosh; Intel Mac OS X 10_15_7) AppleWebKit/605.1.15 (KHTML, like Gecko) Version/16.2 Safari/605.1.15"
10.1.10.185 - - [10/Feb/2023:03:51:23 +0000] "GET /posts HTTP/1.1" 304 - "https://sciencecamp.host/dash" "Mozilla/5.0 (Macintosh; Intel Mac OS X 10_15_7) AppleWebKit/605.1.15 (KHTML, like Gecko) Version/16.2 Safari/605.1.15"
71.27.24.185 - - [10/Feb/2023:03:51:24 +0000] "GET /posts HTTP/1.1" 304 - "https://sciencecamp.host/feed" "Mozilla/5.0 (Macintosh; Intel Mac OS X 10_15_7) AppleWebKit/605.1.15 (KHTML, like Gecko) Version/16.2 Safari/605.1.15"
10.1.10.185 - - [10/Feb/2023:03:51:24 +0000] "GET /posts HTTP/1.1" 304 - "https://sciencecamp.host/dash" "Mozilla/5.0 (Macintosh; Intel Mac OS X 10_15_7) AppleWebKit/605.1.15 (KHTML, like Gecko) Version/16.2 Safari/605.1.15"
71.27.24.185 - - [10/Feb/2023:03:51:25 +0000] "GET /posts HTTP/1.1" 304 - "https://sciencecamp.host/feed" "Mozilla/5.0 (Macintosh; Intel Mac OS X 10_15_7) AppleWebKit/605.1.15 (KHTML, like Gecko) Version/16.2 Safari/605.1.15"
10.1.10.185 - - [10/Feb/2023:03:51:25 +0000] "GET /posts HTTP/1.1" 304 - "https://sciencecamp.host/dash" "Mozilla/5.0 (Macintosh; Intel Mac OS X 10_15_7) AppleWebKit/605.1.15 (KHTML, like Gecko) Version/16.2 Safari/605.1.15"
10.1.10.185 - - [10/Feb/2023:03:51:26 +0000] "POST /dash/post HTTP/1.1" - - "https://sciencecamp.host/dash" "Mozilla/5.0 (Macintosh; Intel Mac OS X 10_15_7) AppleWebKit/605.1.15 (KHTML, like Gecko) Version/16.2 Safari/605.1.15"
10.1.10.185 - - [10/Feb/2023:03:51:26 +0000] "GET /dash HTTP/1.1" 304 - "https://sciencecamp.host/dash" "Mozilla/5.0 (Macintosh; Intel Mac OS X 10_15_7) AppleWebKit/605.1.15 (KHTML, like Gecko) Version/16.2 Safari/605.1.15"
10.1.10.185 - - [10/Feb/2023:03:51:26 +0000] "POST /api HTTP/1.1" 201 135 "https://sciencecamp.host/dash" "Mozilla/5.0 (Macintosh; Intel Mac OS X 10_15_7) AppleWebKit/605.1.15 (KHTML, like Gecko) Version/16.2 Safari/605.1.15"
10.1.10.185 - - [10/Feb/2023:03:51:26 +0000] "POST /online HTTP/1.1" 200 23840 "https://sciencecamp.host/dash" "Mozilla/5.0 (Macintosh; Intel Mac OS X 10_15_7) AppleWebKit/605.1.15 (KHTML, like Gecko) Version/16.2 Safari/605.1.15"
71.27.24.185 - - [10/Feb/2023:03:51:26 +0000] "GET /posts HTTP/1.1" 200 12480 "https://sciencecamp.host/feed" "Mozilla/5.0 (Macintosh; Intel Mac OS X 10_15_7) AppleWebKit/605.1.15 (KHTML, like Gecko) Version/16.2 Safari/605.1.15"
71.27.24.185 - - [10/Feb/2023:03:51:27 +0000] "GET /posts HTTP/1.1" 304 - "https://sciencecamp.host/feed" "Mozilla/5.0 (Macintosh; Intel Mac OS X 10_15_7) AppleWebKit/605.1.15 (KHTML, like Gecko) Version/16.2 Safari/605.1.15"
71.27.24.185 - - [10/Feb/2023:03:51:28 +0000] "GET /posts HTTP/1.1" 304 - "https://sciencecamp.host/feed" "Mozilla/5.0 (Macintosh; Intel Mac OS X 10_15_7) AppleWebKit/605.1.15 (KHTML, like Gecko) Version/16.2 Safari/605.1.15"
71.27.24.185 - - [10/Feb/2023:03:51:29 +0000] "GET /posts HTTP/1.1" 304 - "https://sciencecamp.host/feed" "Mozilla/5.0 (Macintosh; Intel Mac OS X 10_15_7) AppleWebKit/605.1.15 (KHTML, like Gecko) Version/16.2 Safari/605.1.15"
71.27.24.185 - - [10/Feb/2023:03:51:30 +0000] "GET /posts HTTP/1.1" 304 - "https://sciencecamp.host/feed" "Mozilla/5.0 (Macintosh; Intel Mac OS X 10_15_7) AppleWebKit/605.1.15 (KHTML, like Gecko) Version/16.2 Safari/605.1.15"
10.1.10.185 - - [10/Feb/2023:03:51:31 +0000] "GET /posts HTTP/1.1" 200 12480 "https://sciencecamp.host/feed" "Mozilla/5.0 (Macintosh; Intel Mac OS X 10_15_7) AppleWebKit/605.1.15 (KHTML, like Gecko) Version/16.2 Safari/605.1.15"
71.27.24.185 - - [10/Feb/2023:03:51:31 +0000] "GET /posts HTTP/1.1" 304 - "https://sciencecamp.host/feed" "Mozilla/5.0 (Macintosh; Intel Mac OS X 10_15_7) AppleWebKit/605.1.15 (KHTML, like Gecko) Version/16.2 Safari/605.1.15"
10.1.10.185 - - [10/Feb/2023:03:51:32 +0000] "GET /posts HTTP/1.1" 304 - "https://sciencecamp.host/feed" "Mozilla/5.0 (Macintosh; Intel Mac OS X 10_15_7) AppleWebKit/605.1.15 (KHTML, like Gecko) Version/16.2 Safari/605.1.15"
71.27.24.185 - - [10/Feb/2023:03:51:32 +0000] "GET /posts HTTP/1.1" 304 - "https://sciencecamp.host/feed" "Mozilla/5.0 (Macintosh; Intel Mac OS X 10_15_7) AppleWebKit/605.1.15 (KHTML, like Gecko) Version/16.2 Safari/605.1.15"
10.1.10.185 - - [10/Feb/2023:03:51:33 +0000] "GET /posts HTTP/1.1" 304 - "https://sciencecamp.host/feed" "Mozilla/5.0 (Macintosh; Intel Mac OS X 10_15_7) AppleWebKit/605.1.15 (KHTML, like Gecko) Version/16.2 Safari/605.1.15"
71.27.24.185 - - [10/Feb/2023:03:51:33 +0000] "GET /posts HTTP/1.1" 304 - "https://sciencecamp.host/feed" "Mozilla/5.0 (Macintosh; Intel Mac OS X 10_15_7) AppleWebKit/605.1.15 (KHTML, like Gecko) Version/16.2 Safari/605.1.15"
10.1.10.185 - - [10/Feb/2023:03:51:34 +0000] "GET /posts HTTP/1.1" 304 - "https://sciencecamp.host/feed" "Mozilla/5.0 (Macintosh; Intel Mac OS X 10_15_7) AppleWebKit/605.1.15 (KHTML, like Gecko) Version/16.2 Safari/605.1.15"
71.27.24.185 - - [10/Feb/2023:03:51:34 +0000] "GET /posts HTTP/1.1" 304 - "https://sciencecamp.host/feed" "Mozilla/5.0 (Macintosh; Intel Mac OS X 10_15_7) AppleWebKit/605.1.15 (KHTML, like Gecko) Version/16.2 Safari/605.1.15"
10.1.10.185 - - [10/Feb/2023:03:51:35 +0000] "GET /posts HTTP/1.1" 304 - "https://sciencecamp.host/feed" "Mozilla/5.0 (Macintosh; Intel Mac OS X 10_15_7) AppleWebKit/605.1.15 (KHTML, like Gecko) Version/16.2 Safari/605.1.15"
71.27.24.185 - - [10/Feb/2023:03:51:35 +0000] "GET /posts HTTP/1.1" 304 - "https://sciencecamp.host/feed" "Mozilla/5.0 (Macintosh; Intel Mac OS X 10_15_7) AppleWebKit/605.1.15 (KHTML, like Gecko) Version/16.2 Safari/605.1.15"
10.1.10.185 - - [10/Feb/2023:03:51:36 +0000] "GET /posts HTTP/1.1" 304 - "https://sciencecamp.host/feed" "Mozilla/5.0 (Macintosh; Intel Mac OS X 10_15_7) AppleWebKit/605.1.15 (KHTML, like Gecko) Version/16.2 Safari/605.1.15"
71.27.24.185 - - [10/Feb/2023:03:51:36 +0000] "GET /posts HTTP/1.1" 304 - "https://sciencecamp.host/feed" "Mozilla/5.0 (Macintosh; Intel Mac OS X 10_15_7) AppleWebKit/605.1.15 (KHTML, like Gecko) Version/16.2 Safari/605.1.15"
10.1.10.185 - - [10/Feb/2023:03:51:37 +0000] "GET /posts HTTP/1.1" 304 - "https://sciencecamp.host/feed" "Mozilla/5.0 (Macintosh; Intel Mac OS X 10_15_7) AppleWebKit/605.1.15 (KHTML, like Gecko) Version/16.2 Safari/605.1.15"
71.27.24.185 - - [10/Feb/2023:03:51:37 +0000] "GET /posts HTTP/1.1" 304 - "https://sciencecamp.host/feed" "Mozilla/5.0 (Macintosh; Intel Mac OS X 10_15_7) AppleWebKit/605.1.15 (KHTML, like Gecko) Version/16.2 Safari/605.1.15"
10.1.10.185 - - [10/Feb/2023:03:51:38 +0000] "GET /posts HTTP/1.1" 304 - "https://sciencecamp.host/feed" "Mozilla/5.0 (Macintosh; Intel Mac OS X 10_15_7) AppleWebKit/605.1.15 (KHTML, like Gecko) Version/16.2 Safari/605.1.15"
