71.27.24.185 - - [14/Feb/2023:09:34:33 +0000] "GET /dash HTTP/1.1" 200 666 "https://sciencecamp.host/dash" "Mozilla/5.0 (Macintosh; Intel Mac OS X 10_15_7) AppleWebKit/605.1.15 (KHTML, like Gecko) Version/16.2 Safari/605.1.15"
71.27.24.185 - - [14/Feb/2023:09:34:33 +0000] "POST /api HTTP/1.1" 201 135 "https://sciencecamp.host/dash" "Mozilla/5.0 (Macintosh; Intel Mac OS X 10_15_7) AppleWebKit/605.1.15 (KHTML, like Gecko) Version/16.2 Safari/605.1.15"
71.27.24.185 - - [14/Feb/2023:09:34:33 +0000] "POST /online HTTP/1.1" 200 203 "https://sciencecamp.host/dash" "Mozilla/5.0 (Macintosh; Intel Mac OS X 10_15_7) AppleWebKit/605.1.15 (KHTML, like Gecko) Version/16.2 Safari/605.1.15"
10.1.10.210 - - [14/Feb/2023:09:34:34 +0000] "GET /posts HTTP/1.1" 304 - "https://sciencecamp.host/dash" "Mozilla/5.0 (Macintosh; Intel Mac OS X 10_15_7) AppleWebKit/605.1.15 (KHTML, like Gecko) Version/16.2 Safari/605.1.15"
71.27.24.185 - - [14/Feb/2023:09:34:34 +0000] "GET /posts HTTP/1.1" 304 - "https://sciencecamp.host/dash" "Mozilla/5.0 (Macintosh; Intel Mac OS X 10_15_7) AppleWebKit/605.1.15 (KHTML, like Gecko) Version/16.2 Safari/605.1.15"
10.1.10.210 - - [14/Feb/2023:09:34:35 +0000] "GET /posts HTTP/1.1" 304 - "https://sciencecamp.host/dash" "Mozilla/5.0 (Macintosh; Intel Mac OS X 10_15_7) AppleWebKit/605.1.15 (KHTML, like Gecko) Version/16.2 Safari/605.1.15"
71.27.24.185 - - [14/Feb/2023:09:34:35 +0000] "GET /posts HTTP/1.1" 304 - "https://sciencecamp.host/dash" "Mozilla/5.0 (Macintosh; Intel Mac OS X 10_15_7) AppleWebKit/605.1.15 (KHTML, like Gecko) Version/16.2 Safari/605.1.15"
10.1.10.210 - - [14/Feb/2023:09:34:36 +0000] "GET /posts HTTP/1.1" 304 - "https://sciencecamp.host/dash" "Mozilla/5.0 (Macintosh; Intel Mac OS X 10_15_7) AppleWebKit/605.1.15 (KHTML, like Gecko) Version/16.2 Safari/605.1.15"
71.27.24.185 - - [14/Feb/2023:09:34:36 +0000] "GET /posts HTTP/1.1" 304 - "https://sciencecamp.host/dash" "Mozilla/5.0 (Macintosh; Intel Mac OS X 10_15_7) AppleWebKit/605.1.15 (KHTML, like Gecko) Version/16.2 Safari/605.1.15"
10.1.10.210 - - [14/Feb/2023:09:34:37 +0000] "GET /posts HTTP/1.1" 304 - "https://sciencecamp.host/dash" "Mozilla/5.0 (Macintosh; Intel Mac OS X 10_15_7) AppleWebKit/605.1.15 (KHTML, like Gecko) Version/16.2 Safari/605.1.15"
71.27.24.185 - - [14/Feb/2023:09:34:37 +0000] "GET /posts HTTP/1.1" 304 - "https://sciencecamp.host/dash" "Mozilla/5.0 (Macintosh; Intel Mac OS X 10_15_7) AppleWebKit/605.1.15 (KHTML, like Gecko) Version/16.2 Safari/605.1.15"
10.1.10.210 - - [14/Feb/2023:09:34:38 +0000] "GET /posts HTTP/1.1" 304 - "https://sciencecamp.host/dash" "Mozilla/5.0 (Macintosh; Intel Mac OS X 10_15_7) AppleWebKit/605.1.15 (KHTML, like Gecko) Version/16.2 Safari/605.1.15"
71.27.24.185 - - [14/Feb/2023:09:34:38 +0000] "GET /posts HTTP/1.1" 304 - "https://sciencecamp.host/dash" "Mozilla/5.0 (Macintosh; Intel Mac OS X 10_15_7) AppleWebKit/605.1.15 (KHTML, like Gecko) Version/16.2 Safari/605.1.15"
71.27.24.185 - - [14/Feb/2023:09:34:38 +0000] "POST /dash/post HTTP/1.1" - - "https://sciencecamp.host/dash" "Mozilla/5.0 (Macintosh; Intel Mac OS X 10_15_7) AppleWebKit/605.1.15 (KHTML, like Gecko) Version/16.2 Safari/605.1.15"
71.27.24.185 - - [14/Feb/2023:09:34:38 +0000] "GET /dash HTTP/1.1" 304 - "https://sciencecamp.host/dash" "Mozilla/5.0 (Macintosh; Intel Mac OS X 10_15_7) AppleWebKit/605.1.15 (KHTML, like Gecko) Version/16.2 Safari/605.1.15"
71.27.24.185 - - [14/Feb/2023:09:34:38 +0000] "POST /api HTTP/1.1" 201 135 "https://sciencecamp.host/dash" "Mozilla/5.0 (Macintosh; Intel Mac OS X 10_15_7) AppleWebKit/605.1.15 (KHTML, like Gecko) Version/16.2 Safari/605.1.15"
71.27.24.185 - - [14/Feb/2023:09:34:38 +0000] "POST /online HTTP/1.1" 200 203 "https://sciencecamp.host/dash" "Mozilla/5.0 (Macintosh; Intel Mac OS X 10_15_7) AppleWebKit/605.1.15 (KHTML, like Gecko) Version/16.2 Safari/605.1.15"
10.1.10.210 - - [14/Feb/2023:09:34:39 +0000] "GET /posts HTTP/1.1" 200 925 "https://sciencecamp.host/dash" "Mozilla/5.0 (Macintosh; Intel Mac OS X 10_15_7) AppleWebKit/605.1.15 (KHTML, like Gecko) Version/16.2 Safari/605.1.15"
71.27.24.185 - - [14/Feb/2023:09:34:39 +0000] "GET /posts HTTP/1.1" 200 925 "https://sciencecamp.host/dash" "Mozilla/5.0 (Macintosh; Intel Mac OS X 10_15_7) AppleWebKit/605.1.15 (KHTML, like Gecko) Version/16.2 Safari/605.1.15"
10.1.10.210 - - [14/Feb/2023:09:34:40 +0000] "GET /posts HTTP/1.1" 304 - "https://sciencecamp.host/dash" "Mozilla/5.0 (Macintosh; Intel Mac OS X 10_15_7) AppleWebKit/605.1.15 (KHTML, like Gecko) Version/16.2 Safari/605.1.15"
71.27.24.185 - - [14/Feb/2023:09:34:40 +0000] "GET /posts HTTP/1.1" 304 - "https://sciencecamp.host/dash" "Mozilla/5.0 (Macintosh; Intel Mac OS X 10_15_7) AppleWebKit/605.1.15 (KHTML, like Gecko) Version/16.2 Safari/605.1.15"
10.1.10.210 - - [14/Feb/2023:09:34:41 +0000] "GET /posts HTTP/1.1" 304 - "https://sciencecamp.host/dash" "Mozilla/5.0 (Macintosh; Intel Mac OS X 10_15_7) AppleWebKit/605.1.15 (KHTML, like Gecko) Version/16.2 Safari/605.1.15"
71.27.24.185 - - [14/Feb/2023:09:34:41 +0000] "GET /posts HTTP/1.1" 304 - "https://sciencecamp.host/dash" "Mozilla/5.0 (Macintosh; Intel Mac OS X 10_15_7) AppleWebKit/605.1.15 (KHTML, like Gecko) Version/16.2 Safari/605.1.15"
71.27.24.185 - - [14/Feb/2023:09:34:42 +0000] "GET /posts HTTP/1.1" 304 - "https://sciencecamp.host/feed" "Mozilla/5.0 (Macintosh; Intel Mac OS X 10_15_7) AppleWebKit/605.1.15 (KHTML, like Gecko) Version/16.2 Safari/605.1.15"
10.1.10.210 - - [14/Feb/2023:09:34:42 +0000] "GET /posts HTTP/1.1" 304 - "https://sciencecamp.host/dash" "Mozilla/5.0 (Macintosh; Intel Mac OS X 10_15_7) AppleWebKit/605.1.15 (KHTML, like Gecko) Version/16.2 Safari/605.1.15"
71.27.24.185 - - [14/Feb/2023:09:34:42 +0000] "GET /posts HTTP/1.1" 304 - "https://sciencecamp.host/feed" "Mozilla/5.0 (Macintosh; Intel Mac OS X 10_15_7) AppleWebKit/605.1.15 (KHTML, like Gecko) Version/16.2 Safari/605.1.15"
71.27.24.185 - - [14/Feb/2023:09:34:43 +0000] "GET /posts HTTP/1.1" 304 - "https://sciencecamp.host/feed" "Mozilla/5.0 (Macintosh; Intel Mac OS X 10_15_7) AppleWebKit/605.1.15 (KHTML, like Gecko) Version/16.2 Safari/605.1.15"
10.1.10.210 - - [14/Feb/2023:09:34:43 +0000] "GET /posts HTTP/1.1" 304 - "https://sciencecamp.host/dash" "Mozilla/5.0 (Macintosh; Intel Mac OS X 10_15_7) AppleWebKit/605.1.15 (KHTML, like Gecko) Version/16.2 Safari/605.1.15"
71.27.24.185 - - [14/Feb/2023:09:34:43 +0000] "GET /posts HTTP/1.1" 304 - "https://sciencecamp.host/feed" "Mozilla/5.0 (Macintosh; Intel Mac OS X 10_15_7) AppleWebKit/605.1.15 (KHTML, like Gecko) Version/16.2 Safari/605.1.15"
71.27.24.185 - - [14/Feb/2023:09:34:44 +0000] "GET /posts HTTP/1.1" 304 - "https://sciencecamp.host/feed" "Mozilla/5.0 (Macintosh; Intel Mac OS X 10_15_7) AppleWebKit/605.1.15 (KHTML, like Gecko) Version/16.2 Safari/605.1.15"
10.1.10.210 - - [14/Feb/2023:09:34:44 +0000] "GET /posts HTTP/1.1" 304 - "https://sciencecamp.host/dash" "Mozilla/5.0 (Macintosh; Intel Mac OS X 10_15_7) AppleWebKit/605.1.15 (KHTML, like Gecko) Version/16.2 Safari/605.1.15"
71.27.24.185 - - [14/Feb/2023:09:34:44 +0000] "GET /posts HTTP/1.1" 304 - "https://sciencecamp.host/feed" "Mozilla/5.0 (Macintosh; Intel Mac OS X 10_15_7) AppleWebKit/605.1.15 (KHTML, like Gecko) Version/16.2 Safari/605.1.15"
71.27.24.185 - - [14/Feb/2023:09:34:45 +0000] "GET /posts HTTP/1.1" 304 - "https://sciencecamp.host/feed" "Mozilla/5.0 (Macintosh; Intel Mac OS X 10_15_7) AppleWebKit/605.1.15 (KHTML, like Gecko) Version/16.2 Safari/605.1.15"
10.1.10.210 - - [14/Feb/2023:09:34:45 +0000] "GET /posts HTTP/1.1" 304 - "https://sciencecamp.host/dash" "Mozilla/5.0 (Macintosh; Intel Mac OS X 10_15_7) AppleWebKit/605.1.15 (KHTML, like Gecko) Version/16.2 Safari/605.1.15"
71.27.24.185 - - [14/Feb/2023:09:34:45 +0000] "POST /online HTTP/1.1" 200 203 "https://sciencecamp.host/dash" "Mozilla/5.0 (Macintosh; Intel Mac OS X 10_15_7) AppleWebKit/605.1.15 (KHTML, like Gecko) Version/16.2 Safari/605.1.15"
71.27.24.185 - - [14/Feb/2023:09:34:45 +0000] "GET /posts HTTP/1.1" 304 - "https://sciencecamp.host/dash" "Mozilla/5.0 (Macintosh; Intel Mac OS X 10_15_7) AppleWebKit/605.1.15 (KHTML, like Gecko) Version/16.2 Safari/605.1.15"
71.27.24.185 - - [14/Feb/2023:09:34:46 +0000] "GET /posts HTTP/1.1" 304 - "https://sciencecamp.host/dash" "Mozilla/5.0 (Macintosh; Intel Mac OS X 10_15_7) AppleWebKit/605.1.15 (KHTML, like Gecko) Version/16.2 Safari/605.1.15"
10.1.10.210 - - [14/Feb/2023:09:34:46 +0000] "GET /posts HTTP/1.1" 304 - "https://sciencecamp.host/dash" "Mozilla/5.0 (Macintosh; Intel Mac OS X 10_15_7) AppleWebKit/605.1.15 (KHTML, like Gecko) Version/16.2 Safari/605.1.15"
71.27.24.185 - - [14/Feb/2023:09:34:46 +0000] "GET /posts HTTP/1.1" 304 - "https://sciencecamp.host/dash" "Mozilla/5.0 (Macintosh; Intel Mac OS X 10_15_7) AppleWebKit/605.1.15 (KHTML, like Gecko) Version/16.2 Safari/605.1.15"
71.27.24.185 - - [14/Feb/2023:09:34:46 +0000] "GET /posts HTTP/1.1" 304 - "https://sciencecamp.host/dash" "Mozilla/5.0 (Macintosh; Intel Mac OS X 10_15_7) AppleWebKit/605.1.15 (KHTML, like Gecko) Version/16.2 Safari/605.1.15"
71.27.24.185 - - [14/Feb/2023:09:34:47 +0000] "POST /dash HTTP/1.1" 200 691 "https://sciencecamp.host/search" "Mozilla/5.0 (Macintosh; Intel Mac OS X 10_15_7) AppleWebKit/605.1.15 (KHTML, like Gecko) Version/16.2 Safari/605.1.15"
71.27.24.185 - - [14/Feb/2023:09:34:47 +0000] "GET /posts HTTP/1.1" 304 - "https://sciencecamp.host/search" "Mozilla/5.0 (Macintosh; Intel Mac OS X 10_15_7) AppleWebKit/605.1.15 (KHTML, like Gecko) Version/16.2 Safari/605.1.15"
10.1.10.210 - - [14/Feb/2023:09:34:47 +0000] "GET /posts HTTP/1.1" 304 - "https://sciencecamp.host/dash" "Mozilla/5.0 (Macintosh; Intel Mac OS X 10_15_7) AppleWebKit/605.1.15 (KHTML, like Gecko) Version/16.2 Safari/605.1.15"
71.27.24.185 - - [14/Feb/2023:09:34:47 +0000] "GET /posts HTTP/1.1" 304 - "https://sciencecamp.host/search" "Mozilla/5.0 (Macintosh; Intel Mac OS X 10_15_7) AppleWebKit/605.1.15 (KHTML, like Gecko) Version/16.2 Safari/605.1.15"
71.27.24.185 - - [14/Feb/2023:09:34:47 +0000] "GET /posts HTTP/1.1" 304 - "https://sciencecamp.host/search" "Mozilla/5.0 (Macintosh; Intel Mac OS X 10_15_7) AppleWebKit/605.1.15 (KHTML, like Gecko) Version/16.2 Safari/605.1.15"
71.27.24.185 - - [14/Feb/2023:09:34:48 +0000] "GET /posts HTTP/1.1" 304 - "https://sciencecamp.host/search" "Mozilla/5.0 (Macintosh; Intel Mac OS X 10_15_7) AppleWebKit/605.1.15 (KHTML, like Gecko) Version/16.2 Safari/605.1.15"
10.1.10.210 - - [14/Feb/2023:09:34:48 +0000] "GET /posts HTTP/1.1" 304 - "https://sciencecamp.host/dash" "Mozilla/5.0 (Macintosh; Intel Mac OS X 10_15_7) AppleWebKit/605.1.15 (KHTML, like Gecko) Version/16.2 Safari/605.1.15"
71.27.24.185 - - [14/Feb/2023:09:34:48 +0000] "GET /api/newb HTTP/1.1" 200 495 "https://sciencecamp.host/dash/newb" "Mozilla/5.0 (Macintosh; Intel Mac OS X 10_15_7) AppleWebKit/605.1.15 (KHTML, like Gecko) Version/16.2 Safari/605.1.15"
71.27.24.185 - - [14/Feb/2023:09:34:48 +0000] "GET /uploads/1676367218185.png HTTP/1.1" 304 - "https://sciencecamp.host/dash/newb" "Mozilla/5.0 (Macintosh; Intel Mac OS X 10_15_7) AppleWebKit/605.1.15 (KHTML, like Gecko) Version/16.2 Safari/605.1.15"
71.27.24.185 - - [14/Feb/2023:09:34:48 +0000] "GET /posts HTTP/1.1" 304 - "https://sciencecamp.host/dash/newb" "Mozilla/5.0 (Macintosh; Intel Mac OS X 10_15_7) AppleWebKit/605.1.15 (KHTML, like Gecko) Version/16.2 Safari/605.1.15"
71.27.24.185 - - [14/Feb/2023:09:34:48 +0000] "GET /posts HTTP/1.1" 304 - "https://sciencecamp.host/dash/newb" "Mozilla/5.0 (Macintosh; Intel Mac OS X 10_15_7) AppleWebKit/605.1.15 (KHTML, like Gecko) Version/16.2 Safari/605.1.15"
71.27.24.185 - - [14/Feb/2023:09:34:49 +0000] "GET /posts HTTP/1.1" 304 - "https://sciencecamp.host/dash/newb" "Mozilla/5.0 (Macintosh; Intel Mac OS X 10_15_7) AppleWebKit/605.1.15 (KHTML, like Gecko) Version/16.2 Safari/605.1.15"
10.1.10.210 - - [14/Feb/2023:09:34:49 +0000] "GET /posts HTTP/1.1" 304 - "https://sciencecamp.host/dash" "Mozilla/5.0 (Macintosh; Intel Mac OS X 10_15_7) AppleWebKit/605.1.15 (KHTML, like Gecko) Version/16.2 Safari/605.1.15"
71.27.24.185 - - [14/Feb/2023:09:34:49 +0000] "GET /posts HTTP/1.1" 304 - "https://sciencecamp.host/dash/newb" "Mozilla/5.0 (Macintosh; Intel Mac OS X 10_15_7) AppleWebKit/605.1.15 (KHTML, like Gecko) Version/16.2 Safari/605.1.15"
71.27.24.185 - - [14/Feb/2023:09:34:49 +0000] "GET /posts HTTP/1.1" 304 - "https://sciencecamp.host/dash/newb" "Mozilla/5.0 (Macintosh; Intel Mac OS X 10_15_7) AppleWebKit/605.1.15 (KHTML, like Gecko) Version/16.2 Safari/605.1.15"
71.27.24.185 - - [14/Feb/2023:09:34:50 +0000] "GET /posts HTTP/1.1" 304 - "https://sciencecamp.host/dash/newb" "Mozilla/5.0 (Macintosh; Intel Mac OS X 10_15_7) AppleWebKit/605.1.15 (KHTML, like Gecko) Version/16.2 Safari/605.1.15"
10.1.10.210 - - [14/Feb/2023:09:34:50 +0000] "GET /posts HTTP/1.1" 304 - "https://sciencecamp.host/dash" "Mozilla/5.0 (Macintosh; Intel Mac OS X 10_15_7) AppleWebKit/605.1.15 (KHTML, like Gecko) Version/16.2 Safari/605.1.15"
71.27.24.185 - - [14/Feb/2023:09:34:50 +0000] "GET /posts HTTP/1.1" 304 - "https://sciencecamp.host/dash/newb" "Mozilla/5.0 (Macintosh; Intel Mac OS X 10_15_7) AppleWebKit/605.1.15 (KHTML, like Gecko) Version/16.2 Safari/605.1.15"
71.27.24.185 - - [14/Feb/2023:09:34:50 +0000] "GET /posts HTTP/1.1" 304 - "https://sciencecamp.host/dash/newb" "Mozilla/5.0 (Macintosh; Intel Mac OS X 10_15_7) AppleWebKit/605.1.15 (KHTML, like Gecko) Version/16.2 Safari/605.1.15"
71.27.24.185 - - [14/Feb/2023:09:34:51 +0000] "GET /posts HTTP/1.1" 304 - "https://sciencecamp.host/dash/newb" "Mozilla/5.0 (Macintosh; Intel Mac OS X 10_15_7) AppleWebKit/605.1.15 (KHTML, like Gecko) Version/16.2 Safari/605.1.15"
10.1.10.210 - - [14/Feb/2023:09:34:51 +0000] "GET /posts HTTP/1.1" 304 - "https://sciencecamp.host/dash" "Mozilla/5.0 (Macintosh; Intel Mac OS X 10_15_7) AppleWebKit/605.1.15 (KHTML, like Gecko) Version/16.2 Safari/605.1.15"
71.27.24.185 - - [14/Feb/2023:09:34:51 +0000] "GET /posts HTTP/1.1" 304 - "https://sciencecamp.host/dash/newb" "Mozilla/5.0 (Macintosh; Intel Mac OS X 10_15_7) AppleWebKit/605.1.15 (KHTML, like Gecko) Version/16.2 Safari/605.1.15"
71.27.24.185 - - [14/Feb/2023:09:34:51 +0000] "GET /posts HTTP/1.1" 304 - "https://sciencecamp.host/dash/newb" "Mozilla/5.0 (Macintosh; Intel Mac OS X 10_15_7) AppleWebKit/605.1.15 (KHTML, like Gecko) Version/16.2 Safari/605.1.15"
71.27.24.185 - - [14/Feb/2023:09:34:52 +0000] "GET /posts HTTP/1.1" 304 - "https://sciencecamp.host/dash/newb" "Mozilla/5.0 (Macintosh; Intel Mac OS X 10_15_7) AppleWebKit/605.1.15 (KHTML, like Gecko) Version/16.2 Safari/605.1.15"
10.1.10.210 - - [14/Feb/2023:09:34:52 +0000] "GET /posts HTTP/1.1" 304 - "https://sciencecamp.host/dash" "Mozilla/5.0 (Macintosh; Intel Mac OS X 10_15_7) AppleWebKit/605.1.15 (KHTML, like Gecko) Version/16.2 Safari/605.1.15"
71.27.24.185 - - [14/Feb/2023:09:34:52 +0000] "GET /posts HTTP/1.1" 304 - "https://sciencecamp.host/dash/newb" "Mozilla/5.0 (Macintosh; Intel Mac OS X 10_15_7) AppleWebKit/605.1.15 (KHTML, like Gecko) Version/16.2 Safari/605.1.15"
71.27.24.185 - - [14/Feb/2023:09:34:52 +0000] "GET /posts HTTP/1.1" 304 - "https://sciencecamp.host/dash/newb" "Mozilla/5.0 (Macintosh; Intel Mac OS X 10_15_7) AppleWebKit/605.1.15 (KHTML, like Gecko) Version/16.2 Safari/605.1.15"
71.27.24.185 - - [14/Feb/2023:09:34:53 +0000] "GET /posts HTTP/1.1" 304 - "https://sciencecamp.host/dash/newb" "Mozilla/5.0 (Macintosh; Intel Mac OS X 10_15_7) AppleWebKit/605.1.15 (KHTML, like Gecko) Version/16.2 Safari/605.1.15"
10.1.10.210 - - [14/Feb/2023:09:34:53 +0000] "GET /posts HTTP/1.1" 304 - "https://sciencecamp.host/dash" "Mozilla/5.0 (Macintosh; Intel Mac OS X 10_15_7) AppleWebKit/605.1.15 (KHTML, like Gecko) Version/16.2 Safari/605.1.15"
71.27.24.185 - - [14/Feb/2023:09:34:53 +0000] "GET /posts HTTP/1.1" 304 - "https://sciencecamp.host/dash/newb" "Mozilla/5.0 (Macintosh; Intel Mac OS X 10_15_7) AppleWebKit/605.1.15 (KHTML, like Gecko) Version/16.2 Safari/605.1.15"
71.27.24.185 - - [14/Feb/2023:09:34:53 +0000] "GET /posts HTTP/1.1" 304 - "https://sciencecamp.host/dash/newb" "Mozilla/5.0 (Macintosh; Intel Mac OS X 10_15_7) AppleWebKit/605.1.15 (KHTML, like Gecko) Version/16.2 Safari/605.1.15"
71.27.24.185 - - [14/Feb/2023:09:34:54 +0000] "GET /posts HTTP/1.1" 304 - "https://sciencecamp.host/dash/newb" "Mozilla/5.0 (Macintosh; Intel Mac OS X 10_15_7) AppleWebKit/605.1.15 (KHTML, like Gecko) Version/16.2 Safari/605.1.15"
71.27.24.185 - - [14/Feb/2023:09:34:54 +0000] "POST /dash HTTP/1.1" 200 691 "https://sciencecamp.host/search" "Mozilla/5.0 (Macintosh; Intel Mac OS X 10_15_7) AppleWebKit/605.1.15 (KHTML, like Gecko) Version/16.2 Safari/605.1.15"
10.1.10.210 - - [14/Feb/2023:09:34:54 +0000] "GET /posts HTTP/1.1" 304 - "https://sciencecamp.host/dash" "Mozilla/5.0 (Macintosh; Intel Mac OS X 10_15_7) AppleWebKit/605.1.15 (KHTML, like Gecko) Version/16.2 Safari/605.1.15"
71.27.24.185 - - [14/Feb/2023:09:34:54 +0000] "GET /posts HTTP/1.1" 304 - "https://sciencecamp.host/search" "Mozilla/5.0 (Macintosh; Intel Mac OS X 10_15_7) AppleWebKit/605.1.15 (KHTML, like Gecko) Version/16.2 Safari/605.1.15"
71.27.24.185 - - [14/Feb/2023:09:34:54 +0000] "GET /posts HTTP/1.1" 304 - "https://sciencecamp.host/search" "Mozilla/5.0 (Macintosh; Intel Mac OS X 10_15_7) AppleWebKit/605.1.15 (KHTML, like Gecko) Version/16.2 Safari/605.1.15"
71.27.24.185 - - [14/Feb/2023:09:34:55 +0000] "GET /posts HTTP/1.1" 304 - "https://sciencecamp.host/search" "Mozilla/5.0 (Macintosh; Intel Mac OS X 10_15_7) AppleWebKit/605.1.15 (KHTML, like Gecko) Version/16.2 Safari/605.1.15"
71.27.24.185 - - [14/Feb/2023:09:34:55 +0000] "GET /api/phil HTTP/1.1" 304 - "https://sciencecamp.host/dash/phil" "Mozilla/5.0 (Macintosh; Intel Mac OS X 10_15_7) AppleWebKit/605.1.15 (KHTML, like Gecko) Version/16.2 Safari/605.1.15"
71.27.24.185 - - [14/Feb/2023:09:34:55 +0000] "GET /uploads/1676366367178.png HTTP/1.1" 304 - "https://sciencecamp.host/dash/phil" "Mozilla/5.0 (Macintosh; Intel Mac OS X 10_15_7) AppleWebKit/605.1.15 (KHTML, like Gecko) Version/16.2 Safari/605.1.15"
10.1.10.210 - - [14/Feb/2023:09:34:55 +0000] "GET /posts HTTP/1.1" 304 - "https://sciencecamp.host/dash" "Mozilla/5.0 (Macintosh; Intel Mac OS X 10_15_7) AppleWebKit/605.1.15 (KHTML, like Gecko) Version/16.2 Safari/605.1.15"
71.27.24.185 - - [14/Feb/2023:09:34:55 +0000] "GET /posts HTTP/1.1" 304 - "https://sciencecamp.host/dash/phil" "Mozilla/5.0 (Macintosh; Intel Mac OS X 10_15_7) AppleWebKit/605.1.15 (KHTML, like Gecko) Version/16.2 Safari/605.1.15"
71.27.24.185 - - [14/Feb/2023:09:34:55 +0000] "GET /posts HTTP/1.1" 304 - "https://sciencecamp.host/dash/phil" "Mozilla/5.0 (Macintosh; Intel Mac OS X 10_15_7) AppleWebKit/605.1.15 (KHTML, like Gecko) Version/16.2 Safari/605.1.15"
71.27.24.185 - - [14/Feb/2023:09:34:56 +0000] "GET /posts HTTP/1.1" 304 - "https://sciencecamp.host/dash/phil" "Mozilla/5.0 (Macintosh; Intel Mac OS X 10_15_7) AppleWebKit/605.1.15 (KHTML, like Gecko) Version/16.2 Safari/605.1.15"
10.1.10.210 - - [14/Feb/2023:09:34:56 +0000] "GET /posts HTTP/1.1" 304 - "https://sciencecamp.host/dash" "Mozilla/5.0 (Macintosh; Intel Mac OS X 10_15_7) AppleWebKit/605.1.15 (KHTML, like Gecko) Version/16.2 Safari/605.1.15"
71.27.24.185 - - [14/Feb/2023:09:34:56 +0000] "GET /posts HTTP/1.1" 304 - "https://sciencecamp.host/dash/phil" "Mozilla/5.0 (Macintosh; Intel Mac OS X 10_15_7) AppleWebKit/605.1.15 (KHTML, like Gecko) Version/16.2 Safari/605.1.15"
71.27.24.185 - - [14/Feb/2023:09:34:56 +0000] "POST /dash HTTP/1.1" 200 691 "https://sciencecamp.host/search" "Mozilla/5.0 (Macintosh; Intel Mac OS X 10_15_7) AppleWebKit/605.1.15 (KHTML, like Gecko) Version/16.2 Safari/605.1.15"
71.27.24.185 - - [14/Feb/2023:09:34:56 +0000] "GET /posts HTTP/1.1" 304 - "https://sciencecamp.host/search" "Mozilla/5.0 (Macintosh; Intel Mac OS X 10_15_7) AppleWebKit/605.1.15 (KHTML, like Gecko) Version/16.2 Safari/605.1.15"
71.27.24.185 - - [14/Feb/2023:09:34:57 +0000] "GET /posts HTTP/1.1" 304 - "https://sciencecamp.host/search" "Mozilla/5.0 (Macintosh; Intel Mac OS X 10_15_7) AppleWebKit/605.1.15 (KHTML, like Gecko) Version/16.2 Safari/605.1.15"
71.27.24.185 - - [14/Feb/2023:09:34:57 +0000] "POST /online HTTP/1.1" 200 203 "https://sciencecamp.host/dash" "Mozilla/5.0 (Macintosh; Intel Mac OS X 10_15_7) AppleWebKit/605.1.15 (KHTML, like Gecko) Version/16.2 Safari/605.1.15"
10.1.10.210 - - [14/Feb/2023:09:34:57 +0000] "GET /posts HTTP/1.1" 304 - "https://sciencecamp.host/dash" "Mozilla/5.0 (Macintosh; Intel Mac OS X 10_15_7) AppleWebKit/605.1.15 (KHTML, like Gecko) Version/16.2 Safari/605.1.15"
71.27.24.185 - - [14/Feb/2023:09:34:57 +0000] "GET /posts HTTP/1.1" 304 - "https://sciencecamp.host/dash" "Mozilla/5.0 (Macintosh; Intel Mac OS X 10_15_7) AppleWebKit/605.1.15 (KHTML, like Gecko) Version/16.2 Safari/605.1.15"
71.27.24.185 - - [14/Feb/2023:09:34:57 +0000] "GET /posts HTTP/1.1" 304 - "https://sciencecamp.host/dash" "Mozilla/5.0 (Macintosh; Intel Mac OS X 10_15_7) AppleWebKit/605.1.15 (KHTML, like Gecko) Version/16.2 Safari/605.1.15"
71.27.24.185 - - [14/Feb/2023:09:34:58 +0000] "GET /posts HTTP/1.1" 304 - "https://sciencecamp.host/dash" "Mozilla/5.0 (Macintosh; Intel Mac OS X 10_15_7) AppleWebKit/605.1.15 (KHTML, like Gecko) Version/16.2 Safari/605.1.15"
71.27.24.185 - - [14/Feb/2023:09:34:58 +0000] "GET /posts HTTP/1.1" 304 - "https://sciencecamp.host/dash" "Mozilla/5.0 (Macintosh; Intel Mac OS X 10_15_7) AppleWebKit/605.1.15 (KHTML, like Gecko) Version/16.2 Safari/605.1.15"
71.27.24.185 - - [14/Feb/2023:09:34:58 +0000] "GET /posts HTTP/1.1" 304 - "https://sciencecamp.host/dash" "Mozilla/5.0 (Macintosh; Intel Mac OS X 10_15_7) AppleWebKit/605.1.15 (KHTML, like Gecko) Version/16.2 Safari/605.1.15"
10.1.10.210 - - [14/Feb/2023:09:34:58 +0000] "GET /posts HTTP/1.1" 304 - "https://sciencecamp.host/dash" "Mozilla/5.0 (Macintosh; Intel Mac OS X 10_15_7) AppleWebKit/605.1.15 (KHTML, like Gecko) Version/16.2 Safari/605.1.15"
71.27.24.185 - - [14/Feb/2023:09:34:58 +0000] "GET /posts HTTP/1.1" 304 - "https://sciencecamp.host/dash" "Mozilla/5.0 (Macintosh; Intel Mac OS X 10_15_7) AppleWebKit/605.1.15 (KHTML, like Gecko) Version/16.2 Safari/605.1.15"
71.27.24.185 - - [14/Feb/2023:09:34:59 +0000] "GET /posts HTTP/1.1" 304 - "https://sciencecamp.host/dash" "Mozilla/5.0 (Macintosh; Intel Mac OS X 10_15_7) AppleWebKit/605.1.15 (KHTML, like Gecko) Version/16.2 Safari/605.1.15"
71.27.24.185 - - [14/Feb/2023:09:34:59 +0000] "GET /posts HTTP/1.1" 304 - "https://sciencecamp.host/dash" "Mozilla/5.0 (Macintosh; Intel Mac OS X 10_15_7) AppleWebKit/605.1.15 (KHTML, like Gecko) Version/16.2 Safari/605.1.15"
71.27.24.185 - - [14/Feb/2023:09:34:59 +0000] "GET /posts HTTP/1.1" 304 - "https://sciencecamp.host/dash" "Mozilla/5.0 (Macintosh; Intel Mac OS X 10_15_7) AppleWebKit/605.1.15 (KHTML, like Gecko) Version/16.2 Safari/605.1.15"
10.1.10.210 - - [14/Feb/2023:09:34:59 +0000] "GET /posts HTTP/1.1" 304 - "https://sciencecamp.host/dash" "Mozilla/5.0 (Macintosh; Intel Mac OS X 10_15_7) AppleWebKit/605.1.15 (KHTML, like Gecko) Version/16.2 Safari/605.1.15"
71.27.24.185 - - [14/Feb/2023:09:34:59 +0000] "GET /posts HTTP/1.1" 304 - "https://sciencecamp.host/dash" "Mozilla/5.0 (Macintosh; Intel Mac OS X 10_15_7) AppleWebKit/605.1.15 (KHTML, like Gecko) Version/16.2 Safari/605.1.15"
71.27.24.185 - - [14/Feb/2023:09:35:00 +0000] "GET /posts HTTP/1.1" 304 - "https://sciencecamp.host/dash" "Mozilla/5.0 (Macintosh; Intel Mac OS X 10_15_7) AppleWebKit/605.1.15 (KHTML, like Gecko) Version/16.2 Safari/605.1.15"
71.27.24.185 - - [14/Feb/2023:09:35:00 +0000] "GET /posts HTTP/1.1" 304 - "https://sciencecamp.host/dash" "Mozilla/5.0 (Macintosh; Intel Mac OS X 10_15_7) AppleWebKit/605.1.15 (KHTML, like Gecko) Version/16.2 Safari/605.1.15"
71.27.24.185 - - [14/Feb/2023:09:35:00 +0000] "GET /posts HTTP/1.1" 304 - "https://sciencecamp.host/dash" "Mozilla/5.0 (Macintosh; Intel Mac OS X 10_15_7) AppleWebKit/605.1.15 (KHTML, like Gecko) Version/16.2 Safari/605.1.15"
10.1.10.210 - - [14/Feb/2023:09:35:00 +0000] "GET /posts HTTP/1.1" 304 - "https://sciencecamp.host/dash" "Mozilla/5.0 (Macintosh; Intel Mac OS X 10_15_7) AppleWebKit/605.1.15 (KHTML, like Gecko) Version/16.2 Safari/605.1.15"
71.27.24.185 - - [14/Feb/2023:09:35:00 +0000] "GET /posts HTTP/1.1" 304 - "https://sciencecamp.host/dash" "Mozilla/5.0 (Macintosh; Intel Mac OS X 10_15_7) AppleWebKit/605.1.15 (KHTML, like Gecko) Version/16.2 Safari/605.1.15"
71.27.24.185 - - [14/Feb/2023:09:35:01 +0000] "GET /posts HTTP/1.1" 304 - "https://sciencecamp.host/dash" "Mozilla/5.0 (Macintosh; Intel Mac OS X 10_15_7) AppleWebKit/605.1.15 (KHTML, like Gecko) Version/16.2 Safari/605.1.15"
71.27.24.185 - - [14/Feb/2023:09:35:01 +0000] "GET /posts HTTP/1.1" 304 - "https://sciencecamp.host/dash" "Mozilla/5.0 (Macintosh; Intel Mac OS X 10_15_7) AppleWebKit/605.1.15 (KHTML, like Gecko) Version/16.2 Safari/605.1.15"
71.27.24.185 - - [14/Feb/2023:09:35:01 +0000] "GET /posts HTTP/1.1" 304 - "https://sciencecamp.host/dash" "Mozilla/5.0 (Macintosh; Intel Mac OS X 10_15_7) AppleWebKit/605.1.15 (KHTML, like Gecko) Version/16.2 Safari/605.1.15"
10.1.10.210 - - [14/Feb/2023:09:35:01 +0000] "GET /posts HTTP/1.1" 304 - "https://sciencecamp.host/dash" "Mozilla/5.0 (Macintosh; Intel Mac OS X 10_15_7) AppleWebKit/605.1.15 (KHTML, like Gecko) Version/16.2 Safari/605.1.15"
71.27.24.185 - - [14/Feb/2023:09:35:01 +0000] "GET /posts HTTP/1.1" 304 - "https://sciencecamp.host/dash" "Mozilla/5.0 (Macintosh; Intel Mac OS X 10_15_7) AppleWebKit/605.1.15 (KHTML, like Gecko) Version/16.2 Safari/605.1.15"
71.27.24.185 - - [14/Feb/2023:09:35:02 +0000] "GET /posts HTTP/1.1" 304 - "https://sciencecamp.host/dash" "Mozilla/5.0 (Macintosh; Intel Mac OS X 10_15_7) AppleWebKit/605.1.15 (KHTML, like Gecko) Version/16.2 Safari/605.1.15"
71.27.24.185 - - [14/Feb/2023:09:35:02 +0000] "GET /posts HTTP/1.1" 304 - "https://sciencecamp.host/dash" "Mozilla/5.0 (Macintosh; Intel Mac OS X 10_15_7) AppleWebKit/605.1.15 (KHTML, like Gecko) Version/16.2 Safari/605.1.15"
71.27.24.185 - - [14/Feb/2023:09:35:02 +0000] "GET /posts HTTP/1.1" 304 - "https://sciencecamp.host/dash" "Mozilla/5.0 (Macintosh; Intel Mac OS X 10_15_7) AppleWebKit/605.1.15 (KHTML, like Gecko) Version/16.2 Safari/605.1.15"
10.1.10.210 - - [14/Feb/2023:09:35:02 +0000] "GET /posts HTTP/1.1" 304 - "https://sciencecamp.host/dash" "Mozilla/5.0 (Macintosh; Intel Mac OS X 10_15_7) AppleWebKit/605.1.15 (KHTML, like Gecko) Version/16.2 Safari/605.1.15"
71.27.24.185 - - [14/Feb/2023:09:35:02 +0000] "GET /posts HTTP/1.1" 304 - "https://sciencecamp.host/dash" "Mozilla/5.0 (Macintosh; Intel Mac OS X 10_15_7) AppleWebKit/605.1.15 (KHTML, like Gecko) Version/16.2 Safari/605.1.15"
71.27.24.185 - - [14/Feb/2023:09:35:03 +0000] "GET /posts HTTP/1.1" 304 - "https://sciencecamp.host/dash" "Mozilla/5.0 (Macintosh; Intel Mac OS X 10_15_7) AppleWebKit/605.1.15 (KHTML, like Gecko) Version/16.2 Safari/605.1.15"
71.27.24.185 - - [14/Feb/2023:09:35:03 +0000] "GET /posts HTTP/1.1" 304 - "https://sciencecamp.host/dash" "Mozilla/5.0 (Macintosh; Intel Mac OS X 10_15_7) AppleWebKit/605.1.15 (KHTML, like Gecko) Version/16.2 Safari/605.1.15"
71.27.24.185 - - [14/Feb/2023:09:35:03 +0000] "GET /posts HTTP/1.1" 304 - "https://sciencecamp.host/dash" "Mozilla/5.0 (Macintosh; Intel Mac OS X 10_15_7) AppleWebKit/605.1.15 (KHTML, like Gecko) Version/16.2 Safari/605.1.15"
10.1.10.210 - - [14/Feb/2023:09:35:03 +0000] "GET /posts HTTP/1.1" 304 - "https://sciencecamp.host/dash" "Mozilla/5.0 (Macintosh; Intel Mac OS X 10_15_7) AppleWebKit/605.1.15 (KHTML, like Gecko) Version/16.2 Safari/605.1.15"
71.27.24.185 - - [14/Feb/2023:09:35:03 +0000] "GET /posts HTTP/1.1" 304 - "https://sciencecamp.host/dash" "Mozilla/5.0 (Macintosh; Intel Mac OS X 10_15_7) AppleWebKit/605.1.15 (KHTML, like Gecko) Version/16.2 Safari/605.1.15"
71.27.24.185 - - [14/Feb/2023:09:35:04 +0000] "GET /posts HTTP/1.1" 304 - "https://sciencecamp.host/dash" "Mozilla/5.0 (Macintosh; Intel Mac OS X 10_15_7) AppleWebKit/605.1.15 (KHTML, like Gecko) Version/16.2 Safari/605.1.15"
71.27.24.185 - - [14/Feb/2023:09:35:04 +0000] "GET /posts HTTP/1.1" 304 - "https://sciencecamp.host/dash" "Mozilla/5.0 (Macintosh; Intel Mac OS X 10_15_7) AppleWebKit/605.1.15 (KHTML, like Gecko) Version/16.2 Safari/605.1.15"
71.27.24.185 - - [14/Feb/2023:09:35:04 +0000] "GET /posts HTTP/1.1" 304 - "https://sciencecamp.host/dash" "Mozilla/5.0 (Macintosh; Intel Mac OS X 10_15_7) AppleWebKit/605.1.15 (KHTML, like Gecko) Version/16.2 Safari/605.1.15"
10.1.10.210 - - [14/Feb/2023:09:35:04 +0000] "GET /posts HTTP/1.1" 304 - "https://sciencecamp.host/dash" "Mozilla/5.0 (Macintosh; Intel Mac OS X 10_15_7) AppleWebKit/605.1.15 (KHTML, like Gecko) Version/16.2 Safari/605.1.15"
71.27.24.185 - - [14/Feb/2023:09:35:04 +0000] "GET /posts HTTP/1.1" 304 - "https://sciencecamp.host/dash" "Mozilla/5.0 (Macintosh; Intel Mac OS X 10_15_7) AppleWebKit/605.1.15 (KHTML, like Gecko) Version/16.2 Safari/605.1.15"
71.27.24.185 - - [14/Feb/2023:09:35:05 +0000] "GET /posts HTTP/1.1" 304 - "https://sciencecamp.host/dash" "Mozilla/5.0 (Macintosh; Intel Mac OS X 10_15_7) AppleWebKit/605.1.15 (KHTML, like Gecko) Version/16.2 Safari/605.1.15"
71.27.24.185 - - [14/Feb/2023:09:35:05 +0000] "GET /posts HTTP/1.1" 304 - "https://sciencecamp.host/dash" "Mozilla/5.0 (Macintosh; Intel Mac OS X 10_15_7) AppleWebKit/605.1.15 (KHTML, like Gecko) Version/16.2 Safari/605.1.15"
71.27.24.185 - - [14/Feb/2023:09:35:05 +0000] "GET /posts HTTP/1.1" 304 - "https://sciencecamp.host/dash" "Mozilla/5.0 (Macintosh; Intel Mac OS X 10_15_7) AppleWebKit/605.1.15 (KHTML, like Gecko) Version/16.2 Safari/605.1.15"
10.1.10.210 - - [14/Feb/2023:09:35:05 +0000] "GET /posts HTTP/1.1" 304 - "https://sciencecamp.host/dash" "Mozilla/5.0 (Macintosh; Intel Mac OS X 10_15_7) AppleWebKit/605.1.15 (KHTML, like Gecko) Version/16.2 Safari/605.1.15"
71.27.24.185 - - [14/Feb/2023:09:35:05 +0000] "GET /posts HTTP/1.1" 304 - "https://sciencecamp.host/dash" "Mozilla/5.0 (Macintosh; Intel Mac OS X 10_15_7) AppleWebKit/605.1.15 (KHTML, like Gecko) Version/16.2 Safari/605.1.15"
71.27.24.185 - - [14/Feb/2023:09:35:06 +0000] "GET /posts HTTP/1.1" 304 - "https://sciencecamp.host/dash" "Mozilla/5.0 (Macintosh; Intel Mac OS X 10_15_7) AppleWebKit/605.1.15 (KHTML, like Gecko) Version/16.2 Safari/605.1.15"
71.27.24.185 - - [14/Feb/2023:09:35:06 +0000] "GET /posts HTTP/1.1" 304 - "https://sciencecamp.host/dash" "Mozilla/5.0 (Macintosh; Intel Mac OS X 10_15_7) AppleWebKit/605.1.15 (KHTML, like Gecko) Version/16.2 Safari/605.1.15"
71.27.24.185 - - [14/Feb/2023:09:35:06 +0000] "GET /posts HTTP/1.1" 304 - "https://sciencecamp.host/dash" "Mozilla/5.0 (Macintosh; Intel Mac OS X 10_15_7) AppleWebKit/605.1.15 (KHTML, like Gecko) Version/16.2 Safari/605.1.15"
10.1.10.210 - - [14/Feb/2023:09:35:06 +0000] "GET /posts HTTP/1.1" 304 - "https://sciencecamp.host/dash" "Mozilla/5.0 (Macintosh; Intel Mac OS X 10_15_7) AppleWebKit/605.1.15 (KHTML, like Gecko) Version/16.2 Safari/605.1.15"
71.27.24.185 - - [14/Feb/2023:09:35:06 +0000] "GET /posts HTTP/1.1" 304 - "https://sciencecamp.host/dash" "Mozilla/5.0 (Macintosh; Intel Mac OS X 10_15_7) AppleWebKit/605.1.15 (KHTML, like Gecko) Version/16.2 Safari/605.1.15"
71.27.24.185 - - [14/Feb/2023:09:35:07 +0000] "GET /posts HTTP/1.1" 304 - "https://sciencecamp.host/dash" "Mozilla/5.0 (Macintosh; Intel Mac OS X 10_15_7) AppleWebKit/605.1.15 (KHTML, like Gecko) Version/16.2 Safari/605.1.15"
71.27.24.185 - - [14/Feb/2023:09:35:07 +0000] "GET /posts HTTP/1.1" 304 - "https://sciencecamp.host/dash" "Mozilla/5.0 (Macintosh; Intel Mac OS X 10_15_7) AppleWebKit/605.1.15 (KHTML, like Gecko) Version/16.2 Safari/605.1.15"
71.27.24.185 - - [14/Feb/2023:09:35:07 +0000] "GET /posts HTTP/1.1" 304 - "https://sciencecamp.host/dash" "Mozilla/5.0 (Macintosh; Intel Mac OS X 10_15_7) AppleWebKit/605.1.15 (KHTML, like Gecko) Version/16.2 Safari/605.1.15"
10.1.10.210 - - [14/Feb/2023:09:35:07 +0000] "GET /posts HTTP/1.1" 304 - "https://sciencecamp.host/dash" "Mozilla/5.0 (Macintosh; Intel Mac OS X 10_15_7) AppleWebKit/605.1.15 (KHTML, like Gecko) Version/16.2 Safari/605.1.15"
71.27.24.185 - - [14/Feb/2023:09:35:07 +0000] "GET /posts HTTP/1.1" 304 - "https://sciencecamp.host/dash" "Mozilla/5.0 (Macintosh; Intel Mac OS X 10_15_7) AppleWebKit/605.1.15 (KHTML, like Gecko) Version/16.2 Safari/605.1.15"
71.27.24.185 - - [14/Feb/2023:09:35:08 +0000] "GET /posts HTTP/1.1" 304 - "https://sciencecamp.host/dash" "Mozilla/5.0 (Macintosh; Intel Mac OS X 10_15_7) AppleWebKit/605.1.15 (KHTML, like Gecko) Version/16.2 Safari/605.1.15"
71.27.24.185 - - [14/Feb/2023:09:35:08 +0000] "GET /posts HTTP/1.1" 304 - "https://sciencecamp.host/dash" "Mozilla/5.0 (Macintosh; Intel Mac OS X 10_15_7) AppleWebKit/605.1.15 (KHTML, like Gecko) Version/16.2 Safari/605.1.15"
71.27.24.185 - - [14/Feb/2023:09:35:08 +0000] "GET /posts HTTP/1.1" 304 - "https://sciencecamp.host/dash" "Mozilla/5.0 (Macintosh; Intel Mac OS X 10_15_7) AppleWebKit/605.1.15 (KHTML, like Gecko) Version/16.2 Safari/605.1.15"
10.1.10.210 - - [14/Feb/2023:09:35:08 +0000] "GET /posts HTTP/1.1" 304 - "https://sciencecamp.host/dash" "Mozilla/5.0 (Macintosh; Intel Mac OS X 10_15_7) AppleWebKit/605.1.15 (KHTML, like Gecko) Version/16.2 Safari/605.1.15"
71.27.24.185 - - [14/Feb/2023:09:35:08 +0000] "GET /posts HTTP/1.1" 304 - "https://sciencecamp.host/dash" "Mozilla/5.0 (Macintosh; Intel Mac OS X 10_15_7) AppleWebKit/605.1.15 (KHTML, like Gecko) Version/16.2 Safari/605.1.15"
71.27.24.185 - - [14/Feb/2023:09:35:09 +0000] "GET /posts HTTP/1.1" 304 - "https://sciencecamp.host/dash" "Mozilla/5.0 (Macintosh; Intel Mac OS X 10_15_7) AppleWebKit/605.1.15 (KHTML, like Gecko) Version/16.2 Safari/605.1.15"
71.27.24.185 - - [14/Feb/2023:09:35:09 +0000] "GET /posts HTTP/1.1" 304 - "https://sciencecamp.host/dash" "Mozilla/5.0 (Macintosh; Intel Mac OS X 10_15_7) AppleWebKit/605.1.15 (KHTML, like Gecko) Version/16.2 Safari/605.1.15"
71.27.24.185 - - [14/Feb/2023:09:35:09 +0000] "GET /posts HTTP/1.1" 304 - "https://sciencecamp.host/dash" "Mozilla/5.0 (Macintosh; Intel Mac OS X 10_15_7) AppleWebKit/605.1.15 (KHTML, like Gecko) Version/16.2 Safari/605.1.15"
10.1.10.210 - - [14/Feb/2023:09:35:09 +0000] "GET /posts HTTP/1.1" 304 - "https://sciencecamp.host/dash" "Mozilla/5.0 (Macintosh; Intel Mac OS X 10_15_7) AppleWebKit/605.1.15 (KHTML, like Gecko) Version/16.2 Safari/605.1.15"
71.27.24.185 - - [14/Feb/2023:09:35:09 +0000] "GET /posts HTTP/1.1" 304 - "https://sciencecamp.host/dash" "Mozilla/5.0 (Macintosh; Intel Mac OS X 10_15_7) AppleWebKit/605.1.15 (KHTML, like Gecko) Version/16.2 Safari/605.1.15"
71.27.24.185 - - [14/Feb/2023:09:35:10 +0000] "GET /posts HTTP/1.1" 304 - "https://sciencecamp.host/dash" "Mozilla/5.0 (Macintosh; Intel Mac OS X 10_15_7) AppleWebKit/605.1.15 (KHTML, like Gecko) Version/16.2 Safari/605.1.15"
71.27.24.185 - - [14/Feb/2023:09:35:10 +0000] "GET /posts HTTP/1.1" 304 - "https://sciencecamp.host/dash" "Mozilla/5.0 (Macintosh; Intel Mac OS X 10_15_7) AppleWebKit/605.1.15 (KHTML, like Gecko) Version/16.2 Safari/605.1.15"
71.27.24.185 - - [14/Feb/2023:09:35:10 +0000] "GET /posts HTTP/1.1" 304 - "https://sciencecamp.host/dash" "Mozilla/5.0 (Macintosh; Intel Mac OS X 10_15_7) AppleWebKit/605.1.15 (KHTML, like Gecko) Version/16.2 Safari/605.1.15"
10.1.10.210 - - [14/Feb/2023:09:35:10 +0000] "GET /posts HTTP/1.1" 304 - "https://sciencecamp.host/dash" "Mozilla/5.0 (Macintosh; Intel Mac OS X 10_15_7) AppleWebKit/605.1.15 (KHTML, like Gecko) Version/16.2 Safari/605.1.15"
71.27.24.185 - - [14/Feb/2023:09:35:10 +0000] "GET /posts HTTP/1.1" 304 - "https://sciencecamp.host/dash" "Mozilla/5.0 (Macintosh; Intel Mac OS X 10_15_7) AppleWebKit/605.1.15 (KHTML, like Gecko) Version/16.2 Safari/605.1.15"
71.27.24.185 - - [14/Feb/2023:09:35:11 +0000] "GET /posts HTTP/1.1" 304 - "https://sciencecamp.host/dash" "Mozilla/5.0 (Macintosh; Intel Mac OS X 10_15_7) AppleWebKit/605.1.15 (KHTML, like Gecko) Version/16.2 Safari/605.1.15"
71.27.24.185 - - [14/Feb/2023:09:35:11 +0000] "GET /posts HTTP/1.1" 304 - "https://sciencecamp.host/dash" "Mozilla/5.0 (Macintosh; Intel Mac OS X 10_15_7) AppleWebKit/605.1.15 (KHTML, like Gecko) Version/16.2 Safari/605.1.15"
71.27.24.185 - - [14/Feb/2023:09:35:11 +0000] "GET /posts HTTP/1.1" 304 - "https://sciencecamp.host/dash" "Mozilla/5.0 (Macintosh; Intel Mac OS X 10_15_7) AppleWebKit/605.1.15 (KHTML, like Gecko) Version/16.2 Safari/605.1.15"
10.1.10.210 - - [14/Feb/2023:09:35:11 +0000] "GET /posts HTTP/1.1" 304 - "https://sciencecamp.host/dash" "Mozilla/5.0 (Macintosh; Intel Mac OS X 10_15_7) AppleWebKit/605.1.15 (KHTML, like Gecko) Version/16.2 Safari/605.1.15"
71.27.24.185 - - [14/Feb/2023:09:35:11 +0000] "GET /posts HTTP/1.1" 304 - "https://sciencecamp.host/dash" "Mozilla/5.0 (Macintosh; Intel Mac OS X 10_15_7) AppleWebKit/605.1.15 (KHTML, like Gecko) Version/16.2 Safari/605.1.15"
71.27.24.185 - - [14/Feb/2023:09:35:12 +0000] "GET /posts HTTP/1.1" 304 - "https://sciencecamp.host/dash" "Mozilla/5.0 (Macintosh; Intel Mac OS X 10_15_7) AppleWebKit/605.1.15 (KHTML, like Gecko) Version/16.2 Safari/605.1.15"
71.27.24.185 - - [14/Feb/2023:09:35:12 +0000] "GET /posts HTTP/1.1" 304 - "https://sciencecamp.host/dash" "Mozilla/5.0 (Macintosh; Intel Mac OS X 10_15_7) AppleWebKit/605.1.15 (KHTML, like Gecko) Version/16.2 Safari/605.1.15"
71.27.24.185 - - [14/Feb/2023:09:35:12 +0000] "GET /posts HTTP/1.1" 304 - "https://sciencecamp.host/dash" "Mozilla/5.0 (Macintosh; Intel Mac OS X 10_15_7) AppleWebKit/605.1.15 (KHTML, like Gecko) Version/16.2 Safari/605.1.15"
10.1.10.210 - - [14/Feb/2023:09:35:12 +0000] "GET /posts HTTP/1.1" 304 - "https://sciencecamp.host/dash" "Mozilla/5.0 (Macintosh; Intel Mac OS X 10_15_7) AppleWebKit/605.1.15 (KHTML, like Gecko) Version/16.2 Safari/605.1.15"
71.27.24.185 - - [14/Feb/2023:09:35:13 +0000] "GET /posts HTTP/1.1" 304 - "https://sciencecamp.host/dash" "Mozilla/5.0 (Macintosh; Intel Mac OS X 10_15_7) AppleWebKit/605.1.15 (KHTML, like Gecko) Version/16.2 Safari/605.1.15"
71.27.24.185 - - [14/Feb/2023:09:35:13 +0000] "GET /posts HTTP/1.1" 304 - "https://sciencecamp.host/dash" "Mozilla/5.0 (Macintosh; Intel Mac OS X 10_15_7) AppleWebKit/605.1.15 (KHTML, like Gecko) Version/16.2 Safari/605.1.15"
71.27.24.185 - - [14/Feb/2023:09:35:13 +0000] "GET /posts HTTP/1.1" 304 - "https://sciencecamp.host/dash" "Mozilla/5.0 (Macintosh; Intel Mac OS X 10_15_7) AppleWebKit/605.1.15 (KHTML, like Gecko) Version/16.2 Safari/605.1.15"
71.27.24.185 - - [14/Feb/2023:09:35:13 +0000] "GET /posts HTTP/1.1" 304 - "https://sciencecamp.host/dash" "Mozilla/5.0 (Macintosh; Intel Mac OS X 10_15_7) AppleWebKit/605.1.15 (KHTML, like Gecko) Version/16.2 Safari/605.1.15"
10.1.10.210 - - [14/Feb/2023:09:35:13 +0000] "GET /posts HTTP/1.1" 304 - "https://sciencecamp.host/dash" "Mozilla/5.0 (Macintosh; Intel Mac OS X 10_15_7) AppleWebKit/605.1.15 (KHTML, like Gecko) Version/16.2 Safari/605.1.15"
71.27.24.185 - - [14/Feb/2023:09:35:13 +0000] "GET /posts HTTP/1.1" 304 - "https://sciencecamp.host/dash" "Mozilla/5.0 (Macintosh; Intel Mac OS X 10_15_7) AppleWebKit/605.1.15 (KHTML, like Gecko) Version/16.2 Safari/605.1.15"
71.27.24.185 - - [14/Feb/2023:09:35:14 +0000] "GET /posts HTTP/1.1" 304 - "https://sciencecamp.host/dash" "Mozilla/5.0 (Macintosh; Intel Mac OS X 10_15_7) AppleWebKit/605.1.15 (KHTML, like Gecko) Version/16.2 Safari/605.1.15"
71.27.24.185 - - [14/Feb/2023:09:35:14 +0000] "GET /posts HTTP/1.1" 304 - "https://sciencecamp.host/dash" "Mozilla/5.0 (Macintosh; Intel Mac OS X 10_15_7) AppleWebKit/605.1.15 (KHTML, like Gecko) Version/16.2 Safari/605.1.15"
71.27.24.185 - - [14/Feb/2023:09:35:14 +0000] "GET /posts HTTP/1.1" 304 - "https://sciencecamp.host/dash" "Mozilla/5.0 (Macintosh; Intel Mac OS X 10_15_7) AppleWebKit/605.1.15 (KHTML, like Gecko) Version/16.2 Safari/605.1.15"
10.1.10.210 - - [14/Feb/2023:09:35:14 +0000] "GET /posts HTTP/1.1" 304 - "https://sciencecamp.host/dash" "Mozilla/5.0 (Macintosh; Intel Mac OS X 10_15_7) AppleWebKit/605.1.15 (KHTML, like Gecko) Version/16.2 Safari/605.1.15"
71.27.24.185 - - [14/Feb/2023:09:35:14 +0000] "GET /posts HTTP/1.1" 304 - "https://sciencecamp.host/dash" "Mozilla/5.0 (Macintosh; Intel Mac OS X 10_15_7) AppleWebKit/605.1.15 (KHTML, like Gecko) Version/16.2 Safari/605.1.15"
71.27.24.185 - - [14/Feb/2023:09:35:15 +0000] "GET /posts HTTP/1.1" 304 - "https://sciencecamp.host/dash" "Mozilla/5.0 (Macintosh; Intel Mac OS X 10_15_7) AppleWebKit/605.1.15 (KHTML, like Gecko) Version/16.2 Safari/605.1.15"
71.27.24.185 - - [14/Feb/2023:09:35:15 +0000] "GET /posts HTTP/1.1" 304 - "https://sciencecamp.host/dash" "Mozilla/5.0 (Macintosh; Intel Mac OS X 10_15_7) AppleWebKit/605.1.15 (KHTML, like Gecko) Version/16.2 Safari/605.1.15"
71.27.24.185 - - [14/Feb/2023:09:35:15 +0000] "GET /posts HTTP/1.1" 304 - "https://sciencecamp.host/dash" "Mozilla/5.0 (Macintosh; Intel Mac OS X 10_15_7) AppleWebKit/605.1.15 (KHTML, like Gecko) Version/16.2 Safari/605.1.15"
10.1.10.210 - - [14/Feb/2023:09:35:15 +0000] "GET /posts HTTP/1.1" 304 - "https://sciencecamp.host/dash" "Mozilla/5.0 (Macintosh; Intel Mac OS X 10_15_7) AppleWebKit/605.1.15 (KHTML, like Gecko) Version/16.2 Safari/605.1.15"
71.27.24.185 - - [14/Feb/2023:09:35:15 +0000] "GET /posts HTTP/1.1" 304 - "https://sciencecamp.host/dash" "Mozilla/5.0 (Macintosh; Intel Mac OS X 10_15_7) AppleWebKit/605.1.15 (KHTML, like Gecko) Version/16.2 Safari/605.1.15"
71.27.24.185 - - [14/Feb/2023:09:35:16 +0000] "GET /posts HTTP/1.1" 304 - "https://sciencecamp.host/dash" "Mozilla/5.0 (Macintosh; Intel Mac OS X 10_15_7) AppleWebKit/605.1.15 (KHTML, like Gecko) Version/16.2 Safari/605.1.15"
71.27.24.185 - - [14/Feb/2023:09:35:16 +0000] "GET /posts HTTP/1.1" 304 - "https://sciencecamp.host/dash" "Mozilla/5.0 (Macintosh; Intel Mac OS X 10_15_7) AppleWebKit/605.1.15 (KHTML, like Gecko) Version/16.2 Safari/605.1.15"
71.27.24.185 - - [14/Feb/2023:09:35:16 +0000] "GET /posts HTTP/1.1" 304 - "https://sciencecamp.host/dash" "Mozilla/5.0 (Macintosh; Intel Mac OS X 10_15_7) AppleWebKit/605.1.15 (KHTML, like Gecko) Version/16.2 Safari/605.1.15"
71.27.24.185 - - [14/Feb/2023:09:35:16 +0000] "GET /posts HTTP/1.1" 304 - "https://sciencecamp.host/dash" "Mozilla/5.0 (Macintosh; Intel Mac OS X 10_15_7) AppleWebKit/605.1.15 (KHTML, like Gecko) Version/16.2 Safari/605.1.15"
10.1.10.210 - - [14/Feb/2023:09:35:17 +0000] "GET /posts HTTP/1.1" 304 - "https://sciencecamp.host/dash" "Mozilla/5.0 (Macintosh; Intel Mac OS X 10_15_7) AppleWebKit/605.1.15 (KHTML, like Gecko) Version/16.2 Safari/605.1.15"
71.27.24.185 - - [14/Feb/2023:09:35:17 +0000] "GET /posts HTTP/1.1" 304 - "https://sciencecamp.host/dash" "Mozilla/5.0 (Macintosh; Intel Mac OS X 10_15_7) AppleWebKit/605.1.15 (KHTML, like Gecko) Version/16.2 Safari/605.1.15"
71.27.24.185 - - [14/Feb/2023:09:35:17 +0000] "GET /posts HTTP/1.1" 304 - "https://sciencecamp.host/dash" "Mozilla/5.0 (Macintosh; Intel Mac OS X 10_15_7) AppleWebKit/605.1.15 (KHTML, like Gecko) Version/16.2 Safari/605.1.15"
71.27.24.185 - - [14/Feb/2023:09:35:17 +0000] "GET /posts HTTP/1.1" 304 - "https://sciencecamp.host/dash" "Mozilla/5.0 (Macintosh; Intel Mac OS X 10_15_7) AppleWebKit/605.1.15 (KHTML, like Gecko) Version/16.2 Safari/605.1.15"
10.1.10.210 - - [14/Feb/2023:09:35:17 +0000] "GET /posts HTTP/1.1" 304 - "https://sciencecamp.host/dash" "Mozilla/5.0 (Macintosh; Intel Mac OS X 10_15_7) AppleWebKit/605.1.15 (KHTML, like Gecko) Version/16.2 Safari/605.1.15"
71.27.24.185 - - [14/Feb/2023:09:35:18 +0000] "GET /posts HTTP/1.1" 304 - "https://sciencecamp.host/dash" "Mozilla/5.0 (Macintosh; Intel Mac OS X 10_15_7) AppleWebKit/605.1.15 (KHTML, like Gecko) Version/16.2 Safari/605.1.15"
71.27.24.185 - - [14/Feb/2023:09:35:18 +0000] "GET /posts HTTP/1.1" 304 - "https://sciencecamp.host/dash" "Mozilla/5.0 (Macintosh; Intel Mac OS X 10_15_7) AppleWebKit/605.1.15 (KHTML, like Gecko) Version/16.2 Safari/605.1.15"
71.27.24.185 - - [14/Feb/2023:09:35:18 +0000] "GET /posts HTTP/1.1" 304 - "https://sciencecamp.host/dash" "Mozilla/5.0 (Macintosh; Intel Mac OS X 10_15_7) AppleWebKit/605.1.15 (KHTML, like Gecko) Version/16.2 Safari/605.1.15"
71.27.24.185 - - [14/Feb/2023:09:35:18 +0000] "GET /posts HTTP/1.1" 304 - "https://sciencecamp.host/dash" "Mozilla/5.0 (Macintosh; Intel Mac OS X 10_15_7) AppleWebKit/605.1.15 (KHTML, like Gecko) Version/16.2 Safari/605.1.15"
10.1.10.210 - - [14/Feb/2023:09:35:18 +0000] "GET /posts HTTP/1.1" 304 - "https://sciencecamp.host/dash" "Mozilla/5.0 (Macintosh; Intel Mac OS X 10_15_7) AppleWebKit/605.1.15 (KHTML, like Gecko) Version/16.2 Safari/605.1.15"
71.27.24.185 - - [14/Feb/2023:09:35:19 +0000] "GET /posts HTTP/1.1" 304 - "https://sciencecamp.host/dash" "Mozilla/5.0 (Macintosh; Intel Mac OS X 10_15_7) AppleWebKit/605.1.15 (KHTML, like Gecko) Version/16.2 Safari/605.1.15"
71.27.24.185 - - [14/Feb/2023:09:35:19 +0000] "GET /posts HTTP/1.1" 304 - "https://sciencecamp.host/dash" "Mozilla/5.0 (Macintosh; Intel Mac OS X 10_15_7) AppleWebKit/605.1.15 (KHTML, like Gecko) Version/16.2 Safari/605.1.15"
71.27.24.185 - - [14/Feb/2023:09:35:19 +0000] "GET /posts HTTP/1.1" 304 - "https://sciencecamp.host/dash" "Mozilla/5.0 (Macintosh; Intel Mac OS X 10_15_7) AppleWebKit/605.1.15 (KHTML, like Gecko) Version/16.2 Safari/605.1.15"
71.27.24.185 - - [14/Feb/2023:09:35:19 +0000] "GET /posts HTTP/1.1" 304 - "https://sciencecamp.host/dash" "Mozilla/5.0 (Macintosh; Intel Mac OS X 10_15_7) AppleWebKit/605.1.15 (KHTML, like Gecko) Version/16.2 Safari/605.1.15"
10.1.10.210 - - [14/Feb/2023:09:35:19 +0000] "GET /posts HTTP/1.1" 304 - "https://sciencecamp.host/dash" "Mozilla/5.0 (Macintosh; Intel Mac OS X 10_15_7) AppleWebKit/605.1.15 (KHTML, like Gecko) Version/16.2 Safari/605.1.15"
71.27.24.185 - - [14/Feb/2023:09:35:20 +0000] "GET /posts HTTP/1.1" 304 - "https://sciencecamp.host/dash" "Mozilla/5.0 (Macintosh; Intel Mac OS X 10_15_7) AppleWebKit/605.1.15 (KHTML, like Gecko) Version/16.2 Safari/605.1.15"
71.27.24.185 - - [14/Feb/2023:09:35:20 +0000] "GET /posts HTTP/1.1" 304 - "https://sciencecamp.host/dash" "Mozilla/5.0 (Macintosh; Intel Mac OS X 10_15_7) AppleWebKit/605.1.15 (KHTML, like Gecko) Version/16.2 Safari/605.1.15"
71.27.24.185 - - [14/Feb/2023:09:35:20 +0000] "GET /posts HTTP/1.1" 304 - "https://sciencecamp.host/dash" "Mozilla/5.0 (Macintosh; Intel Mac OS X 10_15_7) AppleWebKit/605.1.15 (KHTML, like Gecko) Version/16.2 Safari/605.1.15"
71.27.24.185 - - [14/Feb/2023:09:35:20 +0000] "GET /posts HTTP/1.1" 304 - "https://sciencecamp.host/dash" "Mozilla/5.0 (Macintosh; Intel Mac OS X 10_15_7) AppleWebKit/605.1.15 (KHTML, like Gecko) Version/16.2 Safari/605.1.15"
10.1.10.210 - - [14/Feb/2023:09:35:20 +0000] "GET /posts HTTP/1.1" 304 - "https://sciencecamp.host/dash" "Mozilla/5.0 (Macintosh; Intel Mac OS X 10_15_7) AppleWebKit/605.1.15 (KHTML, like Gecko) Version/16.2 Safari/605.1.15"
71.27.24.185 - - [14/Feb/2023:09:35:20 +0000] "GET /posts HTTP/1.1" 304 - "https://sciencecamp.host/dash" "Mozilla/5.0 (Macintosh; Intel Mac OS X 10_15_7) AppleWebKit/605.1.15 (KHTML, like Gecko) Version/16.2 Safari/605.1.15"
71.27.24.185 - - [14/Feb/2023:09:35:21 +0000] "GET /posts HTTP/1.1" 304 - "https://sciencecamp.host/dash" "Mozilla/5.0 (Macintosh; Intel Mac OS X 10_15_7) AppleWebKit/605.1.15 (KHTML, like Gecko) Version/16.2 Safari/605.1.15"
71.27.24.185 - - [14/Feb/2023:09:35:21 +0000] "GET /posts HTTP/1.1" 304 - "https://sciencecamp.host/dash" "Mozilla/5.0 (Macintosh; Intel Mac OS X 10_15_7) AppleWebKit/605.1.15 (KHTML, like Gecko) Version/16.2 Safari/605.1.15"
71.27.24.185 - - [14/Feb/2023:09:35:21 +0000] "GET /posts HTTP/1.1" 304 - "https://sciencecamp.host/dash" "Mozilla/5.0 (Macintosh; Intel Mac OS X 10_15_7) AppleWebKit/605.1.15 (KHTML, like Gecko) Version/16.2 Safari/605.1.15"
10.1.10.210 - - [14/Feb/2023:09:35:21 +0000] "GET /posts HTTP/1.1" 304 - "https://sciencecamp.host/dash" "Mozilla/5.0 (Macintosh; Intel Mac OS X 10_15_7) AppleWebKit/605.1.15 (KHTML, like Gecko) Version/16.2 Safari/605.1.15"
71.27.24.185 - - [14/Feb/2023:09:35:22 +0000] "GET /posts HTTP/1.1" 304 - "https://sciencecamp.host/dash" "Mozilla/5.0 (Macintosh; Intel Mac OS X 10_15_7) AppleWebKit/605.1.15 (KHTML, like Gecko) Version/16.2 Safari/605.1.15"
71.27.24.185 - - [14/Feb/2023:09:35:22 +0000] "GET /posts HTTP/1.1" 304 - "https://sciencecamp.host/dash" "Mozilla/5.0 (Macintosh; Intel Mac OS X 10_15_7) AppleWebKit/605.1.15 (KHTML, like Gecko) Version/16.2 Safari/605.1.15"
71.27.24.185 - - [14/Feb/2023:09:35:22 +0000] "GET /posts HTTP/1.1" 304 - "https://sciencecamp.host/dash" "Mozilla/5.0 (Macintosh; Intel Mac OS X 10_15_7) AppleWebKit/605.1.15 (KHTML, like Gecko) Version/16.2 Safari/605.1.15"
71.27.24.185 - - [14/Feb/2023:09:35:22 +0000] "GET /posts HTTP/1.1" 304 - "https://sciencecamp.host/dash" "Mozilla/5.0 (Macintosh; Intel Mac OS X 10_15_7) AppleWebKit/605.1.15 (KHTML, like Gecko) Version/16.2 Safari/605.1.15"
10.1.10.210 - - [14/Feb/2023:09:35:22 +0000] "GET /posts HTTP/1.1" 304 - "https://sciencecamp.host/dash" "Mozilla/5.0 (Macintosh; Intel Mac OS X 10_15_7) AppleWebKit/605.1.15 (KHTML, like Gecko) Version/16.2 Safari/605.1.15"
71.27.24.185 - - [14/Feb/2023:09:35:23 +0000] "GET /posts HTTP/1.1" 304 - "https://sciencecamp.host/dash" "Mozilla/5.0 (Macintosh; Intel Mac OS X 10_15_7) AppleWebKit/605.1.15 (KHTML, like Gecko) Version/16.2 Safari/605.1.15"
71.27.24.185 - - [14/Feb/2023:09:35:23 +0000] "GET /posts HTTP/1.1" 304 - "https://sciencecamp.host/dash" "Mozilla/5.0 (Macintosh; Intel Mac OS X 10_15_7) AppleWebKit/605.1.15 (KHTML, like Gecko) Version/16.2 Safari/605.1.15"
71.27.24.185 - - [14/Feb/2023:09:35:23 +0000] "GET /posts HTTP/1.1" 304 - "https://sciencecamp.host/dash" "Mozilla/5.0 (Macintosh; Intel Mac OS X 10_15_7) AppleWebKit/605.1.15 (KHTML, like Gecko) Version/16.2 Safari/605.1.15"
71.27.24.185 - - [14/Feb/2023:09:35:23 +0000] "GET /posts HTTP/1.1" 304 - "https://sciencecamp.host/dash" "Mozilla/5.0 (Macintosh; Intel Mac OS X 10_15_7) AppleWebKit/605.1.15 (KHTML, like Gecko) Version/16.2 Safari/605.1.15"
