162.158.154.4 - - [06/Jul/2023:07:03:02 +0000] "GET /dash/manifest.json HTTP/1.1" 200 666 "https://kader.pub/dash/kader" "Mozilla/5.0 (Macintosh; Intel Mac OS X 10_15_7) AppleWebKit/537.36 (KHTML, like Gecko) Chrome/109.0.0.0 Safari/537.36"
162.158.155.51 - - [06/Jul/2023:07:03:02 +0000] "GET /dash/manifest.json HTTP/1.1" 304 - "https://kader.pub/dash/kader" "Mozilla/5.0 (Linux; Android 11; moto g power (2022)) AppleWebKit/537.36 (KHTML, like Gecko) Chrome/109.0.0.0 Mobile Safari/537.36"
172.70.114.178 - - [06/Jul/2023:07:03:04 +0000] "POST /offline HTTP/1.1" 404 147 "https://kader.pub/dash" "Mozilla/5.0 (Macintosh; Intel Mac OS X 10_15_7) AppleWebKit/537.36 (KHTML, like Gecko) Chrome/114.0.0.0 Safari/537.36"
162.158.155.55 - - [06/Jul/2023:07:03:04 +0000] "POST /dash/post HTTP/1.1" 200 20 "https://kader.pub/dash" "Mozilla/5.0 (Macintosh; Intel Mac OS X 10_15_7) AppleWebKit/537.36 (KHTML, like Gecko) Chrome/114.0.0.0 Safari/537.36"
162.158.154.4 - - [06/Jul/2023:07:03:05 +0000] "GET /dash/manifest.json HTTP/1.1" 304 - "https://kader.pub/dash/kader" "Mozilla/5.0 (Macintosh; Intel Mac OS X 10_15_7) AppleWebKit/537.36 (KHTML, like Gecko) Chrome/109.0.0.0 Safari/537.36"
162.158.62.170 - - [06/Jul/2023:07:03:05 +0000] "GET /dash HTTP/1.1" 304 - "https://kader.pub/dash" "Mozilla/5.0 (Macintosh; Intel Mac OS X 10_15_7) AppleWebKit/537.36 (KHTML, like Gecko) Chrome/114.0.0.0 Safari/537.36"
162.158.62.170 - - [06/Jul/2023:07:03:05 +0000] "POST /api HTTP/1.1" 201 133 "https://kader.pub/dash" "Mozilla/5.0 (Macintosh; Intel Mac OS X 10_15_7) AppleWebKit/537.36 (KHTML, like Gecko) Chrome/114.0.0.0 Safari/537.36"
162.158.158.93 - - [06/Jul/2023:07:03:05 +0000] "POST /online HTTP/1.1" 200 982 "https://kader.pub/dash" "Mozilla/5.0 (Macintosh; Intel Mac OS X 10_15_7) AppleWebKit/537.36 (KHTML, like Gecko) Chrome/114.0.0.0 Safari/537.36"
162.158.62.170 - - [06/Jul/2023:07:03:05 +0000] "POST /api HTTP/1.1" 201 133 "https://kader.pub/dash" "Mozilla/5.0 (Macintosh; Intel Mac OS X 10_15_7) AppleWebKit/537.36 (KHTML, like Gecko) Chrome/114.0.0.0 Safari/537.36"
162.158.158.93 - - [06/Jul/2023:07:03:06 +0000] "GET /posts HTTP/1.1" 200 2622 "https://kader.pub/feed" "Mozilla/5.0 (Macintosh; Intel Mac OS X 10_15_7) AppleWebKit/537.36 (KHTML, like Gecko) Chrome/114.0.0.0 Safari/537.36"
162.158.158.93 - - [06/Jul/2023:07:03:07 +0000] "GET /posts HTTP/1.1" 304 - "https://kader.pub/feed" "Mozilla/5.0 (Macintosh; Intel Mac OS X 10_15_7) AppleWebKit/537.36 (KHTML, like Gecko) Chrome/114.0.0.0 Safari/537.36"
162.158.158.93 - - [06/Jul/2023:07:03:08 +0000] "POST /online HTTP/1.1" 200 982 "https://kader.pub/dash" "Mozilla/5.0 (Macintosh; Intel Mac OS X 10_15_7) AppleWebKit/537.36 (KHTML, like Gecko) Chrome/114.0.0.0 Safari/537.36"
162.158.158.93 - - [06/Jul/2023:07:03:08 +0000] "GET /posts HTTP/1.1" 304 - "https://kader.pub/dash" "Mozilla/5.0 (Macintosh; Intel Mac OS X 10_15_7) AppleWebKit/537.36 (KHTML, like Gecko) Chrome/114.0.0.0 Safari/537.36"
162.158.158.93 - - [06/Jul/2023:07:03:09 +0000] "POST /dash HTTP/1.1" 200 4753 "https://kader.pub/search" "Mozilla/5.0 (Macintosh; Intel Mac OS X 10_15_7) AppleWebKit/537.36 (KHTML, like Gecko) Chrome/114.0.0.0 Safari/537.36"
162.158.158.93 - - [06/Jul/2023:07:03:09 +0000] "GET /posts HTTP/1.1" 304 - "https://kader.pub/search" "Mozilla/5.0 (Macintosh; Intel Mac OS X 10_15_7) AppleWebKit/537.36 (KHTML, like Gecko) Chrome/114.0.0.0 Safari/537.36"
172.70.114.179 - - [06/Jul/2023:07:03:10 +0000] "GET /api/poob HTTP/1.1" 200 414 "https://kader.pub/dash/poob" "Mozilla/5.0 (Macintosh; Intel Mac OS X 10_15_7) AppleWebKit/537.36 (KHTML, like Gecko) Chrome/114.0.0.0 Safari/537.36"
162.158.158.131 - - [06/Jul/2023:07:03:10 +0000] "GET /dash/favicon.ico HTTP/1.1" 304 - "https://kader.pub/dash/poob" "Mozilla/5.0 (Macintosh; Intel Mac OS X 10_15_7) AppleWebKit/537.36 (KHTML, like Gecko) Chrome/114.0.0.0 Safari/537.36"
162.158.155.96 - - [06/Jul/2023:07:03:10 +0000] "GET /uploads/1684941788904.png HTTP/1.1" 201 2285 "https://kader.pub/dash/poob" "Mozilla/5.0 (Macintosh; Intel Mac OS X 10_15_7) AppleWebKit/537.36 (KHTML, like Gecko) Chrome/114.0.0.0 Safari/537.36"
162.158.158.93 - - [06/Jul/2023:07:03:10 +0000] "GET /posts HTTP/1.1" 304 - "https://kader.pub/dash/poob" "Mozilla/5.0 (Macintosh; Intel Mac OS X 10_15_7) AppleWebKit/537.36 (KHTML, like Gecko) Chrome/114.0.0.0 Safari/537.36"
172.70.111.56 - - [06/Jul/2023:07:03:11 +0000] "GET /dash/kader HTTP/1.1" 200 666 "-" "Mozilla/5.0 (Linux; Android 11; moto g power (2022)) AppleWebKit/537.36 (KHTML, like Gecko) Chrome/109.0.0.0 Mobile Safari/537.36"
162.158.155.52 - - [06/Jul/2023:07:03:11 +0000] "GET /dash/manifest.json HTTP/1.1" 200 666 "https://kader.pub/dash/kader" "Mozilla/5.0 (Linux; Android 11; moto g power (2022)) AppleWebKit/537.36 (KHTML, like Gecko) Chrome/109.0.0.0 Mobile Safari/537.36"
162.158.62.109 - - [06/Jul/2023:07:03:11 +0000] "POST /api HTTP/1.1" 201 133 "https://kader.pub/dash/kader" "Mozilla/5.0 (Linux; Android 11; moto g power (2022)) AppleWebKit/537.36 (KHTML, like Gecko) Chrome/109.0.0.0 Mobile Safari/537.36"
172.70.111.56 - - [06/Jul/2023:07:03:11 +0000] "GET /api/kader HTTP/1.1" 200 2 "https://kader.pub/dash/kader" "Mozilla/5.0 (Linux; Android 11; moto g power (2022)) AppleWebKit/537.36 (KHTML, like Gecko) Chrome/109.0.0.0 Mobile Safari/537.36"
162.158.158.131 - - [06/Jul/2023:07:03:11 +0000] "GET /dash/favicon.ico HTTP/1.1" 304 - "https://kader.pub/dash/kader" "Mozilla/5.0 (Linux; Android 11; moto g power (2022)) AppleWebKit/537.36 (KHTML, like Gecko) Chrome/109.0.0.0 Mobile Safari/537.36"
162.158.158.93 - - [06/Jul/2023:07:03:11 +0000] "GET /posts HTTP/1.1" 304 - "https://kader.pub/dash/poob" "Mozilla/5.0 (Macintosh; Intel Mac OS X 10_15_7) AppleWebKit/537.36 (KHTML, like Gecko) Chrome/114.0.0.0 Safari/537.36"
162.158.158.93 - - [06/Jul/2023:07:03:12 +0000] "POST /dash HTTP/1.1" 200 4753 "https://kader.pub/search" "Mozilla/5.0 (Macintosh; Intel Mac OS X 10_15_7) AppleWebKit/537.36 (KHTML, like Gecko) Chrome/114.0.0.0 Safari/537.36"
162.158.158.93 - - [06/Jul/2023:07:03:12 +0000] "GET /posts HTTP/1.1" 304 - "https://kader.pub/search" "Mozilla/5.0 (Macintosh; Intel Mac OS X 10_15_7) AppleWebKit/537.36 (KHTML, like Gecko) Chrome/114.0.0.0 Safari/537.36"
162.158.158.93 - - [06/Jul/2023:07:03:13 +0000] "GET /posts HTTP/1.1" 304 - "https://kader.pub/search" "Mozilla/5.0 (Macintosh; Intel Mac OS X 10_15_7) AppleWebKit/537.36 (KHTML, like Gecko) Chrome/114.0.0.0 Safari/537.36"
172.70.110.20 - - [06/Jul/2023:07:03:14 +0000] "GET /dash/kader HTTP/1.1" 200 666 "-" "Mozilla/5.0 (Macintosh; Intel Mac OS X 10_15_7) AppleWebKit/537.36 (KHTML, like Gecko) Chrome/109.0.0.0 Safari/537.36"
162.158.62.170 - - [06/Jul/2023:07:03:14 +0000] "GET /api/regis HTTP/1.1" 200 480 "https://kader.pub/dash/regis" "Mozilla/5.0 (Macintosh; Intel Mac OS X 10_15_7) AppleWebKit/537.36 (KHTML, like Gecko) Chrome/114.0.0.0 Safari/537.36"
162.158.62.254 - - [06/Jul/2023:07:03:14 +0000] "GET /uploads/1688493369637.png HTTP/1.1" 201 166753 "https://kader.pub/dash/regis" "Mozilla/5.0 (Macintosh; Intel Mac OS X 10_15_7) AppleWebKit/537.36 (KHTML, like Gecko) Chrome/114.0.0.0 Safari/537.36"
162.158.155.52 - - [06/Jul/2023:07:03:14 +0000] "GET /dash/manifest.json HTTP/1.1" 304 - "https://kader.pub/dash/kader" "Mozilla/5.0 (Linux; Android 11; moto g power (2022)) AppleWebKit/537.36 (KHTML, like Gecko) Chrome/109.0.0.0 Mobile Safari/537.36"
172.70.110.20 - - [06/Jul/2023:07:03:14 +0000] "GET /api/kader HTTP/1.1" 200 2 "https://kader.pub/dash/kader" "Mozilla/5.0 (Macintosh; Intel Mac OS X 10_15_7) AppleWebKit/537.36 (KHTML, like Gecko) Chrome/109.0.0.0 Safari/537.36"
162.158.154.4 - - [06/Jul/2023:07:03:14 +0000] "GET /dash/manifest.json HTTP/1.1" 200 666 "https://kader.pub/dash/kader" "Mozilla/5.0 (Macintosh; Intel Mac OS X 10_15_7) AppleWebKit/537.36 (KHTML, like Gecko) Chrome/109.0.0.0 Safari/537.36"
162.158.62.71 - - [06/Jul/2023:07:03:14 +0000] "POST /api HTTP/1.1" 201 133 "https://kader.pub/dash/kader" "Mozilla/5.0 (Macintosh; Intel Mac OS X 10_15_7) AppleWebKit/537.36 (KHTML, like Gecko) Chrome/109.0.0.0 Safari/537.36"
162.158.158.131 - - [06/Jul/2023:07:03:14 +0000] "GET /dash/favicon.ico HTTP/1.1" 304 - "https://kader.pub/dash/kader" "Mozilla/5.0 (Macintosh; Intel Mac OS X 10_15_7) AppleWebKit/537.36 (KHTML, like Gecko) Chrome/109.0.0.0 Safari/537.36"
162.158.158.93 - - [06/Jul/2023:07:03:14 +0000] "GET /posts HTTP/1.1" 304 - "https://kader.pub/dash/regis" "Mozilla/5.0 (Macintosh; Intel Mac OS X 10_15_7) AppleWebKit/537.36 (KHTML, like Gecko) Chrome/114.0.0.0 Safari/537.36"
162.158.158.93 - - [06/Jul/2023:07:03:15 +0000] "GET /posts HTTP/1.1" 304 - "https://kader.pub/dash/regis" "Mozilla/5.0 (Macintosh; Intel Mac OS X 10_15_7) AppleWebKit/537.36 (KHTML, like Gecko) Chrome/114.0.0.0 Safari/537.36"
162.158.158.93 - - [06/Jul/2023:07:03:16 +0000] "GET /posts HTTP/1.1" 304 - "https://kader.pub/dash/regis" "Mozilla/5.0 (Macintosh; Intel Mac OS X 10_15_7) AppleWebKit/537.36 (KHTML, like Gecko) Chrome/114.0.0.0 Safari/537.36"
162.158.154.4 - - [06/Jul/2023:07:03:17 +0000] "GET /dash/manifest.json HTTP/1.1" 304 - "https://kader.pub/dash/kader" "Mozilla/5.0 (Macintosh; Intel Mac OS X 10_15_7) AppleWebKit/537.36 (KHTML, like Gecko) Chrome/109.0.0.0 Safari/537.36"
162.158.158.93 - - [06/Jul/2023:07:03:17 +0000] "GET /posts HTTP/1.1" 304 - "https://kader.pub/dash/regis" "Mozilla/5.0 (Macintosh; Intel Mac OS X 10_15_7) AppleWebKit/537.36 (KHTML, like Gecko) Chrome/114.0.0.0 Safari/537.36"
162.158.158.93 - - [06/Jul/2023:07:03:18 +0000] "GET /posts HTTP/1.1" 304 - "https://kader.pub/dash/regis" "Mozilla/5.0 (Macintosh; Intel Mac OS X 10_15_7) AppleWebKit/537.36 (KHTML, like Gecko) Chrome/114.0.0.0 Safari/537.36"
162.158.158.93 - - [06/Jul/2023:07:03:19 +0000] "GET /posts HTTP/1.1" 304 - "https://kader.pub/dash/regis" "Mozilla/5.0 (Macintosh; Intel Mac OS X 10_15_7) AppleWebKit/537.36 (KHTML, like Gecko) Chrome/114.0.0.0 Safari/537.36"
162.158.158.93 - - [06/Jul/2023:07:03:20 +0000] "GET /posts HTTP/1.1" 304 - "https://kader.pub/dash/regis" "Mozilla/5.0 (Macintosh; Intel Mac OS X 10_15_7) AppleWebKit/537.36 (KHTML, like Gecko) Chrome/114.0.0.0 Safari/537.36"
162.158.158.93 - - [06/Jul/2023:07:03:21 +0000] "GET /posts HTTP/1.1" 304 - "https://kader.pub/dash/regis" "Mozilla/5.0 (Macintosh; Intel Mac OS X 10_15_7) AppleWebKit/537.36 (KHTML, like Gecko) Chrome/114.0.0.0 Safari/537.36"
172.70.111.55 - - [06/Jul/2023:07:03:22 +0000] "GET /dash/kader HTTP/1.1" 200 666 "-" "Mozilla/5.0 (Linux; Android 11; moto g power (2022)) AppleWebKit/537.36 (KHTML, like Gecko) Chrome/109.0.0.0 Mobile Safari/537.36"
162.158.158.93 - - [06/Jul/2023:07:03:22 +0000] "GET /posts HTTP/1.1" 304 - "https://kader.pub/dash/regis" "Mozilla/5.0 (Macintosh; Intel Mac OS X 10_15_7) AppleWebKit/537.36 (KHTML, like Gecko) Chrome/114.0.0.0 Safari/537.36"
172.70.111.55 - - [06/Jul/2023:07:03:23 +0000] "GET /api/kader HTTP/1.1" 200 2 "https://kader.pub/dash/kader" "Mozilla/5.0 (Linux; Android 11; moto g power (2022)) AppleWebKit/537.36 (KHTML, like Gecko) Chrome/109.0.0.0 Mobile Safari/537.36"
162.158.155.52 - - [06/Jul/2023:07:03:23 +0000] "GET /dash/manifest.json HTTP/1.1" 200 666 "https://kader.pub/dash/kader" "Mozilla/5.0 (Linux; Android 11; moto g power (2022)) AppleWebKit/537.36 (KHTML, like Gecko) Chrome/109.0.0.0 Mobile Safari/537.36"
162.158.62.109 - - [06/Jul/2023:07:03:23 +0000] "POST /api HTTP/1.1" 201 133 "https://kader.pub/dash/kader" "Mozilla/5.0 (Linux; Android 11; moto g power (2022)) AppleWebKit/537.36 (KHTML, like Gecko) Chrome/109.0.0.0 Mobile Safari/537.36"
162.158.158.130 - - [06/Jul/2023:07:03:23 +0000] "GET /dash/favicon.ico HTTP/1.1" 304 - "https://kader.pub/dash/kader" "Mozilla/5.0 (Linux; Android 11; moto g power (2022)) AppleWebKit/537.36 (KHTML, like Gecko) Chrome/109.0.0.0 Mobile Safari/537.36"
162.158.158.93 - - [06/Jul/2023:07:03:23 +0000] "GET /posts HTTP/1.1" 304 - "https://kader.pub/dash/regis" "Mozilla/5.0 (Macintosh; Intel Mac OS X 10_15_7) AppleWebKit/537.36 (KHTML, like Gecko) Chrome/114.0.0.0 Safari/537.36"
162.158.158.93 - - [06/Jul/2023:07:03:24 +0000] "GET /posts HTTP/1.1" 304 - "https://kader.pub/dash/regis" "Mozilla/5.0 (Macintosh; Intel Mac OS X 10_15_7) AppleWebKit/537.36 (KHTML, like Gecko) Chrome/114.0.0.0 Safari/537.36"
162.158.155.52 - - [06/Jul/2023:07:03:25 +0000] "GET /dash/manifest.json HTTP/1.1" 304 - "https://kader.pub/dash/kader" "Mozilla/5.0 (Linux; Android 11; moto g power (2022)) AppleWebKit/537.36 (KHTML, like Gecko) Chrome/109.0.0.0 Mobile Safari/537.36"
162.158.158.93 - - [06/Jul/2023:07:03:25 +0000] "GET /posts HTTP/1.1" 304 - "https://kader.pub/dash/regis" "Mozilla/5.0 (Macintosh; Intel Mac OS X 10_15_7) AppleWebKit/537.36 (KHTML, like Gecko) Chrome/114.0.0.0 Safari/537.36"
162.158.158.93 - - [06/Jul/2023:07:03:26 +0000] "GET /posts HTTP/1.1" 304 - "https://kader.pub/dash/regis" "Mozilla/5.0 (Macintosh; Intel Mac OS X 10_15_7) AppleWebKit/537.36 (KHTML, like Gecko) Chrome/114.0.0.0 Safari/537.36"
172.70.110.20 - - [06/Jul/2023:07:03:26 +0000] "GET /dash/kader HTTP/1.1" 200 666 "-" "Mozilla/5.0 (Macintosh; Intel Mac OS X 10_15_7) AppleWebKit/537.36 (KHTML, like Gecko) Chrome/109.0.0.0 Safari/537.36"
172.70.110.20 - - [06/Jul/2023:07:03:27 +0000] "GET /api/kader HTTP/1.1" 200 2 "https://kader.pub/dash/kader" "Mozilla/5.0 (Macintosh; Intel Mac OS X 10_15_7) AppleWebKit/537.36 (KHTML, like Gecko) Chrome/109.0.0.0 Safari/537.36"
162.158.158.93 - - [06/Jul/2023:07:03:27 +0000] "GET /posts HTTP/1.1" 304 - "https://kader.pub/dash/regis" "Mozilla/5.0 (Macintosh; Intel Mac OS X 10_15_7) AppleWebKit/537.36 (KHTML, like Gecko) Chrome/114.0.0.0 Safari/537.36"
162.158.154.4 - - [06/Jul/2023:07:03:27 +0000] "GET /dash/manifest.json HTTP/1.1" 200 666 "https://kader.pub/dash/kader" "Mozilla/5.0 (Macintosh; Intel Mac OS X 10_15_7) AppleWebKit/537.36 (KHTML, like Gecko) Chrome/109.0.0.0 Safari/537.36"
162.158.62.70 - - [06/Jul/2023:07:03:27 +0000] "POST /api HTTP/1.1" 201 133 "https://kader.pub/dash/kader" "Mozilla/5.0 (Macintosh; Intel Mac OS X 10_15_7) AppleWebKit/537.36 (KHTML, like Gecko) Chrome/109.0.0.0 Safari/537.36"
162.158.158.130 - - [06/Jul/2023:07:03:27 +0000] "GET /dash/favicon.ico HTTP/1.1" 304 - "https://kader.pub/dash/kader" "Mozilla/5.0 (Macintosh; Intel Mac OS X 10_15_7) AppleWebKit/537.36 (KHTML, like Gecko) Chrome/109.0.0.0 Safari/537.36"
162.158.158.93 - - [06/Jul/2023:07:03:28 +0000] "GET /posts HTTP/1.1" 304 - "https://kader.pub/dash/regis" "Mozilla/5.0 (Macintosh; Intel Mac OS X 10_15_7) AppleWebKit/537.36 (KHTML, like Gecko) Chrome/114.0.0.0 Safari/537.36"
162.158.158.93 - - [06/Jul/2023:07:03:29 +0000] "GET /posts HTTP/1.1" 304 - "https://kader.pub/dash/regis" "Mozilla/5.0 (Macintosh; Intel Mac OS X 10_15_7) AppleWebKit/537.36 (KHTML, like Gecko) Chrome/114.0.0.0 Safari/537.36"
162.158.154.4 - - [06/Jul/2023:07:03:30 +0000] "GET /dash/manifest.json HTTP/1.1" 304 - "https://kader.pub/dash/kader" "Mozilla/5.0 (Macintosh; Intel Mac OS X 10_15_7) AppleWebKit/537.36 (KHTML, like Gecko) Chrome/109.0.0.0 Safari/537.36"
162.158.158.93 - - [06/Jul/2023:07:03:30 +0000] "GET /posts HTTP/1.1" 304 - "https://kader.pub/dash/regis" "Mozilla/5.0 (Macintosh; Intel Mac OS X 10_15_7) AppleWebKit/537.36 (KHTML, like Gecko) Chrome/114.0.0.0 Safari/537.36"
162.158.158.93 - - [06/Jul/2023:07:03:31 +0000] "GET /posts HTTP/1.1" 304 - "https://kader.pub/dash/regis" "Mozilla/5.0 (Macintosh; Intel Mac OS X 10_15_7) AppleWebKit/537.36 (KHTML, like Gecko) Chrome/114.0.0.0 Safari/537.36"
162.158.158.93 - - [06/Jul/2023:07:03:32 +0000] "GET /posts HTTP/1.1" 304 - "https://kader.pub/dash/regis" "Mozilla/5.0 (Macintosh; Intel Mac OS X 10_15_7) AppleWebKit/537.36 (KHTML, like Gecko) Chrome/114.0.0.0 Safari/537.36"
162.158.158.93 - - [06/Jul/2023:07:03:33 +0000] "GET /posts HTTP/1.1" 304 - "https://kader.pub/dash/regis" "Mozilla/5.0 (Macintosh; Intel Mac OS X 10_15_7) AppleWebKit/537.36 (KHTML, like Gecko) Chrome/114.0.0.0 Safari/537.36"
162.158.158.93 - - [06/Jul/2023:07:03:34 +0000] "GET /posts HTTP/1.1" 304 - "https://kader.pub/dash/regis" "Mozilla/5.0 (Macintosh; Intel Mac OS X 10_15_7) AppleWebKit/537.36 (KHTML, like Gecko) Chrome/114.0.0.0 Safari/537.36"
162.158.158.93 - - [06/Jul/2023:07:03:35 +0000] "GET /posts HTTP/1.1" 304 - "https://kader.pub/dash/regis" "Mozilla/5.0 (Macintosh; Intel Mac OS X 10_15_7) AppleWebKit/537.36 (KHTML, like Gecko) Chrome/114.0.0.0 Safari/537.36"
162.158.158.93 - - [06/Jul/2023:07:03:36 +0000] "GET /posts HTTP/1.1" 304 - "https://kader.pub/dash/regis" "Mozilla/5.0 (Macintosh; Intel Mac OS X 10_15_7) AppleWebKit/537.36 (KHTML, like Gecko) Chrome/114.0.0.0 Safari/537.36"
162.158.158.93 - - [06/Jul/2023:07:03:37 +0000] "GET /posts HTTP/1.1" 304 - "https://kader.pub/dash/regis" "Mozilla/5.0 (Macintosh; Intel Mac OS X 10_15_7) AppleWebKit/537.36 (KHTML, like Gecko) Chrome/114.0.0.0 Safari/537.36"
162.158.158.93 - - [06/Jul/2023:07:03:38 +0000] "GET /posts HTTP/1.1" 304 - "https://kader.pub/dash/regis" "Mozilla/5.0 (Macintosh; Intel Mac OS X 10_15_7) AppleWebKit/537.36 (KHTML, like Gecko) Chrome/114.0.0.0 Safari/537.36"
162.158.158.93 - - [06/Jul/2023:07:03:39 +0000] "GET /posts HTTP/1.1" 304 - "https://kader.pub/dash/regis" "Mozilla/5.0 (Macintosh; Intel Mac OS X 10_15_7) AppleWebKit/537.36 (KHTML, like Gecko) Chrome/114.0.0.0 Safari/537.36"
162.158.158.93 - - [06/Jul/2023:07:03:40 +0000] "GET /posts HTTP/1.1" 304 - "https://kader.pub/dash/regis" "Mozilla/5.0 (Macintosh; Intel Mac OS X 10_15_7) AppleWebKit/537.36 (KHTML, like Gecko) Chrome/114.0.0.0 Safari/537.36"
162.158.158.93 - - [06/Jul/2023:07:03:41 +0000] "POST /dash HTTP/1.1" 200 4753 "https://kader.pub/search" "Mozilla/5.0 (Macintosh; Intel Mac OS X 10_15_7) AppleWebKit/537.36 (KHTML, like Gecko) Chrome/114.0.0.0 Safari/537.36"
162.158.158.93 - - [06/Jul/2023:07:03:41 +0000] "GET /posts HTTP/1.1" 304 - "https://kader.pub/search" "Mozilla/5.0 (Macintosh; Intel Mac OS X 10_15_7) AppleWebKit/537.36 (KHTML, like Gecko) Chrome/114.0.0.0 Safari/537.36"
162.158.158.93 - - [06/Jul/2023:07:03:42 +0000] "GET /posts HTTP/1.1" 304 - "https://kader.pub/search" "Mozilla/5.0 (Macintosh; Intel Mac OS X 10_15_7) AppleWebKit/537.36 (KHTML, like Gecko) Chrome/114.0.0.0 Safari/537.36"
162.158.158.93 - - [06/Jul/2023:07:03:43 +0000] "GET /posts HTTP/1.1" 304 - "https://kader.pub/search" "Mozilla/5.0 (Macintosh; Intel Mac OS X 10_15_7) AppleWebKit/537.36 (KHTML, like Gecko) Chrome/114.0.0.0 Safari/537.36"
162.158.158.93 - - [06/Jul/2023:07:03:44 +0000] "GET /posts HTTP/1.1" 304 - "https://kader.pub/search" "Mozilla/5.0 (Macintosh; Intel Mac OS X 10_15_7) AppleWebKit/537.36 (KHTML, like Gecko) Chrome/114.0.0.0 Safari/537.36"
162.158.158.93 - - [06/Jul/2023:07:03:45 +0000] "GET /posts HTTP/1.1" 304 - "https://kader.pub/search" "Mozilla/5.0 (Macintosh; Intel Mac OS X 10_15_7) AppleWebKit/537.36 (KHTML, like Gecko) Chrome/114.0.0.0 Safari/537.36"
172.70.110.153 - - [06/Jul/2023:07:03:46 +0000] "GET /api/acc HTTP/1.1" 200 475 "https://kader.pub/dash/acc" "Mozilla/5.0 (Macintosh; Intel Mac OS X 10_15_7) AppleWebKit/537.36 (KHTML, like Gecko) Chrome/114.0.0.0 Safari/537.36"
162.158.62.225 - - [06/Jul/2023:07:03:46 +0000] "GET /uploads/1684977674708.png HTTP/1.1" 201 2679 "https://kader.pub/dash/acc" "Mozilla/5.0 (Macintosh; Intel Mac OS X 10_15_7) AppleWebKit/537.36 (KHTML, like Gecko) Chrome/114.0.0.0 Safari/537.36"
162.158.158.93 - - [06/Jul/2023:07:03:46 +0000] "GET /posts HTTP/1.1" 304 - "https://kader.pub/dash/acc" "Mozilla/5.0 (Macintosh; Intel Mac OS X 10_15_7) AppleWebKit/537.36 (KHTML, like Gecko) Chrome/114.0.0.0 Safari/537.36"
162.158.158.93 - - [06/Jul/2023:07:03:47 +0000] "GET /posts HTTP/1.1" 304 - "https://kader.pub/dash/acc" "Mozilla/5.0 (Macintosh; Intel Mac OS X 10_15_7) AppleWebKit/537.36 (KHTML, like Gecko) Chrome/114.0.0.0 Safari/537.36"
162.158.158.93 - - [06/Jul/2023:07:03:47 +0000] "POST /dash HTTP/1.1" 200 4753 "https://kader.pub/search" "Mozilla/5.0 (Macintosh; Intel Mac OS X 10_15_7) AppleWebKit/537.36 (KHTML, like Gecko) Chrome/114.0.0.0 Safari/537.36"
172.70.114.178 - - [06/Jul/2023:07:03:48 +0000] "GET /api/poob HTTP/1.1" 304 - "https://kader.pub/dash/poob" "Mozilla/5.0 (Macintosh; Intel Mac OS X 10_15_7) AppleWebKit/537.36 (KHTML, like Gecko) Chrome/114.0.0.0 Safari/537.36"
162.158.155.95 - - [06/Jul/2023:07:03:48 +0000] "GET /uploads/1684941788904.png HTTP/1.1" 201 2285 "https://kader.pub/dash/poob" "Mozilla/5.0 (Macintosh; Intel Mac OS X 10_15_7) AppleWebKit/537.36 (KHTML, like Gecko) Chrome/114.0.0.0 Safari/537.36"
162.158.158.93 - - [06/Jul/2023:07:03:48 +0000] "GET /posts HTTP/1.1" 304 - "https://kader.pub/dash/poob" "Mozilla/5.0 (Macintosh; Intel Mac OS X 10_15_7) AppleWebKit/537.36 (KHTML, like Gecko) Chrome/114.0.0.0 Safari/537.36"
162.158.158.93 - - [06/Jul/2023:07:03:49 +0000] "POST /dash HTTP/1.1" 200 4753 "https://kader.pub/search" "Mozilla/5.0 (Macintosh; Intel Mac OS X 10_15_7) AppleWebKit/537.36 (KHTML, like Gecko) Chrome/114.0.0.0 Safari/537.36"
162.158.158.93 - - [06/Jul/2023:07:03:49 +0000] "GET /posts HTTP/1.1" 304 - "https://kader.pub/search" "Mozilla/5.0 (Macintosh; Intel Mac OS X 10_15_7) AppleWebKit/537.36 (KHTML, like Gecko) Chrome/114.0.0.0 Safari/537.36"
162.158.62.170 - - [06/Jul/2023:07:03:50 +0000] "GET /api/regis HTTP/1.1" 304 - "https://kader.pub/dash/regis" "Mozilla/5.0 (Macintosh; Intel Mac OS X 10_15_7) AppleWebKit/537.36 (KHTML, like Gecko) Chrome/114.0.0.0 Safari/537.36"
162.158.158.93 - - [06/Jul/2023:07:03:50 +0000] "GET /posts HTTP/1.1" 304 - "https://kader.pub/dash/regis" "Mozilla/5.0 (Macintosh; Intel Mac OS X 10_15_7) AppleWebKit/537.36 (KHTML, like Gecko) Chrome/114.0.0.0 Safari/537.36"
162.158.158.93 - - [06/Jul/2023:07:03:51 +0000] "GET /posts HTTP/1.1" 304 - "https://kader.pub/dash/regis" "Mozilla/5.0 (Macintosh; Intel Mac OS X 10_15_7) AppleWebKit/537.36 (KHTML, like Gecko) Chrome/114.0.0.0 Safari/537.36"
162.158.158.93 - - [06/Jul/2023:07:03:52 +0000] "POST /dash HTTP/1.1" 200 4753 "https://kader.pub/search" "Mozilla/5.0 (Macintosh; Intel Mac OS X 10_15_7) AppleWebKit/537.36 (KHTML, like Gecko) Chrome/114.0.0.0 Safari/537.36"
162.158.158.93 - - [06/Jul/2023:07:03:52 +0000] "GET /posts HTTP/1.1" 304 - "https://kader.pub/search" "Mozilla/5.0 (Macintosh; Intel Mac OS X 10_15_7) AppleWebKit/537.36 (KHTML, like Gecko) Chrome/114.0.0.0 Safari/537.36"
162.158.158.93 - - [06/Jul/2023:07:03:53 +0000] "POST /online HTTP/1.1" 200 982 "https://kader.pub/dash" "Mozilla/5.0 (Macintosh; Intel Mac OS X 10_15_7) AppleWebKit/537.36 (KHTML, like Gecko) Chrome/114.0.0.0 Safari/537.36"
162.158.158.93 - - [06/Jul/2023:07:03:53 +0000] "GET /posts HTTP/1.1" 304 - "https://kader.pub/dash" "Mozilla/5.0 (Macintosh; Intel Mac OS X 10_15_7) AppleWebKit/537.36 (KHTML, like Gecko) Chrome/114.0.0.0 Safari/537.36"
162.158.158.93 - - [06/Jul/2023:07:03:54 +0000] "GET /posts HTTP/1.1" 304 - "https://kader.pub/dash" "Mozilla/5.0 (Macintosh; Intel Mac OS X 10_15_7) AppleWebKit/537.36 (KHTML, like Gecko) Chrome/114.0.0.0 Safari/537.36"
162.158.158.93 - - [06/Jul/2023:07:03:55 +0000] "GET /posts HTTP/1.1" 304 - "https://kader.pub/dash" "Mozilla/5.0 (Macintosh; Intel Mac OS X 10_15_7) AppleWebKit/537.36 (KHTML, like Gecko) Chrome/114.0.0.0 Safari/537.36"
162.158.158.93 - - [06/Jul/2023:07:03:56 +0000] "GET /posts HTTP/1.1" 304 - "https://kader.pub/dash" "Mozilla/5.0 (Macintosh; Intel Mac OS X 10_15_7) AppleWebKit/537.36 (KHTML, like Gecko) Chrome/114.0.0.0 Safari/537.36"
162.158.158.93 - - [06/Jul/2023:07:03:57 +0000] "GET /posts HTTP/1.1" 304 - "https://kader.pub/dash" "Mozilla/5.0 (Macintosh; Intel Mac OS X 10_15_7) AppleWebKit/537.36 (KHTML, like Gecko) Chrome/114.0.0.0 Safari/537.36"
162.158.158.93 - - [06/Jul/2023:07:03:58 +0000] "GET /posts HTTP/1.1" 304 - "https://kader.pub/dash" "Mozilla/5.0 (Macintosh; Intel Mac OS X 10_15_7) AppleWebKit/537.36 (KHTML, like Gecko) Chrome/114.0.0.0 Safari/537.36"
162.158.158.93 - - [06/Jul/2023:07:03:59 +0000] "GET /posts HTTP/1.1" 304 - "https://kader.pub/dash" "Mozilla/5.0 (Macintosh; Intel Mac OS X 10_15_7) AppleWebKit/537.36 (KHTML, like Gecko) Chrome/114.0.0.0 Safari/537.36"
162.158.158.93 - - [06/Jul/2023:07:04:00 +0000] "GET /posts HTTP/1.1" 304 - "https://kader.pub/dash" "Mozilla/5.0 (Macintosh; Intel Mac OS X 10_15_7) AppleWebKit/537.36 (KHTML, like Gecko) Chrome/114.0.0.0 Safari/537.36"
162.158.158.93 - - [06/Jul/2023:07:04:01 +0000] "GET /posts HTTP/1.1" 304 - "https://kader.pub/dash" "Mozilla/5.0 (Macintosh; Intel Mac OS X 10_15_7) AppleWebKit/537.36 (KHTML, like Gecko) Chrome/114.0.0.0 Safari/537.36"
162.158.158.93 - - [06/Jul/2023:07:04:02 +0000] "GET /posts HTTP/1.1" 304 - "https://kader.pub/dash" "Mozilla/5.0 (Macintosh; Intel Mac OS X 10_15_7) AppleWebKit/537.36 (KHTML, like Gecko) Chrome/114.0.0.0 Safari/537.36"
162.158.158.93 - - [06/Jul/2023:07:04:03 +0000] "GET /posts HTTP/1.1" 304 - "https://kader.pub/dash" "Mozilla/5.0 (Macintosh; Intel Mac OS X 10_15_7) AppleWebKit/537.36 (KHTML, like Gecko) Chrome/114.0.0.0 Safari/537.36"
162.158.158.93 - - [06/Jul/2023:07:04:04 +0000] "GET /posts HTTP/1.1" 304 - "https://kader.pub/dash" "Mozilla/5.0 (Macintosh; Intel Mac OS X 10_15_7) AppleWebKit/537.36 (KHTML, like Gecko) Chrome/114.0.0.0 Safari/537.36"
162.158.158.93 - - [06/Jul/2023:07:04:05 +0000] "GET /posts HTTP/1.1" 304 - "https://kader.pub/dash" "Mozilla/5.0 (Macintosh; Intel Mac OS X 10_15_7) AppleWebKit/537.36 (KHTML, like Gecko) Chrome/114.0.0.0 Safari/537.36"
162.158.158.93 - - [06/Jul/2023:07:04:06 +0000] "GET /posts HTTP/1.1" 304 - "https://kader.pub/dash" "Mozilla/5.0 (Macintosh; Intel Mac OS X 10_15_7) AppleWebKit/537.36 (KHTML, like Gecko) Chrome/114.0.0.0 Safari/537.36"
162.158.158.93 - - [06/Jul/2023:07:04:07 +0000] "GET /posts HTTP/1.1" 304 - "https://kader.pub/dash" "Mozilla/5.0 (Macintosh; Intel Mac OS X 10_15_7) AppleWebKit/537.36 (KHTML, like Gecko) Chrome/114.0.0.0 Safari/537.36"
162.158.158.93 - - [06/Jul/2023:07:04:08 +0000] "GET /posts HTTP/1.1" 304 - "https://kader.pub/dash" "Mozilla/5.0 (Macintosh; Intel Mac OS X 10_15_7) AppleWebKit/537.36 (KHTML, like Gecko) Chrome/114.0.0.0 Safari/537.36"
162.158.158.93 - - [06/Jul/2023:07:04:09 +0000] "GET /posts HTTP/1.1" 304 - "https://kader.pub/dash" "Mozilla/5.0 (Macintosh; Intel Mac OS X 10_15_7) AppleWebKit/537.36 (KHTML, like Gecko) Chrome/114.0.0.0 Safari/537.36"
162.158.158.93 - - [06/Jul/2023:07:04:10 +0000] "GET /posts HTTP/1.1" 304 - "https://kader.pub/dash" "Mozilla/5.0 (Macintosh; Intel Mac OS X 10_15_7) AppleWebKit/537.36 (KHTML, like Gecko) Chrome/114.0.0.0 Safari/537.36"
162.158.158.93 - - [06/Jul/2023:07:04:11 +0000] "GET /posts HTTP/1.1" 304 - "https://kader.pub/dash" "Mozilla/5.0 (Macintosh; Intel Mac OS X 10_15_7) AppleWebKit/537.36 (KHTML, like Gecko) Chrome/114.0.0.0 Safari/537.36"
162.158.158.93 - - [06/Jul/2023:07:04:12 +0000] "GET /posts HTTP/1.1" 304 - "https://kader.pub/dash" "Mozilla/5.0 (Macintosh; Intel Mac OS X 10_15_7) AppleWebKit/537.36 (KHTML, like Gecko) Chrome/114.0.0.0 Safari/537.36"
162.158.158.93 - - [06/Jul/2023:07:04:13 +0000] "GET /posts HTTP/1.1" 304 - "https://kader.pub/dash" "Mozilla/5.0 (Macintosh; Intel Mac OS X 10_15_7) AppleWebKit/537.36 (KHTML, like Gecko) Chrome/114.0.0.0 Safari/537.36"
162.158.158.93 - - [06/Jul/2023:07:04:14 +0000] "GET /posts HTTP/1.1" 304 - "https://kader.pub/dash" "Mozilla/5.0 (Macintosh; Intel Mac OS X 10_15_7) AppleWebKit/537.36 (KHTML, like Gecko) Chrome/114.0.0.0 Safari/537.36"
162.158.158.93 - - [06/Jul/2023:07:04:15 +0000] "GET /posts HTTP/1.1" 304 - "https://kader.pub/dash" "Mozilla/5.0 (Macintosh; Intel Mac OS X 10_15_7) AppleWebKit/537.36 (KHTML, like Gecko) Chrome/114.0.0.0 Safari/537.36"
162.158.158.93 - - [06/Jul/2023:07:04:16 +0000] "GET /posts HTTP/1.1" 304 - "https://kader.pub/dash" "Mozilla/5.0 (Macintosh; Intel Mac OS X 10_15_7) AppleWebKit/537.36 (KHTML, like Gecko) Chrome/114.0.0.0 Safari/537.36"
162.158.158.93 - - [06/Jul/2023:07:04:17 +0000] "GET /posts HTTP/1.1" 304 - "https://kader.pub/dash" "Mozilla/5.0 (Macintosh; Intel Mac OS X 10_15_7) AppleWebKit/537.36 (KHTML, like Gecko) Chrome/114.0.0.0 Safari/537.36"
162.158.158.93 - - [06/Jul/2023:07:04:18 +0000] "GET /posts HTTP/1.1" 304 - "https://kader.pub/dash" "Mozilla/5.0 (Macintosh; Intel Mac OS X 10_15_7) AppleWebKit/537.36 (KHTML, like Gecko) Chrome/114.0.0.0 Safari/537.36"
162.158.158.93 - - [06/Jul/2023:07:04:19 +0000] "GET /posts HTTP/1.1" 304 - "https://kader.pub/dash" "Mozilla/5.0 (Macintosh; Intel Mac OS X 10_15_7) AppleWebKit/537.36 (KHTML, like Gecko) Chrome/114.0.0.0 Safari/537.36"
162.158.158.93 - - [06/Jul/2023:07:04:20 +0000] "GET /posts HTTP/1.1" 304 - "https://kader.pub/dash" "Mozilla/5.0 (Macintosh; Intel Mac OS X 10_15_7) AppleWebKit/537.36 (KHTML, like Gecko) Chrome/114.0.0.0 Safari/537.36"
162.158.158.93 - - [06/Jul/2023:07:04:21 +0000] "GET /posts HTTP/1.1" 304 - "https://kader.pub/dash" "Mozilla/5.0 (Macintosh; Intel Mac OS X 10_15_7) AppleWebKit/537.36 (KHTML, like Gecko) Chrome/114.0.0.0 Safari/537.36"
162.158.158.93 - - [06/Jul/2023:07:04:22 +0000] "GET /posts HTTP/1.1" 304 - "https://kader.pub/dash" "Mozilla/5.0 (Macintosh; Intel Mac OS X 10_15_7) AppleWebKit/537.36 (KHTML, like Gecko) Chrome/114.0.0.0 Safari/537.36"
162.158.158.93 - - [06/Jul/2023:07:04:23 +0000] "GET /posts HTTP/1.1" 304 - "https://kader.pub/dash" "Mozilla/5.0 (Macintosh; Intel Mac OS X 10_15_7) AppleWebKit/537.36 (KHTML, like Gecko) Chrome/114.0.0.0 Safari/537.36"
162.158.158.93 - - [06/Jul/2023:07:04:24 +0000] "GET /posts HTTP/1.1" 304 - "https://kader.pub/dash" "Mozilla/5.0 (Macintosh; Intel Mac OS X 10_15_7) AppleWebKit/537.36 (KHTML, like Gecko) Chrome/114.0.0.0 Safari/537.36"
162.158.158.93 - - [06/Jul/2023:07:04:25 +0000] "GET /posts HTTP/1.1" 304 - "https://kader.pub/dash" "Mozilla/5.0 (Macintosh; Intel Mac OS X 10_15_7) AppleWebKit/537.36 (KHTML, like Gecko) Chrome/114.0.0.0 Safari/537.36"
162.158.158.93 - - [06/Jul/2023:07:04:26 +0000] "GET /posts HTTP/1.1" 304 - "https://kader.pub/dash" "Mozilla/5.0 (Macintosh; Intel Mac OS X 10_15_7) AppleWebKit/537.36 (KHTML, like Gecko) Chrome/114.0.0.0 Safari/537.36"
162.158.158.93 - - [06/Jul/2023:07:04:27 +0000] "GET /posts HTTP/1.1" 304 - "https://kader.pub/dash" "Mozilla/5.0 (Macintosh; Intel Mac OS X 10_15_7) AppleWebKit/537.36 (KHTML, like Gecko) Chrome/114.0.0.0 Safari/537.36"
162.158.158.93 - - [06/Jul/2023:07:04:28 +0000] "GET /posts HTTP/1.1" 304 - "https://kader.pub/dash" "Mozilla/5.0 (Macintosh; Intel Mac OS X 10_15_7) AppleWebKit/537.36 (KHTML, like Gecko) Chrome/114.0.0.0 Safari/537.36"
162.158.158.93 - - [06/Jul/2023:07:04:29 +0000] "GET /posts HTTP/1.1" 304 - "https://kader.pub/dash" "Mozilla/5.0 (Macintosh; Intel Mac OS X 10_15_7) AppleWebKit/537.36 (KHTML, like Gecko) Chrome/114.0.0.0 Safari/537.36"
162.158.158.93 - - [06/Jul/2023:07:04:30 +0000] "GET /posts HTTP/1.1" 304 - "https://kader.pub/dash" "Mozilla/5.0 (Macintosh; Intel Mac OS X 10_15_7) AppleWebKit/537.36 (KHTML, like Gecko) Chrome/114.0.0.0 Safari/537.36"
162.158.158.93 - - [06/Jul/2023:07:04:31 +0000] "GET /posts HTTP/1.1" 304 - "https://kader.pub/dash" "Mozilla/5.0 (Macintosh; Intel Mac OS X 10_15_7) AppleWebKit/537.36 (KHTML, like Gecko) Chrome/114.0.0.0 Safari/537.36"
162.158.158.93 - - [06/Jul/2023:07:04:32 +0000] "GET /posts HTTP/1.1" 304 - "https://kader.pub/dash" "Mozilla/5.0 (Macintosh; Intel Mac OS X 10_15_7) AppleWebKit/537.36 (KHTML, like Gecko) Chrome/114.0.0.0 Safari/537.36"
162.158.158.93 - - [06/Jul/2023:07:04:33 +0000] "GET /posts HTTP/1.1" 304 - "https://kader.pub/dash" "Mozilla/5.0 (Macintosh; Intel Mac OS X 10_15_7) AppleWebKit/537.36 (KHTML, like Gecko) Chrome/114.0.0.0 Safari/537.36"
162.158.158.93 - - [06/Jul/2023:07:04:34 +0000] "GET /posts HTTP/1.1" 304 - "https://kader.pub/dash" "Mozilla/5.0 (Macintosh; Intel Mac OS X 10_15_7) AppleWebKit/537.36 (KHTML, like Gecko) Chrome/114.0.0.0 Safari/537.36"
162.158.158.93 - - [06/Jul/2023:07:04:35 +0000] "GET /posts HTTP/1.1" 304 - "https://kader.pub/dash" "Mozilla/5.0 (Macintosh; Intel Mac OS X 10_15_7) AppleWebKit/537.36 (KHTML, like Gecko) Chrome/114.0.0.0 Safari/537.36"
162.158.158.93 - - [06/Jul/2023:07:04:36 +0000] "GET /posts HTTP/1.1" 304 - "https://kader.pub/dash" "Mozilla/5.0 (Macintosh; Intel Mac OS X 10_15_7) AppleWebKit/537.36 (KHTML, like Gecko) Chrome/114.0.0.0 Safari/537.36"
162.158.158.93 - - [06/Jul/2023:07:04:37 +0000] "GET /posts HTTP/1.1" 304 - "https://kader.pub/dash" "Mozilla/5.0 (Macintosh; Intel Mac OS X 10_15_7) AppleWebKit/537.36 (KHTML, like Gecko) Chrome/114.0.0.0 Safari/537.36"
162.158.158.93 - - [06/Jul/2023:07:04:38 +0000] "GET /posts HTTP/1.1" 304 - "https://kader.pub/dash" "Mozilla/5.0 (Macintosh; Intel Mac OS X 10_15_7) AppleWebKit/537.36 (KHTML, like Gecko) Chrome/114.0.0.0 Safari/537.36"
162.158.158.93 - - [06/Jul/2023:07:04:39 +0000] "GET /posts HTTP/1.1" 304 - "https://kader.pub/dash" "Mozilla/5.0 (Macintosh; Intel Mac OS X 10_15_7) AppleWebKit/537.36 (KHTML, like Gecko) Chrome/114.0.0.0 Safari/537.36"
162.158.158.93 - - [06/Jul/2023:07:04:40 +0000] "GET /posts HTTP/1.1" 304 - "https://kader.pub/dash" "Mozilla/5.0 (Macintosh; Intel Mac OS X 10_15_7) AppleWebKit/537.36 (KHTML, like Gecko) Chrome/114.0.0.0 Safari/537.36"
162.158.158.93 - - [06/Jul/2023:07:04:41 +0000] "GET /posts HTTP/1.1" 304 - "https://kader.pub/dash" "Mozilla/5.0 (Macintosh; Intel Mac OS X 10_15_7) AppleWebKit/537.36 (KHTML, like Gecko) Chrome/114.0.0.0 Safari/537.36"
162.158.158.93 - - [06/Jul/2023:07:04:42 +0000] "GET /posts HTTP/1.1" 304 - "https://kader.pub/dash" "Mozilla/5.0 (Macintosh; Intel Mac OS X 10_15_7) AppleWebKit/537.36 (KHTML, like Gecko) Chrome/114.0.0.0 Safari/537.36"
162.158.158.93 - - [06/Jul/2023:07:04:43 +0000] "GET /posts HTTP/1.1" 304 - "https://kader.pub/dash" "Mozilla/5.0 (Macintosh; Intel Mac OS X 10_15_7) AppleWebKit/537.36 (KHTML, like Gecko) Chrome/114.0.0.0 Safari/537.36"
162.158.158.93 - - [06/Jul/2023:07:04:44 +0000] "GET /posts HTTP/1.1" 304 - "https://kader.pub/dash" "Mozilla/5.0 (Macintosh; Intel Mac OS X 10_15_7) AppleWebKit/537.36 (KHTML, like Gecko) Chrome/114.0.0.0 Safari/537.36"
162.158.158.93 - - [06/Jul/2023:07:04:45 +0000] "GET /posts HTTP/1.1" 304 - "https://kader.pub/dash" "Mozilla/5.0 (Macintosh; Intel Mac OS X 10_15_7) AppleWebKit/537.36 (KHTML, like Gecko) Chrome/114.0.0.0 Safari/537.36"
162.158.158.93 - - [06/Jul/2023:07:04:46 +0000] "GET /posts HTTP/1.1" 304 - "https://kader.pub/dash" "Mozilla/5.0 (Macintosh; Intel Mac OS X 10_15_7) AppleWebKit/537.36 (KHTML, like Gecko) Chrome/114.0.0.0 Safari/537.36"
162.158.158.93 - - [06/Jul/2023:07:04:47 +0000] "GET /posts HTTP/1.1" 304 - "https://kader.pub/dash" "Mozilla/5.0 (Macintosh; Intel Mac OS X 10_15_7) AppleWebKit/537.36 (KHTML, like Gecko) Chrome/114.0.0.0 Safari/537.36"
162.158.158.93 - - [06/Jul/2023:07:04:48 +0000] "GET /posts HTTP/1.1" 304 - "https://kader.pub/dash" "Mozilla/5.0 (Macintosh; Intel Mac OS X 10_15_7) AppleWebKit/537.36 (KHTML, like Gecko) Chrome/114.0.0.0 Safari/537.36"
162.158.158.93 - - [06/Jul/2023:07:04:49 +0000] "GET /posts HTTP/1.1" 304 - "https://kader.pub/dash" "Mozilla/5.0 (Macintosh; Intel Mac OS X 10_15_7) AppleWebKit/537.36 (KHTML, like Gecko) Chrome/114.0.0.0 Safari/537.36"
162.158.158.93 - - [06/Jul/2023:07:04:50 +0000] "GET /posts HTTP/1.1" 304 - "https://kader.pub/dash" "Mozilla/5.0 (Macintosh; Intel Mac OS X 10_15_7) AppleWebKit/537.36 (KHTML, like Gecko) Chrome/114.0.0.0 Safari/537.36"
162.158.158.93 - - [06/Jul/2023:07:04:51 +0000] "GET /posts HTTP/1.1" 304 - "https://kader.pub/dash" "Mozilla/5.0 (Macintosh; Intel Mac OS X 10_15_7) AppleWebKit/537.36 (KHTML, like Gecko) Chrome/114.0.0.0 Safari/537.36"
162.158.158.93 - - [06/Jul/2023:07:04:52 +0000] "GET /posts HTTP/1.1" 304 - "https://kader.pub/dash" "Mozilla/5.0 (Macintosh; Intel Mac OS X 10_15_7) AppleWebKit/537.36 (KHTML, like Gecko) Chrome/114.0.0.0 Safari/537.36"
162.158.158.93 - - [06/Jul/2023:07:04:53 +0000] "GET /posts HTTP/1.1" 304 - "https://kader.pub/dash" "Mozilla/5.0 (Macintosh; Intel Mac OS X 10_15_7) AppleWebKit/537.36 (KHTML, like Gecko) Chrome/114.0.0.0 Safari/537.36"
162.158.158.93 - - [06/Jul/2023:07:04:54 +0000] "GET /posts HTTP/1.1" 304 - "https://kader.pub/dash" "Mozilla/5.0 (Macintosh; Intel Mac OS X 10_15_7) AppleWebKit/537.36 (KHTML, like Gecko) Chrome/114.0.0.0 Safari/537.36"
162.158.158.93 - - [06/Jul/2023:07:04:55 +0000] "GET /posts HTTP/1.1" 304 - "https://kader.pub/dash" "Mozilla/5.0 (Macintosh; Intel Mac OS X 10_15_7) AppleWebKit/537.36 (KHTML, like Gecko) Chrome/114.0.0.0 Safari/537.36"
162.158.158.93 - - [06/Jul/2023:07:04:56 +0000] "GET /posts HTTP/1.1" 304 - "https://kader.pub/dash" "Mozilla/5.0 (Macintosh; Intel Mac OS X 10_15_7) AppleWebKit/537.36 (KHTML, like Gecko) Chrome/114.0.0.0 Safari/537.36"
162.158.158.93 - - [06/Jul/2023:07:04:57 +0000] "GET /posts HTTP/1.1" 304 - "https://kader.pub/dash" "Mozilla/5.0 (Macintosh; Intel Mac OS X 10_15_7) AppleWebKit/537.36 (KHTML, like Gecko) Chrome/114.0.0.0 Safari/537.36"
162.158.158.93 - - [06/Jul/2023:07:04:58 +0000] "GET /posts HTTP/1.1" 304 - "https://kader.pub/dash" "Mozilla/5.0 (Macintosh; Intel Mac OS X 10_15_7) AppleWebKit/537.36 (KHTML, like Gecko) Chrome/114.0.0.0 Safari/537.36"
162.158.158.93 - - [06/Jul/2023:07:04:59 +0000] "GET /posts HTTP/1.1" 304 - "https://kader.pub/dash" "Mozilla/5.0 (Macintosh; Intel Mac OS X 10_15_7) AppleWebKit/537.36 (KHTML, like Gecko) Chrome/114.0.0.0 Safari/537.36"
162.158.158.93 - - [06/Jul/2023:07:05:00 +0000] "GET /posts HTTP/1.1" 304 - "https://kader.pub/dash" "Mozilla/5.0 (Macintosh; Intel Mac OS X 10_15_7) AppleWebKit/537.36 (KHTML, like Gecko) Chrome/114.0.0.0 Safari/537.36"
162.158.158.93 - - [06/Jul/2023:07:05:01 +0000] "GET /posts HTTP/1.1" 304 - "https://kader.pub/dash" "Mozilla/5.0 (Macintosh; Intel Mac OS X 10_15_7) AppleWebKit/537.36 (KHTML, like Gecko) Chrome/114.0.0.0 Safari/537.36"
162.158.158.93 - - [06/Jul/2023:07:05:02 +0000] "GET /posts HTTP/1.1" 304 - "https://kader.pub/dash" "Mozilla/5.0 (Macintosh; Intel Mac OS X 10_15_7) AppleWebKit/537.36 (KHTML, like Gecko) Chrome/114.0.0.0 Safari/537.36"
162.158.158.93 - - [06/Jul/2023:07:05:03 +0000] "GET /posts HTTP/1.1" 304 - "https://kader.pub/dash" "Mozilla/5.0 (Macintosh; Intel Mac OS X 10_15_7) AppleWebKit/537.36 (KHTML, like Gecko) Chrome/114.0.0.0 Safari/537.36"
162.158.158.93 - - [06/Jul/2023:07:05:04 +0000] "GET /posts HTTP/1.1" 304 - "https://kader.pub/dash" "Mozilla/5.0 (Macintosh; Intel Mac OS X 10_15_7) AppleWebKit/537.36 (KHTML, like Gecko) Chrome/114.0.0.0 Safari/537.36"
162.158.158.93 - - [06/Jul/2023:07:05:05 +0000] "GET /posts HTTP/1.1" 304 - "https://kader.pub/dash" "Mozilla/5.0 (Macintosh; Intel Mac OS X 10_15_7) AppleWebKit/537.36 (KHTML, like Gecko) Chrome/114.0.0.0 Safari/537.36"
162.158.158.93 - - [06/Jul/2023:07:05:06 +0000] "GET /posts HTTP/1.1" 304 - "https://kader.pub/dash" "Mozilla/5.0 (Macintosh; Intel Mac OS X 10_15_7) AppleWebKit/537.36 (KHTML, like Gecko) Chrome/114.0.0.0 Safari/537.36"
162.158.158.93 - - [06/Jul/2023:07:05:07 +0000] "GET /posts HTTP/1.1" 304 - "https://kader.pub/dash" "Mozilla/5.0 (Macintosh; Intel Mac OS X 10_15_7) AppleWebKit/537.36 (KHTML, like Gecko) Chrome/114.0.0.0 Safari/537.36"
162.158.158.93 - - [06/Jul/2023:07:05:08 +0000] "GET /posts HTTP/1.1" 304 - "https://kader.pub/dash" "Mozilla/5.0 (Macintosh; Intel Mac OS X 10_15_7) AppleWebKit/537.36 (KHTML, like Gecko) Chrome/114.0.0.0 Safari/537.36"
162.158.158.93 - - [06/Jul/2023:07:05:09 +0000] "GET /posts HTTP/1.1" 304 - "https://kader.pub/dash" "Mozilla/5.0 (Macintosh; Intel Mac OS X 10_15_7) AppleWebKit/537.36 (KHTML, like Gecko) Chrome/114.0.0.0 Safari/537.36"
162.158.158.93 - - [06/Jul/2023:07:05:10 +0000] "GET /posts HTTP/1.1" 304 - "https://kader.pub/dash" "Mozilla/5.0 (Macintosh; Intel Mac OS X 10_15_7) AppleWebKit/537.36 (KHTML, like Gecko) Chrome/114.0.0.0 Safari/537.36"
162.158.158.93 - - [06/Jul/2023:07:05:11 +0000] "GET /posts HTTP/1.1" 304 - "https://kader.pub/dash" "Mozilla/5.0 (Macintosh; Intel Mac OS X 10_15_7) AppleWebKit/537.36 (KHTML, like Gecko) Chrome/114.0.0.0 Safari/537.36"
162.158.158.93 - - [06/Jul/2023:07:05:12 +0000] "GET /posts HTTP/1.1" 304 - "https://kader.pub/dash" "Mozilla/5.0 (Macintosh; Intel Mac OS X 10_15_7) AppleWebKit/537.36 (KHTML, like Gecko) Chrome/114.0.0.0 Safari/537.36"
162.158.158.93 - - [06/Jul/2023:07:05:13 +0000] "GET /posts HTTP/1.1" 304 - "https://kader.pub/dash" "Mozilla/5.0 (Macintosh; Intel Mac OS X 10_15_7) AppleWebKit/537.36 (KHTML, like Gecko) Chrome/114.0.0.0 Safari/537.36"
162.158.158.93 - - [06/Jul/2023:07:05:14 +0000] "GET /posts HTTP/1.1" 304 - "https://kader.pub/dash" "Mozilla/5.0 (Macintosh; Intel Mac OS X 10_15_7) AppleWebKit/537.36 (KHTML, like Gecko) Chrome/114.0.0.0 Safari/537.36"
162.158.158.93 - - [06/Jul/2023:07:05:15 +0000] "GET /posts HTTP/1.1" 304 - "https://kader.pub/dash" "Mozilla/5.0 (Macintosh; Intel Mac OS X 10_15_7) AppleWebKit/537.36 (KHTML, like Gecko) Chrome/114.0.0.0 Safari/537.36"
162.158.158.93 - - [06/Jul/2023:07:05:16 +0000] "GET /posts HTTP/1.1" 304 - "https://kader.pub/dash" "Mozilla/5.0 (Macintosh; Intel Mac OS X 10_15_7) AppleWebKit/537.36 (KHTML, like Gecko) Chrome/114.0.0.0 Safari/537.36"
162.158.158.93 - - [06/Jul/2023:07:05:17 +0000] "GET /posts HTTP/1.1" 304 - "https://kader.pub/dash" "Mozilla/5.0 (Macintosh; Intel Mac OS X 10_15_7) AppleWebKit/537.36 (KHTML, like Gecko) Chrome/114.0.0.0 Safari/537.36"
162.158.158.93 - - [06/Jul/2023:07:05:18 +0000] "GET /posts HTTP/1.1" 304 - "https://kader.pub/dash" "Mozilla/5.0 (Macintosh; Intel Mac OS X 10_15_7) AppleWebKit/537.36 (KHTML, like Gecko) Chrome/114.0.0.0 Safari/537.36"
162.158.158.93 - - [06/Jul/2023:07:05:19 +0000] "GET /posts HTTP/1.1" 304 - "https://kader.pub/dash" "Mozilla/5.0 (Macintosh; Intel Mac OS X 10_15_7) AppleWebKit/537.36 (KHTML, like Gecko) Chrome/114.0.0.0 Safari/537.36"
162.158.158.93 - - [06/Jul/2023:07:05:20 +0000] "GET /posts HTTP/1.1" 304 - "https://kader.pub/dash" "Mozilla/5.0 (Macintosh; Intel Mac OS X 10_15_7) AppleWebKit/537.36 (KHTML, like Gecko) Chrome/114.0.0.0 Safari/537.36"
162.158.158.93 - - [06/Jul/2023:07:05:21 +0000] "GET /posts HTTP/1.1" 304 - "https://kader.pub/dash" "Mozilla/5.0 (Macintosh; Intel Mac OS X 10_15_7) AppleWebKit/537.36 (KHTML, like Gecko) Chrome/114.0.0.0 Safari/537.36"
162.158.158.93 - - [06/Jul/2023:07:05:22 +0000] "GET /posts HTTP/1.1" 304 - "https://kader.pub/dash" "Mozilla/5.0 (Macintosh; Intel Mac OS X 10_15_7) AppleWebKit/537.36 (KHTML, like Gecko) Chrome/114.0.0.0 Safari/537.36"
162.158.158.93 - - [06/Jul/2023:07:05:23 +0000] "GET /posts HTTP/1.1" 304 - "https://kader.pub/dash" "Mozilla/5.0 (Macintosh; Intel Mac OS X 10_15_7) AppleWebKit/537.36 (KHTML, like Gecko) Chrome/114.0.0.0 Safari/537.36"
162.158.158.93 - - [06/Jul/2023:07:05:24 +0000] "GET /posts HTTP/1.1" 304 - "https://kader.pub/dash" "Mozilla/5.0 (Macintosh; Intel Mac OS X 10_15_7) AppleWebKit/537.36 (KHTML, like Gecko) Chrome/114.0.0.0 Safari/537.36"
162.158.158.93 - - [06/Jul/2023:07:05:25 +0000] "GET /posts HTTP/1.1" 304 - "https://kader.pub/dash" "Mozilla/5.0 (Macintosh; Intel Mac OS X 10_15_7) AppleWebKit/537.36 (KHTML, like Gecko) Chrome/114.0.0.0 Safari/537.36"
162.158.158.93 - - [06/Jul/2023:07:05:26 +0000] "GET /posts HTTP/1.1" 304 - "https://kader.pub/dash" "Mozilla/5.0 (Macintosh; Intel Mac OS X 10_15_7) AppleWebKit/537.36 (KHTML, like Gecko) Chrome/114.0.0.0 Safari/537.36"
162.158.158.93 - - [06/Jul/2023:07:05:27 +0000] "GET /posts HTTP/1.1" 304 - "https://kader.pub/dash" "Mozilla/5.0 (Macintosh; Intel Mac OS X 10_15_7) AppleWebKit/537.36 (KHTML, like Gecko) Chrome/114.0.0.0 Safari/537.36"
162.158.158.93 - - [06/Jul/2023:07:05:28 +0000] "GET /posts HTTP/1.1" 304 - "https://kader.pub/dash" "Mozilla/5.0 (Macintosh; Intel Mac OS X 10_15_7) AppleWebKit/537.36 (KHTML, like Gecko) Chrome/114.0.0.0 Safari/537.36"
162.158.158.93 - - [06/Jul/2023:07:05:29 +0000] "GET /posts HTTP/1.1" 304 - "https://kader.pub/dash" "Mozilla/5.0 (Macintosh; Intel Mac OS X 10_15_7) AppleWebKit/537.36 (KHTML, like Gecko) Chrome/114.0.0.0 Safari/537.36"
162.158.158.93 - - [06/Jul/2023:07:05:30 +0000] "GET /posts HTTP/1.1" 304 - "https://kader.pub/dash" "Mozilla/5.0 (Macintosh; Intel Mac OS X 10_15_7) AppleWebKit/537.36 (KHTML, like Gecko) Chrome/114.0.0.0 Safari/537.36"
162.158.158.93 - - [06/Jul/2023:07:05:31 +0000] "GET /posts HTTP/1.1" 304 - "https://kader.pub/dash" "Mozilla/5.0 (Macintosh; Intel Mac OS X 10_15_7) AppleWebKit/537.36 (KHTML, like Gecko) Chrome/114.0.0.0 Safari/537.36"
162.158.158.93 - - [06/Jul/2023:07:05:32 +0000] "GET /posts HTTP/1.1" 304 - "https://kader.pub/dash" "Mozilla/5.0 (Macintosh; Intel Mac OS X 10_15_7) AppleWebKit/537.36 (KHTML, like Gecko) Chrome/114.0.0.0 Safari/537.36"
162.158.158.93 - - [06/Jul/2023:07:05:33 +0000] "GET /posts HTTP/1.1" 304 - "https://kader.pub/dash" "Mozilla/5.0 (Macintosh; Intel Mac OS X 10_15_7) AppleWebKit/537.36 (KHTML, like Gecko) Chrome/114.0.0.0 Safari/537.36"
162.158.158.93 - - [06/Jul/2023:07:05:34 +0000] "GET /posts HTTP/1.1" 304 - "https://kader.pub/dash" "Mozilla/5.0 (Macintosh; Intel Mac OS X 10_15_7) AppleWebKit/537.36 (KHTML, like Gecko) Chrome/114.0.0.0 Safari/537.36"
162.158.158.93 - - [06/Jul/2023:07:05:35 +0000] "GET /posts HTTP/1.1" 304 - "https://kader.pub/dash" "Mozilla/5.0 (Macintosh; Intel Mac OS X 10_15_7) AppleWebKit/537.36 (KHTML, like Gecko) Chrome/114.0.0.0 Safari/537.36"
162.158.158.93 - - [06/Jul/2023:07:05:36 +0000] "GET /posts HTTP/1.1" 304 - "https://kader.pub/dash" "Mozilla/5.0 (Macintosh; Intel Mac OS X 10_15_7) AppleWebKit/537.36 (KHTML, like Gecko) Chrome/114.0.0.0 Safari/537.36"
162.158.158.93 - - [06/Jul/2023:07:05:37 +0000] "GET /posts HTTP/1.1" 304 - "https://kader.pub/dash" "Mozilla/5.0 (Macintosh; Intel Mac OS X 10_15_7) AppleWebKit/537.36 (KHTML, like Gecko) Chrome/114.0.0.0 Safari/537.36"
162.158.158.93 - - [06/Jul/2023:07:05:38 +0000] "GET /posts HTTP/1.1" 304 - "https://kader.pub/dash" "Mozilla/5.0 (Macintosh; Intel Mac OS X 10_15_7) AppleWebKit/537.36 (KHTML, like Gecko) Chrome/114.0.0.0 Safari/537.36"
162.158.158.93 - - [06/Jul/2023:07:05:39 +0000] "GET /posts HTTP/1.1" 304 - "https://kader.pub/dash" "Mozilla/5.0 (Macintosh; Intel Mac OS X 10_15_7) AppleWebKit/537.36 (KHTML, like Gecko) Chrome/114.0.0.0 Safari/537.36"
162.158.158.93 - - [06/Jul/2023:07:05:40 +0000] "GET /posts HTTP/1.1" 304 - "https://kader.pub/dash" "Mozilla/5.0 (Macintosh; Intel Mac OS X 10_15_7) AppleWebKit/537.36 (KHTML, like Gecko) Chrome/114.0.0.0 Safari/537.36"
162.158.158.93 - - [06/Jul/2023:07:05:41 +0000] "GET /posts HTTP/1.1" 304 - "https://kader.pub/dash" "Mozilla/5.0 (Macintosh; Intel Mac OS X 10_15_7) AppleWebKit/537.36 (KHTML, like Gecko) Chrome/114.0.0.0 Safari/537.36"
162.158.158.93 - - [06/Jul/2023:07:05:42 +0000] "GET /posts HTTP/1.1" 304 - "https://kader.pub/dash" "Mozilla/5.0 (Macintosh; Intel Mac OS X 10_15_7) AppleWebKit/537.36 (KHTML, like Gecko) Chrome/114.0.0.0 Safari/537.36"
162.158.158.93 - - [06/Jul/2023:07:05:43 +0000] "GET /posts HTTP/1.1" 304 - "https://kader.pub/dash" "Mozilla/5.0 (Macintosh; Intel Mac OS X 10_15_7) AppleWebKit/537.36 (KHTML, like Gecko) Chrome/114.0.0.0 Safari/537.36"
162.158.158.93 - - [06/Jul/2023:07:05:44 +0000] "GET /posts HTTP/1.1" 304 - "https://kader.pub/dash" "Mozilla/5.0 (Macintosh; Intel Mac OS X 10_15_7) AppleWebKit/537.36 (KHTML, like Gecko) Chrome/114.0.0.0 Safari/537.36"
162.158.158.93 - - [06/Jul/2023:07:05:45 +0000] "GET /posts HTTP/1.1" 304 - "https://kader.pub/dash" "Mozilla/5.0 (Macintosh; Intel Mac OS X 10_15_7) AppleWebKit/537.36 (KHTML, like Gecko) Chrome/114.0.0.0 Safari/537.36"
162.158.158.93 - - [06/Jul/2023:07:05:46 +0000] "GET /posts HTTP/1.1" 304 - "https://kader.pub/dash" "Mozilla/5.0 (Macintosh; Intel Mac OS X 10_15_7) AppleWebKit/537.36 (KHTML, like Gecko) Chrome/114.0.0.0 Safari/537.36"
162.158.158.93 - - [06/Jul/2023:07:05:47 +0000] "GET /posts HTTP/1.1" 304 - "https://kader.pub/dash" "Mozilla/5.0 (Macintosh; Intel Mac OS X 10_15_7) AppleWebKit/537.36 (KHTML, like Gecko) Chrome/114.0.0.0 Safari/537.36"
162.158.158.93 - - [06/Jul/2023:07:05:48 +0000] "GET /posts HTTP/1.1" 304 - "https://kader.pub/dash" "Mozilla/5.0 (Macintosh; Intel Mac OS X 10_15_7) AppleWebKit/537.36 (KHTML, like Gecko) Chrome/114.0.0.0 Safari/537.36"
162.158.158.93 - - [06/Jul/2023:07:05:49 +0000] "GET /posts HTTP/1.1" 304 - "https://kader.pub/dash" "Mozilla/5.0 (Macintosh; Intel Mac OS X 10_15_7) AppleWebKit/537.36 (KHTML, like Gecko) Chrome/114.0.0.0 Safari/537.36"
162.158.158.93 - - [06/Jul/2023:07:05:50 +0000] "GET /posts HTTP/1.1" 304 - "https://kader.pub/dash" "Mozilla/5.0 (Macintosh; Intel Mac OS X 10_15_7) AppleWebKit/537.36 (KHTML, like Gecko) Chrome/114.0.0.0 Safari/537.36"
162.158.158.93 - - [06/Jul/2023:07:05:51 +0000] "GET /posts HTTP/1.1" 304 - "https://kader.pub/dash" "Mozilla/5.0 (Macintosh; Intel Mac OS X 10_15_7) AppleWebKit/537.36 (KHTML, like Gecko) Chrome/114.0.0.0 Safari/537.36"
162.158.158.93 - - [06/Jul/2023:07:05:52 +0000] "GET /posts HTTP/1.1" 304 - "https://kader.pub/dash" "Mozilla/5.0 (Macintosh; Intel Mac OS X 10_15_7) AppleWebKit/537.36 (KHTML, like Gecko) Chrome/114.0.0.0 Safari/537.36"
162.158.158.93 - - [06/Jul/2023:07:05:53 +0000] "GET /posts HTTP/1.1" 304 - "https://kader.pub/dash" "Mozilla/5.0 (Macintosh; Intel Mac OS X 10_15_7) AppleWebKit/537.36 (KHTML, like Gecko) Chrome/114.0.0.0 Safari/537.36"
162.158.158.93 - - [06/Jul/2023:07:05:54 +0000] "GET /posts HTTP/1.1" 304 - "https://kader.pub/dash" "Mozilla/5.0 (Macintosh; Intel Mac OS X 10_15_7) AppleWebKit/537.36 (KHTML, like Gecko) Chrome/114.0.0.0 Safari/537.36"
162.158.158.93 - - [06/Jul/2023:07:05:55 +0000] "GET /posts HTTP/1.1" 304 - "https://kader.pub/dash" "Mozilla/5.0 (Macintosh; Intel Mac OS X 10_15_7) AppleWebKit/537.36 (KHTML, like Gecko) Chrome/114.0.0.0 Safari/537.36"
162.158.158.93 - - [06/Jul/2023:07:05:56 +0000] "GET /posts HTTP/1.1" 304 - "https://kader.pub/dash" "Mozilla/5.0 (Macintosh; Intel Mac OS X 10_15_7) AppleWebKit/537.36 (KHTML, like Gecko) Chrome/114.0.0.0 Safari/537.36"
