162.158.158.72 - - [06/Jul/2023:05:21:11 +0000] "GET /posts HTTP/1.1" 304 - "https://kader.pub/feed" "Mozilla/5.0 (Macintosh; Intel Mac OS X 10_15_7) AppleWebKit/605.1.15 (KHTML, like Gecko) Version/16.3 Safari/605.1.15"
162.158.158.73 - - [06/Jul/2023:05:21:12 +0000] "GET /posts HTTP/1.1" 304 - "https://kader.pub/feed" "Mozilla/5.0 (Macintosh; Intel Mac OS X 10_15_7) AppleWebKit/605.1.15 (KHTML, like Gecko) Version/16.3 Safari/605.1.15"
172.70.114.174 - - [06/Jul/2023:05:21:12 +0000] "POST /login/auth/ HTTP/1.1" 200 94 "https://kader.pub/login" "Mozilla/5.0 (Macintosh; Intel Mac OS X 10_15_7) AppleWebKit/605.1.15 (KHTML, like Gecko) Version/16.3 Safari/605.1.15"
162.158.158.72 - - [06/Jul/2023:05:21:13 +0000] "POST /online HTTP/1.1" 200 885 "https://kader.pub/dash" "Mozilla/5.0 (Macintosh; Intel Mac OS X 10_15_7) AppleWebKit/605.1.15 (KHTML, like Gecko) Version/16.3 Safari/605.1.15"
162.158.158.73 - - [06/Jul/2023:05:21:13 +0000] "GET /posts HTTP/1.1" 304 - "https://kader.pub/feed" "Mozilla/5.0 (Macintosh; Intel Mac OS X 10_15_7) AppleWebKit/605.1.15 (KHTML, like Gecko) Version/16.3 Safari/605.1.15"
162.158.158.72 - - [06/Jul/2023:05:21:14 +0000] "GET /posts HTTP/1.1" 304 - "https://kader.pub/feed" "Mozilla/5.0 (Macintosh; Intel Mac OS X 10_15_7) AppleWebKit/605.1.15 (KHTML, like Gecko) Version/16.3 Safari/605.1.15"
162.158.158.73 - - [06/Jul/2023:05:21:15 +0000] "GET /posts HTTP/1.1" 304 - "https://kader.pub/feed" "Mozilla/5.0 (Macintosh; Intel Mac OS X 10_15_7) AppleWebKit/605.1.15 (KHTML, like Gecko) Version/16.3 Safari/605.1.15"
162.158.158.72 - - [06/Jul/2023:05:21:16 +0000] "GET /posts HTTP/1.1" 304 - "https://kader.pub/feed" "Mozilla/5.0 (Macintosh; Intel Mac OS X 10_15_7) AppleWebKit/605.1.15 (KHTML, like Gecko) Version/16.3 Safari/605.1.15"
162.158.158.73 - - [06/Jul/2023:05:21:17 +0000] "GET /posts HTTP/1.1" 304 - "https://kader.pub/feed" "Mozilla/5.0 (Macintosh; Intel Mac OS X 10_15_7) AppleWebKit/605.1.15 (KHTML, like Gecko) Version/16.3 Safari/605.1.15"
162.158.158.72 - - [06/Jul/2023:05:21:18 +0000] "GET /posts HTTP/1.1" 304 - "https://kader.pub/feed" "Mozilla/5.0 (Macintosh; Intel Mac OS X 10_15_7) AppleWebKit/605.1.15 (KHTML, like Gecko) Version/16.3 Safari/605.1.15"
162.158.158.73 - - [06/Jul/2023:05:21:19 +0000] "GET /posts HTTP/1.1" 304 - "https://kader.pub/feed" "Mozilla/5.0 (Macintosh; Intel Mac OS X 10_15_7) AppleWebKit/605.1.15 (KHTML, like Gecko) Version/16.3 Safari/605.1.15"
162.158.158.72 - - [06/Jul/2023:05:21:20 +0000] "GET /posts HTTP/1.1" 304 - "https://kader.pub/feed" "Mozilla/5.0 (Macintosh; Intel Mac OS X 10_15_7) AppleWebKit/605.1.15 (KHTML, like Gecko) Version/16.3 Safari/605.1.15"
162.158.158.73 - - [06/Jul/2023:05:21:21 +0000] "GET /posts HTTP/1.1" 304 - "https://kader.pub/feed" "Mozilla/5.0 (Macintosh; Intel Mac OS X 10_15_7) AppleWebKit/605.1.15 (KHTML, like Gecko) Version/16.3 Safari/605.1.15"
162.158.158.72 - - [06/Jul/2023:05:21:22 +0000] "GET /posts HTTP/1.1" 304 - "https://kader.pub/feed" "Mozilla/5.0 (Macintosh; Intel Mac OS X 10_15_7) AppleWebKit/605.1.15 (KHTML, like Gecko) Version/16.3 Safari/605.1.15"
162.158.62.183 - - [06/Jul/2023:05:21:22 +0000] "GET /dash HTTP/1.1" 304 - "https://kader.pub/dash" "Mozilla/5.0 (Macintosh; Intel Mac OS X 10_15_7) AppleWebKit/605.1.15 (KHTML, like Gecko) Version/16.3 Safari/605.1.15"
162.158.154.77 - - [06/Jul/2023:05:21:22 +0000] "POST /dash/post HTTP/1.1" 200 20 "https://kader.pub/dash" "Mozilla/5.0 (Macintosh; Intel Mac OS X 10_15_7) AppleWebKit/605.1.15 (KHTML, like Gecko) Version/16.3 Safari/605.1.15"
162.158.62.183 - - [06/Jul/2023:05:21:22 +0000] "POST /api HTTP/1.1" 201 128 "https://kader.pub/dash" "Mozilla/5.0 (Macintosh; Intel Mac OS X 10_15_7) AppleWebKit/605.1.15 (KHTML, like Gecko) Version/16.3 Safari/605.1.15"
162.158.158.73 - - [06/Jul/2023:05:21:22 +0000] "POST /online HTTP/1.1" 200 982 "https://kader.pub/dash" "Mozilla/5.0 (Macintosh; Intel Mac OS X 10_15_7) AppleWebKit/605.1.15 (KHTML, like Gecko) Version/16.3 Safari/605.1.15"
162.158.158.72 - - [06/Jul/2023:05:21:23 +0000] "GET /posts HTTP/1.1" 200 2480 "https://kader.pub/feed" "Mozilla/5.0 (Macintosh; Intel Mac OS X 10_15_7) AppleWebKit/605.1.15 (KHTML, like Gecko) Version/16.3 Safari/605.1.15"
172.70.230.214 - - [06/Jul/2023:05:21:23 +0000] "GET /feed HTTP/1.1" 200 666 "-" "Mozilla/5.0 (Macintosh; Intel Mac OS X 10_15_7) AppleWebKit/605.1.15 (KHTML, like Gecko) Version/16.3 Safari/605.1.15"
162.158.62.183 - - [06/Jul/2023:05:21:24 +0000] "POST /api HTTP/1.1" 201 128 "https://kader.pub/feed" "Mozilla/5.0 (Macintosh; Intel Mac OS X 10_15_7) AppleWebKit/605.1.15 (KHTML, like Gecko) Version/16.3 Safari/605.1.15"
162.158.158.73 - - [06/Jul/2023:05:21:24 +0000] "GET /posts HTTP/1.1" 304 - "https://kader.pub/feed" "Mozilla/5.0 (Macintosh; Intel Mac OS X 10_15_7) AppleWebKit/605.1.15 (KHTML, like Gecko) Version/16.3 Safari/605.1.15"
162.158.158.72 - - [06/Jul/2023:05:21:25 +0000] "GET /posts HTTP/1.1" 304 - "https://kader.pub/feed" "Mozilla/5.0 (Macintosh; Intel Mac OS X 10_15_7) AppleWebKit/605.1.15 (KHTML, like Gecko) Version/16.3 Safari/605.1.15"
162.158.158.73 - - [06/Jul/2023:05:21:26 +0000] "GET /posts HTTP/1.1" 304 - "https://kader.pub/feed" "Mozilla/5.0 (Macintosh; Intel Mac OS X 10_15_7) AppleWebKit/605.1.15 (KHTML, like Gecko) Version/16.3 Safari/605.1.15"
162.158.158.72 - - [06/Jul/2023:05:21:27 +0000] "GET /posts HTTP/1.1" 304 - "https://kader.pub/feed" "Mozilla/5.0 (Macintosh; Intel Mac OS X 10_15_7) AppleWebKit/605.1.15 (KHTML, like Gecko) Version/16.3 Safari/605.1.15"
162.158.158.73 - - [06/Jul/2023:05:21:28 +0000] "GET /posts HTTP/1.1" 304 - "https://kader.pub/feed" "Mozilla/5.0 (Macintosh; Intel Mac OS X 10_15_7) AppleWebKit/605.1.15 (KHTML, like Gecko) Version/16.3 Safari/605.1.15"
162.158.158.72 - - [06/Jul/2023:05:21:29 +0000] "GET /posts HTTP/1.1" 304 - "https://kader.pub/feed" "Mozilla/5.0 (Macintosh; Intel Mac OS X 10_15_7) AppleWebKit/605.1.15 (KHTML, like Gecko) Version/16.3 Safari/605.1.15"
162.158.158.73 - - [06/Jul/2023:05:21:30 +0000] "GET /posts HTTP/1.1" 304 - "https://kader.pub/feed" "Mozilla/5.0 (Macintosh; Intel Mac OS X 10_15_7) AppleWebKit/605.1.15 (KHTML, like Gecko) Version/16.3 Safari/605.1.15"
162.158.158.72 - - [06/Jul/2023:05:21:30 +0000] "GET /posts HTTP/1.1" 304 - "https://kader.pub/feed" "Mozilla/5.0 (Macintosh; Intel Mac OS X 10_15_7) AppleWebKit/605.1.15 (KHTML, like Gecko) Version/16.3 Safari/605.1.15"
162.158.158.72 - - [06/Jul/2023:05:21:31 +0000] "GET /posts HTTP/1.1" 304 - "https://kader.pub/feed" "Mozilla/5.0 (Macintosh; Intel Mac OS X 10_15_7) AppleWebKit/605.1.15 (KHTML, like Gecko) Version/16.3 Safari/605.1.15"
162.158.158.73 - - [06/Jul/2023:05:21:31 +0000] "GET /posts HTTP/1.1" 304 - "https://kader.pub/feed" "Mozilla/5.0 (Macintosh; Intel Mac OS X 10_15_7) AppleWebKit/605.1.15 (KHTML, like Gecko) Version/16.3 Safari/605.1.15"
162.158.158.72 - - [06/Jul/2023:05:21:31 +0000] "POST /online HTTP/1.1" 200 982 "https://kader.pub/dash" "Mozilla/5.0 (Macintosh; Intel Mac OS X 10_15_7) AppleWebKit/605.1.15 (KHTML, like Gecko) Version/16.3 Safari/605.1.15"
162.158.158.73 - - [06/Jul/2023:05:21:32 +0000] "GET /posts HTTP/1.1" 304 - "https://kader.pub/dash" "Mozilla/5.0 (Macintosh; Intel Mac OS X 10_15_7) AppleWebKit/605.1.15 (KHTML, like Gecko) Version/16.3 Safari/605.1.15"
162.158.158.72 - - [06/Jul/2023:05:21:32 +0000] "GET /posts HTTP/1.1" 304 - "https://kader.pub/feed" "Mozilla/5.0 (Macintosh; Intel Mac OS X 10_15_7) AppleWebKit/605.1.15 (KHTML, like Gecko) Version/16.3 Safari/605.1.15"
162.158.158.73 - - [06/Jul/2023:05:21:32 +0000] "POST /dash HTTP/1.1" 200 4689 "https://kader.pub/search" "Mozilla/5.0 (Macintosh; Intel Mac OS X 10_15_7) AppleWebKit/605.1.15 (KHTML, like Gecko) Version/16.3 Safari/605.1.15"
162.158.158.72 - - [06/Jul/2023:05:21:33 +0000] "GET /posts HTTP/1.1" 304 - "https://kader.pub/search" "Mozilla/5.0 (Macintosh; Intel Mac OS X 10_15_7) AppleWebKit/605.1.15 (KHTML, like Gecko) Version/16.3 Safari/605.1.15"
162.158.158.73 - - [06/Jul/2023:05:21:33 +0000] "GET /posts HTTP/1.1" 304 - "https://kader.pub/feed" "Mozilla/5.0 (Macintosh; Intel Mac OS X 10_15_7) AppleWebKit/605.1.15 (KHTML, like Gecko) Version/16.3 Safari/605.1.15"
162.158.158.72 - - [06/Jul/2023:05:21:34 +0000] "GET /posts HTTP/1.1" 304 - "https://kader.pub/search" "Mozilla/5.0 (Macintosh; Intel Mac OS X 10_15_7) AppleWebKit/605.1.15 (KHTML, like Gecko) Version/16.3 Safari/605.1.15"
162.158.158.73 - - [06/Jul/2023:05:21:34 +0000] "GET /posts HTTP/1.1" 304 - "https://kader.pub/feed" "Mozilla/5.0 (Macintosh; Intel Mac OS X 10_15_7) AppleWebKit/605.1.15 (KHTML, like Gecko) Version/16.3 Safari/605.1.15"
172.70.230.215 - - [06/Jul/2023:05:21:34 +0000] "GET /api/shawn HTTP/1.1" 200 540 "https://kader.pub/dash/shawn" "Mozilla/5.0 (Macintosh; Intel Mac OS X 10_15_7) AppleWebKit/605.1.15 (KHTML, like Gecko) Version/16.3 Safari/605.1.15"
172.70.114.130 - - [06/Jul/2023:05:21:34 +0000] "GET /uploads/1688620704572.png HTTP/1.1" 304 - "https://kader.pub/dash/shawn" "Mozilla/5.0 (Macintosh; Intel Mac OS X 10_15_7) AppleWebKit/605.1.15 (KHTML, like Gecko) Version/16.3 Safari/605.1.15"
162.158.158.72 - - [06/Jul/2023:05:21:35 +0000] "GET /posts HTTP/1.1" 304 - "https://kader.pub/dash/shawn" "Mozilla/5.0 (Macintosh; Intel Mac OS X 10_15_7) AppleWebKit/605.1.15 (KHTML, like Gecko) Version/16.3 Safari/605.1.15"
162.158.158.73 - - [06/Jul/2023:05:21:35 +0000] "GET /posts HTTP/1.1" 304 - "https://kader.pub/feed" "Mozilla/5.0 (Macintosh; Intel Mac OS X 10_15_7) AppleWebKit/605.1.15 (KHTML, like Gecko) Version/16.3 Safari/605.1.15"
162.158.158.72 - - [06/Jul/2023:05:21:36 +0000] "GET /posts HTTP/1.1" 304 - "https://kader.pub/dash/shawn" "Mozilla/5.0 (Macintosh; Intel Mac OS X 10_15_7) AppleWebKit/605.1.15 (KHTML, like Gecko) Version/16.3 Safari/605.1.15"
162.158.158.73 - - [06/Jul/2023:05:21:36 +0000] "GET /posts HTTP/1.1" 304 - "https://kader.pub/feed" "Mozilla/5.0 (Macintosh; Intel Mac OS X 10_15_7) AppleWebKit/605.1.15 (KHTML, like Gecko) Version/16.3 Safari/605.1.15"
162.158.158.72 - - [06/Jul/2023:05:21:37 +0000] "GET /posts HTTP/1.1" 304 - "https://kader.pub/dash/shawn" "Mozilla/5.0 (Macintosh; Intel Mac OS X 10_15_7) AppleWebKit/605.1.15 (KHTML, like Gecko) Version/16.3 Safari/605.1.15"
162.158.158.73 - - [06/Jul/2023:05:21:37 +0000] "GET /posts HTTP/1.1" 304 - "https://kader.pub/feed" "Mozilla/5.0 (Macintosh; Intel Mac OS X 10_15_7) AppleWebKit/605.1.15 (KHTML, like Gecko) Version/16.3 Safari/605.1.15"
162.158.158.72 - - [06/Jul/2023:05:21:38 +0000] "GET /posts HTTP/1.1" 304 - "https://kader.pub/dash/shawn" "Mozilla/5.0 (Macintosh; Intel Mac OS X 10_15_7) AppleWebKit/605.1.15 (KHTML, like Gecko) Version/16.3 Safari/605.1.15"
162.158.158.73 - - [06/Jul/2023:05:21:38 +0000] "GET /posts HTTP/1.1" 304 - "https://kader.pub/feed" "Mozilla/5.0 (Macintosh; Intel Mac OS X 10_15_7) AppleWebKit/605.1.15 (KHTML, like Gecko) Version/16.3 Safari/605.1.15"
162.158.158.72 - - [06/Jul/2023:05:21:39 +0000] "GET /posts HTTP/1.1" 304 - "https://kader.pub/dash/shawn" "Mozilla/5.0 (Macintosh; Intel Mac OS X 10_15_7) AppleWebKit/605.1.15 (KHTML, like Gecko) Version/16.3 Safari/605.1.15"
162.158.158.73 - - [06/Jul/2023:05:21:39 +0000] "GET /posts HTTP/1.1" 304 - "https://kader.pub/feed" "Mozilla/5.0 (Macintosh; Intel Mac OS X 10_15_7) AppleWebKit/605.1.15 (KHTML, like Gecko) Version/16.3 Safari/605.1.15"
162.158.158.72 - - [06/Jul/2023:05:21:40 +0000] "GET /posts HTTP/1.1" 304 - "https://kader.pub/dash/shawn" "Mozilla/5.0 (Macintosh; Intel Mac OS X 10_15_7) AppleWebKit/605.1.15 (KHTML, like Gecko) Version/16.3 Safari/605.1.15"
162.158.158.73 - - [06/Jul/2023:05:21:40 +0000] "GET /posts HTTP/1.1" 304 - "https://kader.pub/feed" "Mozilla/5.0 (Macintosh; Intel Mac OS X 10_15_7) AppleWebKit/605.1.15 (KHTML, like Gecko) Version/16.3 Safari/605.1.15"
162.158.158.72 - - [06/Jul/2023:05:21:41 +0000] "GET /posts HTTP/1.1" 304 - "https://kader.pub/dash/shawn" "Mozilla/5.0 (Macintosh; Intel Mac OS X 10_15_7) AppleWebKit/605.1.15 (KHTML, like Gecko) Version/16.3 Safari/605.1.15"
162.158.158.73 - - [06/Jul/2023:05:21:41 +0000] "GET /posts HTTP/1.1" 304 - "https://kader.pub/feed" "Mozilla/5.0 (Macintosh; Intel Mac OS X 10_15_7) AppleWebKit/605.1.15 (KHTML, like Gecko) Version/16.3 Safari/605.1.15"
162.158.158.72 - - [06/Jul/2023:05:21:42 +0000] "GET /posts HTTP/1.1" 304 - "https://kader.pub/dash/shawn" "Mozilla/5.0 (Macintosh; Intel Mac OS X 10_15_7) AppleWebKit/605.1.15 (KHTML, like Gecko) Version/16.3 Safari/605.1.15"
162.158.158.73 - - [06/Jul/2023:05:21:42 +0000] "GET /posts HTTP/1.1" 304 - "https://kader.pub/feed" "Mozilla/5.0 (Macintosh; Intel Mac OS X 10_15_7) AppleWebKit/605.1.15 (KHTML, like Gecko) Version/16.3 Safari/605.1.15"
162.158.158.72 - - [06/Jul/2023:05:21:43 +0000] "GET /posts HTTP/1.1" 304 - "https://kader.pub/dash/shawn" "Mozilla/5.0 (Macintosh; Intel Mac OS X 10_15_7) AppleWebKit/605.1.15 (KHTML, like Gecko) Version/16.3 Safari/605.1.15"
162.158.158.73 - - [06/Jul/2023:05:21:43 +0000] "GET /posts HTTP/1.1" 304 - "https://kader.pub/feed" "Mozilla/5.0 (Macintosh; Intel Mac OS X 10_15_7) AppleWebKit/605.1.15 (KHTML, like Gecko) Version/16.3 Safari/605.1.15"
162.158.158.72 - - [06/Jul/2023:05:21:44 +0000] "GET /posts HTTP/1.1" 304 - "https://kader.pub/dash/shawn" "Mozilla/5.0 (Macintosh; Intel Mac OS X 10_15_7) AppleWebKit/605.1.15 (KHTML, like Gecko) Version/16.3 Safari/605.1.15"
162.158.158.73 - - [06/Jul/2023:05:21:44 +0000] "GET /posts HTTP/1.1" 304 - "https://kader.pub/feed" "Mozilla/5.0 (Macintosh; Intel Mac OS X 10_15_7) AppleWebKit/605.1.15 (KHTML, like Gecko) Version/16.3 Safari/605.1.15"
162.158.158.72 - - [06/Jul/2023:05:21:45 +0000] "GET /posts HTTP/1.1" 304 - "https://kader.pub/dash/shawn" "Mozilla/5.0 (Macintosh; Intel Mac OS X 10_15_7) AppleWebKit/605.1.15 (KHTML, like Gecko) Version/16.3 Safari/605.1.15"
162.158.158.73 - - [06/Jul/2023:05:21:45 +0000] "GET /posts HTTP/1.1" 304 - "https://kader.pub/feed" "Mozilla/5.0 (Macintosh; Intel Mac OS X 10_15_7) AppleWebKit/605.1.15 (KHTML, like Gecko) Version/16.3 Safari/605.1.15"
162.158.158.72 - - [06/Jul/2023:05:21:46 +0000] "GET /posts HTTP/1.1" 304 - "https://kader.pub/dash/shawn" "Mozilla/5.0 (Macintosh; Intel Mac OS X 10_15_7) AppleWebKit/605.1.15 (KHTML, like Gecko) Version/16.3 Safari/605.1.15"
162.158.158.73 - - [06/Jul/2023:05:21:46 +0000] "GET /posts HTTP/1.1" 304 - "https://kader.pub/feed" "Mozilla/5.0 (Macintosh; Intel Mac OS X 10_15_7) AppleWebKit/605.1.15 (KHTML, like Gecko) Version/16.3 Safari/605.1.15"
162.158.158.72 - - [06/Jul/2023:05:21:47 +0000] "GET /posts HTTP/1.1" 304 - "https://kader.pub/dash/shawn" "Mozilla/5.0 (Macintosh; Intel Mac OS X 10_15_7) AppleWebKit/605.1.15 (KHTML, like Gecko) Version/16.3 Safari/605.1.15"
162.158.158.73 - - [06/Jul/2023:05:21:47 +0000] "GET /posts HTTP/1.1" 304 - "https://kader.pub/feed" "Mozilla/5.0 (Macintosh; Intel Mac OS X 10_15_7) AppleWebKit/605.1.15 (KHTML, like Gecko) Version/16.3 Safari/605.1.15"
162.158.158.72 - - [06/Jul/2023:05:21:48 +0000] "GET /posts HTTP/1.1" 304 - "https://kader.pub/dash/shawn" "Mozilla/5.0 (Macintosh; Intel Mac OS X 10_15_7) AppleWebKit/605.1.15 (KHTML, like Gecko) Version/16.3 Safari/605.1.15"
162.158.158.73 - - [06/Jul/2023:05:21:48 +0000] "GET /posts HTTP/1.1" 304 - "https://kader.pub/feed" "Mozilla/5.0 (Macintosh; Intel Mac OS X 10_15_7) AppleWebKit/605.1.15 (KHTML, like Gecko) Version/16.3 Safari/605.1.15"
162.158.158.72 - - [06/Jul/2023:05:21:49 +0000] "GET /posts HTTP/1.1" 304 - "https://kader.pub/dash/shawn" "Mozilla/5.0 (Macintosh; Intel Mac OS X 10_15_7) AppleWebKit/605.1.15 (KHTML, like Gecko) Version/16.3 Safari/605.1.15"
162.158.158.73 - - [06/Jul/2023:05:21:49 +0000] "GET /posts HTTP/1.1" 304 - "https://kader.pub/feed" "Mozilla/5.0 (Macintosh; Intel Mac OS X 10_15_7) AppleWebKit/605.1.15 (KHTML, like Gecko) Version/16.3 Safari/605.1.15"
162.158.158.72 - - [06/Jul/2023:05:21:50 +0000] "GET /posts HTTP/1.1" 304 - "https://kader.pub/dash/shawn" "Mozilla/5.0 (Macintosh; Intel Mac OS X 10_15_7) AppleWebKit/605.1.15 (KHTML, like Gecko) Version/16.3 Safari/605.1.15"
162.158.158.73 - - [06/Jul/2023:05:21:50 +0000] "GET /posts HTTP/1.1" 304 - "https://kader.pub/feed" "Mozilla/5.0 (Macintosh; Intel Mac OS X 10_15_7) AppleWebKit/605.1.15 (KHTML, like Gecko) Version/16.3 Safari/605.1.15"
162.158.158.72 - - [06/Jul/2023:05:21:51 +0000] "GET /posts HTTP/1.1" 304 - "https://kader.pub/dash/shawn" "Mozilla/5.0 (Macintosh; Intel Mac OS X 10_15_7) AppleWebKit/605.1.15 (KHTML, like Gecko) Version/16.3 Safari/605.1.15"
162.158.158.73 - - [06/Jul/2023:05:21:51 +0000] "GET /posts HTTP/1.1" 304 - "https://kader.pub/feed" "Mozilla/5.0 (Macintosh; Intel Mac OS X 10_15_7) AppleWebKit/605.1.15 (KHTML, like Gecko) Version/16.3 Safari/605.1.15"
162.158.158.72 - - [06/Jul/2023:05:21:52 +0000] "GET /posts HTTP/1.1" 304 - "https://kader.pub/dash/shawn" "Mozilla/5.0 (Macintosh; Intel Mac OS X 10_15_7) AppleWebKit/605.1.15 (KHTML, like Gecko) Version/16.3 Safari/605.1.15"
162.158.158.73 - - [06/Jul/2023:05:21:52 +0000] "GET /posts HTTP/1.1" 304 - "https://kader.pub/feed" "Mozilla/5.0 (Macintosh; Intel Mac OS X 10_15_7) AppleWebKit/605.1.15 (KHTML, like Gecko) Version/16.3 Safari/605.1.15"
162.158.158.72 - - [06/Jul/2023:05:21:53 +0000] "GET /posts HTTP/1.1" 304 - "https://kader.pub/dash/shawn" "Mozilla/5.0 (Macintosh; Intel Mac OS X 10_15_7) AppleWebKit/605.1.15 (KHTML, like Gecko) Version/16.3 Safari/605.1.15"
162.158.158.73 - - [06/Jul/2023:05:21:53 +0000] "GET /posts HTTP/1.1" 304 - "https://kader.pub/feed" "Mozilla/5.0 (Macintosh; Intel Mac OS X 10_15_7) AppleWebKit/605.1.15 (KHTML, like Gecko) Version/16.3 Safari/605.1.15"
162.158.158.72 - - [06/Jul/2023:05:21:54 +0000] "GET /posts HTTP/1.1" 304 - "https://kader.pub/dash/shawn" "Mozilla/5.0 (Macintosh; Intel Mac OS X 10_15_7) AppleWebKit/605.1.15 (KHTML, like Gecko) Version/16.3 Safari/605.1.15"
162.158.158.73 - - [06/Jul/2023:05:21:54 +0000] "GET /posts HTTP/1.1" 304 - "https://kader.pub/feed" "Mozilla/5.0 (Macintosh; Intel Mac OS X 10_15_7) AppleWebKit/605.1.15 (KHTML, like Gecko) Version/16.3 Safari/605.1.15"
162.158.158.72 - - [06/Jul/2023:05:21:55 +0000] "GET /posts HTTP/1.1" 304 - "https://kader.pub/dash/shawn" "Mozilla/5.0 (Macintosh; Intel Mac OS X 10_15_7) AppleWebKit/605.1.15 (KHTML, like Gecko) Version/16.3 Safari/605.1.15"
162.158.158.73 - - [06/Jul/2023:05:21:55 +0000] "GET /posts HTTP/1.1" 304 - "https://kader.pub/feed" "Mozilla/5.0 (Macintosh; Intel Mac OS X 10_15_7) AppleWebKit/605.1.15 (KHTML, like Gecko) Version/16.3 Safari/605.1.15"
162.158.158.72 - - [06/Jul/2023:05:21:56 +0000] "GET /posts HTTP/1.1" 304 - "https://kader.pub/dash/shawn" "Mozilla/5.0 (Macintosh; Intel Mac OS X 10_15_7) AppleWebKit/605.1.15 (KHTML, like Gecko) Version/16.3 Safari/605.1.15"
162.158.158.73 - - [06/Jul/2023:05:21:56 +0000] "GET /posts HTTP/1.1" 304 - "https://kader.pub/feed" "Mozilla/5.0 (Macintosh; Intel Mac OS X 10_15_7) AppleWebKit/605.1.15 (KHTML, like Gecko) Version/16.3 Safari/605.1.15"
162.158.158.72 - - [06/Jul/2023:05:21:57 +0000] "GET /posts HTTP/1.1" 304 - "https://kader.pub/dash/shawn" "Mozilla/5.0 (Macintosh; Intel Mac OS X 10_15_7) AppleWebKit/605.1.15 (KHTML, like Gecko) Version/16.3 Safari/605.1.15"
162.158.158.73 - - [06/Jul/2023:05:21:57 +0000] "GET /posts HTTP/1.1" 304 - "https://kader.pub/feed" "Mozilla/5.0 (Macintosh; Intel Mac OS X 10_15_7) AppleWebKit/605.1.15 (KHTML, like Gecko) Version/16.3 Safari/605.1.15"
162.158.158.72 - - [06/Jul/2023:05:21:58 +0000] "GET /posts HTTP/1.1" 304 - "https://kader.pub/dash/shawn" "Mozilla/5.0 (Macintosh; Intel Mac OS X 10_15_7) AppleWebKit/605.1.15 (KHTML, like Gecko) Version/16.3 Safari/605.1.15"
162.158.158.73 - - [06/Jul/2023:05:21:58 +0000] "GET /posts HTTP/1.1" 304 - "https://kader.pub/feed" "Mozilla/5.0 (Macintosh; Intel Mac OS X 10_15_7) AppleWebKit/605.1.15 (KHTML, like Gecko) Version/16.3 Safari/605.1.15"
162.158.158.72 - - [06/Jul/2023:05:21:59 +0000] "GET /posts HTTP/1.1" 304 - "https://kader.pub/dash/shawn" "Mozilla/5.0 (Macintosh; Intel Mac OS X 10_15_7) AppleWebKit/605.1.15 (KHTML, like Gecko) Version/16.3 Safari/605.1.15"
162.158.158.73 - - [06/Jul/2023:05:21:59 +0000] "GET /posts HTTP/1.1" 304 - "https://kader.pub/feed" "Mozilla/5.0 (Macintosh; Intel Mac OS X 10_15_7) AppleWebKit/605.1.15 (KHTML, like Gecko) Version/16.3 Safari/605.1.15"
162.158.158.72 - - [06/Jul/2023:05:22:00 +0000] "GET /posts HTTP/1.1" 304 - "https://kader.pub/dash/shawn" "Mozilla/5.0 (Macintosh; Intel Mac OS X 10_15_7) AppleWebKit/605.1.15 (KHTML, like Gecko) Version/16.3 Safari/605.1.15"
162.158.158.73 - - [06/Jul/2023:05:22:00 +0000] "GET /posts HTTP/1.1" 304 - "https://kader.pub/feed" "Mozilla/5.0 (Macintosh; Intel Mac OS X 10_15_7) AppleWebKit/605.1.15 (KHTML, like Gecko) Version/16.3 Safari/605.1.15"
162.158.158.72 - - [06/Jul/2023:05:22:01 +0000] "GET /posts HTTP/1.1" 304 - "https://kader.pub/dash/shawn" "Mozilla/5.0 (Macintosh; Intel Mac OS X 10_15_7) AppleWebKit/605.1.15 (KHTML, like Gecko) Version/16.3 Safari/605.1.15"
162.158.158.73 - - [06/Jul/2023:05:22:01 +0000] "GET /posts HTTP/1.1" 304 - "https://kader.pub/feed" "Mozilla/5.0 (Macintosh; Intel Mac OS X 10_15_7) AppleWebKit/605.1.15 (KHTML, like Gecko) Version/16.3 Safari/605.1.15"
162.158.158.72 - - [06/Jul/2023:05:22:02 +0000] "GET /posts HTTP/1.1" 304 - "https://kader.pub/dash/shawn" "Mozilla/5.0 (Macintosh; Intel Mac OS X 10_15_7) AppleWebKit/605.1.15 (KHTML, like Gecko) Version/16.3 Safari/605.1.15"
162.158.158.73 - - [06/Jul/2023:05:22:02 +0000] "GET /posts HTTP/1.1" 304 - "https://kader.pub/feed" "Mozilla/5.0 (Macintosh; Intel Mac OS X 10_15_7) AppleWebKit/605.1.15 (KHTML, like Gecko) Version/16.3 Safari/605.1.15"
162.158.158.72 - - [06/Jul/2023:05:22:03 +0000] "GET /posts HTTP/1.1" 304 - "https://kader.pub/dash/shawn" "Mozilla/5.0 (Macintosh; Intel Mac OS X 10_15_7) AppleWebKit/605.1.15 (KHTML, like Gecko) Version/16.3 Safari/605.1.15"
162.158.158.73 - - [06/Jul/2023:05:22:03 +0000] "GET /posts HTTP/1.1" 304 - "https://kader.pub/feed" "Mozilla/5.0 (Macintosh; Intel Mac OS X 10_15_7) AppleWebKit/605.1.15 (KHTML, like Gecko) Version/16.3 Safari/605.1.15"
162.158.158.72 - - [06/Jul/2023:05:22:04 +0000] "GET /posts HTTP/1.1" 304 - "https://kader.pub/dash/shawn" "Mozilla/5.0 (Macintosh; Intel Mac OS X 10_15_7) AppleWebKit/605.1.15 (KHTML, like Gecko) Version/16.3 Safari/605.1.15"
162.158.158.73 - - [06/Jul/2023:05:22:04 +0000] "GET /posts HTTP/1.1" 304 - "https://kader.pub/feed" "Mozilla/5.0 (Macintosh; Intel Mac OS X 10_15_7) AppleWebKit/605.1.15 (KHTML, like Gecko) Version/16.3 Safari/605.1.15"
162.158.158.72 - - [06/Jul/2023:05:22:05 +0000] "GET /posts HTTP/1.1" 304 - "https://kader.pub/dash/shawn" "Mozilla/5.0 (Macintosh; Intel Mac OS X 10_15_7) AppleWebKit/605.1.15 (KHTML, like Gecko) Version/16.3 Safari/605.1.15"
162.158.158.73 - - [06/Jul/2023:05:22:05 +0000] "GET /posts HTTP/1.1" 304 - "https://kader.pub/feed" "Mozilla/5.0 (Macintosh; Intel Mac OS X 10_15_7) AppleWebKit/605.1.15 (KHTML, like Gecko) Version/16.3 Safari/605.1.15"
162.158.158.72 - - [06/Jul/2023:05:22:06 +0000] "GET /posts HTTP/1.1" 304 - "https://kader.pub/dash/shawn" "Mozilla/5.0 (Macintosh; Intel Mac OS X 10_15_7) AppleWebKit/605.1.15 (KHTML, like Gecko) Version/16.3 Safari/605.1.15"
162.158.158.73 - - [06/Jul/2023:05:22:06 +0000] "GET /posts HTTP/1.1" 304 - "https://kader.pub/feed" "Mozilla/5.0 (Macintosh; Intel Mac OS X 10_15_7) AppleWebKit/605.1.15 (KHTML, like Gecko) Version/16.3 Safari/605.1.15"
162.158.158.72 - - [06/Jul/2023:05:22:07 +0000] "GET /posts HTTP/1.1" 304 - "https://kader.pub/dash/shawn" "Mozilla/5.0 (Macintosh; Intel Mac OS X 10_15_7) AppleWebKit/605.1.15 (KHTML, like Gecko) Version/16.3 Safari/605.1.15"
162.158.158.73 - - [06/Jul/2023:05:22:07 +0000] "GET /posts HTTP/1.1" 304 - "https://kader.pub/feed" "Mozilla/5.0 (Macintosh; Intel Mac OS X 10_15_7) AppleWebKit/605.1.15 (KHTML, like Gecko) Version/16.3 Safari/605.1.15"
162.158.158.72 - - [06/Jul/2023:05:22:08 +0000] "GET /posts HTTP/1.1" 304 - "https://kader.pub/dash/shawn" "Mozilla/5.0 (Macintosh; Intel Mac OS X 10_15_7) AppleWebKit/605.1.15 (KHTML, like Gecko) Version/16.3 Safari/605.1.15"
162.158.158.73 - - [06/Jul/2023:05:22:08 +0000] "GET /posts HTTP/1.1" 304 - "https://kader.pub/feed" "Mozilla/5.0 (Macintosh; Intel Mac OS X 10_15_7) AppleWebKit/605.1.15 (KHTML, like Gecko) Version/16.3 Safari/605.1.15"
162.158.158.72 - - [06/Jul/2023:05:22:09 +0000] "GET /posts HTTP/1.1" 304 - "https://kader.pub/dash/shawn" "Mozilla/5.0 (Macintosh; Intel Mac OS X 10_15_7) AppleWebKit/605.1.15 (KHTML, like Gecko) Version/16.3 Safari/605.1.15"
162.158.158.73 - - [06/Jul/2023:05:22:09 +0000] "GET /posts HTTP/1.1" 304 - "https://kader.pub/feed" "Mozilla/5.0 (Macintosh; Intel Mac OS X 10_15_7) AppleWebKit/605.1.15 (KHTML, like Gecko) Version/16.3 Safari/605.1.15"
162.158.158.72 - - [06/Jul/2023:05:22:10 +0000] "GET /posts HTTP/1.1" 304 - "https://kader.pub/dash/shawn" "Mozilla/5.0 (Macintosh; Intel Mac OS X 10_15_7) AppleWebKit/605.1.15 (KHTML, like Gecko) Version/16.3 Safari/605.1.15"
162.158.158.73 - - [06/Jul/2023:05:22:10 +0000] "GET /posts HTTP/1.1" 304 - "https://kader.pub/feed" "Mozilla/5.0 (Macintosh; Intel Mac OS X 10_15_7) AppleWebKit/605.1.15 (KHTML, like Gecko) Version/16.3 Safari/605.1.15"
162.158.158.72 - - [06/Jul/2023:05:22:11 +0000] "GET /posts HTTP/1.1" 304 - "https://kader.pub/dash/shawn" "Mozilla/5.0 (Macintosh; Intel Mac OS X 10_15_7) AppleWebKit/605.1.15 (KHTML, like Gecko) Version/16.3 Safari/605.1.15"
162.158.158.73 - - [06/Jul/2023:05:22:12 +0000] "GET /posts HTTP/1.1" 304 - "https://kader.pub/feed" "Mozilla/5.0 (Macintosh; Intel Mac OS X 10_15_7) AppleWebKit/605.1.15 (KHTML, like Gecko) Version/16.3 Safari/605.1.15"
162.158.158.72 - - [06/Jul/2023:05:22:12 +0000] "GET /posts HTTP/1.1" 304 - "https://kader.pub/dash/shawn" "Mozilla/5.0 (Macintosh; Intel Mac OS X 10_15_7) AppleWebKit/605.1.15 (KHTML, like Gecko) Version/16.3 Safari/605.1.15"
162.158.158.73 - - [06/Jul/2023:05:22:13 +0000] "GET /posts HTTP/1.1" 304 - "https://kader.pub/feed" "Mozilla/5.0 (Macintosh; Intel Mac OS X 10_15_7) AppleWebKit/605.1.15 (KHTML, like Gecko) Version/16.3 Safari/605.1.15"
162.158.158.72 - - [06/Jul/2023:05:22:13 +0000] "GET /posts HTTP/1.1" 304 - "https://kader.pub/dash/shawn" "Mozilla/5.0 (Macintosh; Intel Mac OS X 10_15_7) AppleWebKit/605.1.15 (KHTML, like Gecko) Version/16.3 Safari/605.1.15"
162.158.158.73 - - [06/Jul/2023:05:22:14 +0000] "GET /posts HTTP/1.1" 304 - "https://kader.pub/feed" "Mozilla/5.0 (Macintosh; Intel Mac OS X 10_15_7) AppleWebKit/605.1.15 (KHTML, like Gecko) Version/16.3 Safari/605.1.15"
162.158.158.72 - - [06/Jul/2023:05:22:14 +0000] "GET /posts HTTP/1.1" 304 - "https://kader.pub/dash/shawn" "Mozilla/5.0 (Macintosh; Intel Mac OS X 10_15_7) AppleWebKit/605.1.15 (KHTML, like Gecko) Version/16.3 Safari/605.1.15"
162.158.158.73 - - [06/Jul/2023:05:22:15 +0000] "GET /posts HTTP/1.1" 304 - "https://kader.pub/feed" "Mozilla/5.0 (Macintosh; Intel Mac OS X 10_15_7) AppleWebKit/605.1.15 (KHTML, like Gecko) Version/16.3 Safari/605.1.15"
162.158.158.72 - - [06/Jul/2023:05:22:16 +0000] "GET /posts HTTP/1.1" 304 - "https://kader.pub/dash/shawn" "Mozilla/5.0 (Macintosh; Intel Mac OS X 10_15_7) AppleWebKit/605.1.15 (KHTML, like Gecko) Version/16.3 Safari/605.1.15"
162.158.158.73 - - [06/Jul/2023:05:22:16 +0000] "GET /posts HTTP/1.1" 304 - "https://kader.pub/feed" "Mozilla/5.0 (Macintosh; Intel Mac OS X 10_15_7) AppleWebKit/605.1.15 (KHTML, like Gecko) Version/16.3 Safari/605.1.15"
162.158.158.72 - - [06/Jul/2023:05:22:17 +0000] "GET /posts HTTP/1.1" 304 - "https://kader.pub/dash/shawn" "Mozilla/5.0 (Macintosh; Intel Mac OS X 10_15_7) AppleWebKit/605.1.15 (KHTML, like Gecko) Version/16.3 Safari/605.1.15"
162.158.158.73 - - [06/Jul/2023:05:22:17 +0000] "GET /posts HTTP/1.1" 304 - "https://kader.pub/feed" "Mozilla/5.0 (Macintosh; Intel Mac OS X 10_15_7) AppleWebKit/605.1.15 (KHTML, like Gecko) Version/16.3 Safari/605.1.15"
162.158.158.72 - - [06/Jul/2023:05:22:18 +0000] "GET /posts HTTP/1.1" 304 - "https://kader.pub/dash/shawn" "Mozilla/5.0 (Macintosh; Intel Mac OS X 10_15_7) AppleWebKit/605.1.15 (KHTML, like Gecko) Version/16.3 Safari/605.1.15"
162.158.158.73 - - [06/Jul/2023:05:22:18 +0000] "GET /posts HTTP/1.1" 304 - "https://kader.pub/feed" "Mozilla/5.0 (Macintosh; Intel Mac OS X 10_15_7) AppleWebKit/605.1.15 (KHTML, like Gecko) Version/16.3 Safari/605.1.15"
162.158.158.72 - - [06/Jul/2023:05:22:19 +0000] "GET /posts HTTP/1.1" 304 - "https://kader.pub/dash/shawn" "Mozilla/5.0 (Macintosh; Intel Mac OS X 10_15_7) AppleWebKit/605.1.15 (KHTML, like Gecko) Version/16.3 Safari/605.1.15"
162.158.158.73 - - [06/Jul/2023:05:22:19 +0000] "GET /posts HTTP/1.1" 304 - "https://kader.pub/feed" "Mozilla/5.0 (Macintosh; Intel Mac OS X 10_15_7) AppleWebKit/605.1.15 (KHTML, like Gecko) Version/16.3 Safari/605.1.15"
162.158.158.72 - - [06/Jul/2023:05:22:20 +0000] "GET /posts HTTP/1.1" 304 - "https://kader.pub/dash/shawn" "Mozilla/5.0 (Macintosh; Intel Mac OS X 10_15_7) AppleWebKit/605.1.15 (KHTML, like Gecko) Version/16.3 Safari/605.1.15"
162.158.158.73 - - [06/Jul/2023:05:22:20 +0000] "GET /posts HTTP/1.1" 304 - "https://kader.pub/feed" "Mozilla/5.0 (Macintosh; Intel Mac OS X 10_15_7) AppleWebKit/605.1.15 (KHTML, like Gecko) Version/16.3 Safari/605.1.15"
162.158.158.72 - - [06/Jul/2023:05:22:21 +0000] "GET /posts HTTP/1.1" 304 - "https://kader.pub/dash/shawn" "Mozilla/5.0 (Macintosh; Intel Mac OS X 10_15_7) AppleWebKit/605.1.15 (KHTML, like Gecko) Version/16.3 Safari/605.1.15"
162.158.158.73 - - [06/Jul/2023:05:22:21 +0000] "GET /posts HTTP/1.1" 304 - "https://kader.pub/feed" "Mozilla/5.0 (Macintosh; Intel Mac OS X 10_15_7) AppleWebKit/605.1.15 (KHTML, like Gecko) Version/16.3 Safari/605.1.15"
162.158.158.72 - - [06/Jul/2023:05:22:22 +0000] "GET /posts HTTP/1.1" 304 - "https://kader.pub/dash/shawn" "Mozilla/5.0 (Macintosh; Intel Mac OS X 10_15_7) AppleWebKit/605.1.15 (KHTML, like Gecko) Version/16.3 Safari/605.1.15"
162.158.158.73 - - [06/Jul/2023:05:22:22 +0000] "GET /posts HTTP/1.1" 304 - "https://kader.pub/feed" "Mozilla/5.0 (Macintosh; Intel Mac OS X 10_15_7) AppleWebKit/605.1.15 (KHTML, like Gecko) Version/16.3 Safari/605.1.15"
162.158.158.72 - - [06/Jul/2023:05:22:23 +0000] "GET /posts HTTP/1.1" 304 - "https://kader.pub/dash/shawn" "Mozilla/5.0 (Macintosh; Intel Mac OS X 10_15_7) AppleWebKit/605.1.15 (KHTML, like Gecko) Version/16.3 Safari/605.1.15"
162.158.158.73 - - [06/Jul/2023:05:22:23 +0000] "GET /posts HTTP/1.1" 304 - "https://kader.pub/feed" "Mozilla/5.0 (Macintosh; Intel Mac OS X 10_15_7) AppleWebKit/605.1.15 (KHTML, like Gecko) Version/16.3 Safari/605.1.15"
162.158.158.72 - - [06/Jul/2023:05:22:23 +0000] "POST /dash HTTP/1.1" 200 4689 "https://kader.pub/search" "Mozilla/5.0 (Macintosh; Intel Mac OS X 10_15_7) AppleWebKit/605.1.15 (KHTML, like Gecko) Version/16.3 Safari/605.1.15"
162.158.158.73 - - [06/Jul/2023:05:22:24 +0000] "GET /posts HTTP/1.1" 304 - "https://kader.pub/search" "Mozilla/5.0 (Macintosh; Intel Mac OS X 10_15_7) AppleWebKit/605.1.15 (KHTML, like Gecko) Version/16.3 Safari/605.1.15"
162.158.158.72 - - [06/Jul/2023:05:22:24 +0000] "GET /posts HTTP/1.1" 304 - "https://kader.pub/feed" "Mozilla/5.0 (Macintosh; Intel Mac OS X 10_15_7) AppleWebKit/605.1.15 (KHTML, like Gecko) Version/16.3 Safari/605.1.15"
172.70.114.174 - - [06/Jul/2023:05:22:24 +0000] "GET /api/poob HTTP/1.1" 304 - "https://kader.pub/dash/poob" "Mozilla/5.0 (Macintosh; Intel Mac OS X 10_15_7) AppleWebKit/605.1.15 (KHTML, like Gecko) Version/16.3 Safari/605.1.15"
162.158.155.96 - - [06/Jul/2023:05:22:24 +0000] "GET /uploads/1684941788904.png HTTP/1.1" 304 - "https://kader.pub/dash/poob" "Mozilla/5.0 (Macintosh; Intel Mac OS X 10_15_7) AppleWebKit/605.1.15 (KHTML, like Gecko) Version/16.3 Safari/605.1.15"
162.158.158.73 - - [06/Jul/2023:05:22:25 +0000] "GET /posts HTTP/1.1" 304 - "https://kader.pub/dash/poob" "Mozilla/5.0 (Macintosh; Intel Mac OS X 10_15_7) AppleWebKit/605.1.15 (KHTML, like Gecko) Version/16.3 Safari/605.1.15"
162.158.158.72 - - [06/Jul/2023:05:22:25 +0000] "GET /posts HTTP/1.1" 304 - "https://kader.pub/feed" "Mozilla/5.0 (Macintosh; Intel Mac OS X 10_15_7) AppleWebKit/605.1.15 (KHTML, like Gecko) Version/16.3 Safari/605.1.15"
162.158.158.73 - - [06/Jul/2023:05:22:26 +0000] "GET /posts HTTP/1.1" 304 - "https://kader.pub/dash/poob" "Mozilla/5.0 (Macintosh; Intel Mac OS X 10_15_7) AppleWebKit/605.1.15 (KHTML, like Gecko) Version/16.3 Safari/605.1.15"
162.158.158.72 - - [06/Jul/2023:05:22:26 +0000] "POST /dash HTTP/1.1" 200 4689 "https://kader.pub/search" "Mozilla/5.0 (Macintosh; Intel Mac OS X 10_15_7) AppleWebKit/605.1.15 (KHTML, like Gecko) Version/16.3 Safari/605.1.15"
162.158.158.73 - - [06/Jul/2023:05:22:26 +0000] "GET /posts HTTP/1.1" 304 - "https://kader.pub/feed" "Mozilla/5.0 (Macintosh; Intel Mac OS X 10_15_7) AppleWebKit/605.1.15 (KHTML, like Gecko) Version/16.3 Safari/605.1.15"
172.70.110.99 - - [06/Jul/2023:05:22:26 +0000] "GET /api/pringles HTTP/1.1" 200 344 "https://kader.pub/dash/pringles" "Mozilla/5.0 (Macintosh; Intel Mac OS X 10_15_7) AppleWebKit/605.1.15 (KHTML, like Gecko) Version/16.3 Safari/605.1.15"
162.158.155.86 - - [06/Jul/2023:05:22:26 +0000] "GET /uploads/1684984861248.png HTTP/1.1" 201 655 "https://kader.pub/dash/pringles" "Mozilla/5.0 (Macintosh; Intel Mac OS X 10_15_7) AppleWebKit/605.1.15 (KHTML, like Gecko) Version/16.3 Safari/605.1.15"
162.158.158.72 - - [06/Jul/2023:05:22:27 +0000] "GET /posts HTTP/1.1" 304 - "https://kader.pub/dash/pringles" "Mozilla/5.0 (Macintosh; Intel Mac OS X 10_15_7) AppleWebKit/605.1.15 (KHTML, like Gecko) Version/16.3 Safari/605.1.15"
162.158.158.73 - - [06/Jul/2023:05:22:27 +0000] "GET /posts HTTP/1.1" 304 - "https://kader.pub/feed" "Mozilla/5.0 (Macintosh; Intel Mac OS X 10_15_7) AppleWebKit/605.1.15 (KHTML, like Gecko) Version/16.3 Safari/605.1.15"
162.158.158.72 - - [06/Jul/2023:05:22:28 +0000] "GET /posts HTTP/1.1" 304 - "https://kader.pub/dash/pringles" "Mozilla/5.0 (Macintosh; Intel Mac OS X 10_15_7) AppleWebKit/605.1.15 (KHTML, like Gecko) Version/16.3 Safari/605.1.15"
162.158.158.73 - - [06/Jul/2023:05:22:28 +0000] "GET /posts HTTP/1.1" 304 - "https://kader.pub/feed" "Mozilla/5.0 (Macintosh; Intel Mac OS X 10_15_7) AppleWebKit/605.1.15 (KHTML, like Gecko) Version/16.3 Safari/605.1.15"
162.158.158.72 - - [06/Jul/2023:05:22:29 +0000] "GET /posts HTTP/1.1" 304 - "https://kader.pub/dash/pringles" "Mozilla/5.0 (Macintosh; Intel Mac OS X 10_15_7) AppleWebKit/605.1.15 (KHTML, like Gecko) Version/16.3 Safari/605.1.15"
162.158.158.73 - - [06/Jul/2023:05:22:29 +0000] "GET /posts HTTP/1.1" 304 - "https://kader.pub/feed" "Mozilla/5.0 (Macintosh; Intel Mac OS X 10_15_7) AppleWebKit/605.1.15 (KHTML, like Gecko) Version/16.3 Safari/605.1.15"
162.158.158.72 - - [06/Jul/2023:05:22:29 +0000] "POST /dash HTTP/1.1" 200 4689 "https://kader.pub/search" "Mozilla/5.0 (Macintosh; Intel Mac OS X 10_15_7) AppleWebKit/605.1.15 (KHTML, like Gecko) Version/16.3 Safari/605.1.15"
162.158.62.182 - - [06/Jul/2023:05:22:30 +0000] "GET /api/regis HTTP/1.1" 200 416 "https://kader.pub/dash/regis" "Mozilla/5.0 (Macintosh; Intel Mac OS X 10_15_7) AppleWebKit/605.1.15 (KHTML, like Gecko) Version/16.3 Safari/605.1.15"
162.158.158.73 - - [06/Jul/2023:05:22:30 +0000] "GET /posts HTTP/1.1" 304 - "https://kader.pub/dash/regis" "Mozilla/5.0 (Macintosh; Intel Mac OS X 10_15_7) AppleWebKit/605.1.15 (KHTML, like Gecko) Version/16.3 Safari/605.1.15"
162.158.62.254 - - [06/Jul/2023:05:22:30 +0000] "GET /uploads/1688493369637.png HTTP/1.1" 201 166753 "https://kader.pub/dash/regis" "Mozilla/5.0 (Macintosh; Intel Mac OS X 10_15_7) AppleWebKit/605.1.15 (KHTML, like Gecko) Version/16.3 Safari/605.1.15"
162.158.158.72 - - [06/Jul/2023:05:22:30 +0000] "GET /posts HTTP/1.1" 304 - "https://kader.pub/feed" "Mozilla/5.0 (Macintosh; Intel Mac OS X 10_15_7) AppleWebKit/605.1.15 (KHTML, like Gecko) Version/16.3 Safari/605.1.15"
162.158.158.73 - - [06/Jul/2023:05:22:31 +0000] "GET /posts HTTP/1.1" 304 - "https://kader.pub/dash/regis" "Mozilla/5.0 (Macintosh; Intel Mac OS X 10_15_7) AppleWebKit/605.1.15 (KHTML, like Gecko) Version/16.3 Safari/605.1.15"
162.158.158.72 - - [06/Jul/2023:05:22:31 +0000] "GET /posts HTTP/1.1" 304 - "https://kader.pub/feed" "Mozilla/5.0 (Macintosh; Intel Mac OS X 10_15_7) AppleWebKit/605.1.15 (KHTML, like Gecko) Version/16.3 Safari/605.1.15"
162.158.158.73 - - [06/Jul/2023:05:22:32 +0000] "GET /posts HTTP/1.1" 304 - "https://kader.pub/dash/regis" "Mozilla/5.0 (Macintosh; Intel Mac OS X 10_15_7) AppleWebKit/605.1.15 (KHTML, like Gecko) Version/16.3 Safari/605.1.15"
162.158.158.72 - - [06/Jul/2023:05:22:32 +0000] "GET /posts HTTP/1.1" 304 - "https://kader.pub/feed" "Mozilla/5.0 (Macintosh; Intel Mac OS X 10_15_7) AppleWebKit/605.1.15 (KHTML, like Gecko) Version/16.3 Safari/605.1.15"
162.158.158.73 - - [06/Jul/2023:05:22:33 +0000] "GET /posts HTTP/1.1" 304 - "https://kader.pub/dash/regis" "Mozilla/5.0 (Macintosh; Intel Mac OS X 10_15_7) AppleWebKit/605.1.15 (KHTML, like Gecko) Version/16.3 Safari/605.1.15"
162.158.158.72 - - [06/Jul/2023:05:22:33 +0000] "GET /posts HTTP/1.1" 304 - "https://kader.pub/feed" "Mozilla/5.0 (Macintosh; Intel Mac OS X 10_15_7) AppleWebKit/605.1.15 (KHTML, like Gecko) Version/16.3 Safari/605.1.15"
162.158.158.73 - - [06/Jul/2023:05:22:34 +0000] "GET /posts HTTP/1.1" 304 - "https://kader.pub/dash/regis" "Mozilla/5.0 (Macintosh; Intel Mac OS X 10_15_7) AppleWebKit/605.1.15 (KHTML, like Gecko) Version/16.3 Safari/605.1.15"
162.158.158.72 - - [06/Jul/2023:05:22:34 +0000] "GET /posts HTTP/1.1" 304 - "https://kader.pub/feed" "Mozilla/5.0 (Macintosh; Intel Mac OS X 10_15_7) AppleWebKit/605.1.15 (KHTML, like Gecko) Version/16.3 Safari/605.1.15"
162.158.158.73 - - [06/Jul/2023:05:22:34 +0000] "POST /dash HTTP/1.1" 200 4689 "https://kader.pub/search" "Mozilla/5.0 (Macintosh; Intel Mac OS X 10_15_7) AppleWebKit/605.1.15 (KHTML, like Gecko) Version/16.3 Safari/605.1.15"
162.158.158.72 - - [06/Jul/2023:05:22:35 +0000] "GET /posts HTTP/1.1" 304 - "https://kader.pub/search" "Mozilla/5.0 (Macintosh; Intel Mac OS X 10_15_7) AppleWebKit/605.1.15 (KHTML, like Gecko) Version/16.3 Safari/605.1.15"
162.158.158.73 - - [06/Jul/2023:05:22:35 +0000] "GET /posts HTTP/1.1" 304 - "https://kader.pub/feed" "Mozilla/5.0 (Macintosh; Intel Mac OS X 10_15_7) AppleWebKit/605.1.15 (KHTML, like Gecko) Version/16.3 Safari/605.1.15"
172.70.230.215 - - [06/Jul/2023:05:22:35 +0000] "GET /api/shawn HTTP/1.1" 304 - "https://kader.pub/dash/shawn" "Mozilla/5.0 (Macintosh; Intel Mac OS X 10_15_7) AppleWebKit/605.1.15 (KHTML, like Gecko) Version/16.3 Safari/605.1.15"
172.70.114.130 - - [06/Jul/2023:05:22:35 +0000] "GET /uploads/1688620704572.png HTTP/1.1" 304 - "https://kader.pub/dash/shawn" "Mozilla/5.0 (Macintosh; Intel Mac OS X 10_15_7) AppleWebKit/605.1.15 (KHTML, like Gecko) Version/16.3 Safari/605.1.15"
162.158.158.72 - - [06/Jul/2023:05:22:36 +0000] "GET /posts HTTP/1.1" 304 - "https://kader.pub/dash/shawn" "Mozilla/5.0 (Macintosh; Intel Mac OS X 10_15_7) AppleWebKit/605.1.15 (KHTML, like Gecko) Version/16.3 Safari/605.1.15"
162.158.158.73 - - [06/Jul/2023:05:22:36 +0000] "GET /posts HTTP/1.1" 304 - "https://kader.pub/feed" "Mozilla/5.0 (Macintosh; Intel Mac OS X 10_15_7) AppleWebKit/605.1.15 (KHTML, like Gecko) Version/16.3 Safari/605.1.15"
162.158.158.72 - - [06/Jul/2023:05:22:37 +0000] "GET /posts HTTP/1.1" 304 - "https://kader.pub/dash/shawn" "Mozilla/5.0 (Macintosh; Intel Mac OS X 10_15_7) AppleWebKit/605.1.15 (KHTML, like Gecko) Version/16.3 Safari/605.1.15"
162.158.158.73 - - [06/Jul/2023:05:22:37 +0000] "POST /dash HTTP/1.1" 200 4689 "https://kader.pub/search" "Mozilla/5.0 (Macintosh; Intel Mac OS X 10_15_7) AppleWebKit/605.1.15 (KHTML, like Gecko) Version/16.3 Safari/605.1.15"
162.158.158.72 - - [06/Jul/2023:05:22:37 +0000] "GET /posts HTTP/1.1" 304 - "https://kader.pub/feed" "Mozilla/5.0 (Macintosh; Intel Mac OS X 10_15_7) AppleWebKit/605.1.15 (KHTML, like Gecko) Version/16.3 Safari/605.1.15"
162.158.158.73 - - [06/Jul/2023:05:22:38 +0000] "GET /posts HTTP/1.1" 304 - "https://kader.pub/search" "Mozilla/5.0 (Macintosh; Intel Mac OS X 10_15_7) AppleWebKit/605.1.15 (KHTML, like Gecko) Version/16.3 Safari/605.1.15"
162.158.158.72 - - [06/Jul/2023:05:22:38 +0000] "GET /posts HTTP/1.1" 304 - "https://kader.pub/feed" "Mozilla/5.0 (Macintosh; Intel Mac OS X 10_15_7) AppleWebKit/605.1.15 (KHTML, like Gecko) Version/16.3 Safari/605.1.15"
172.70.114.174 - - [06/Jul/2023:05:22:38 +0000] "GET /api/tim HTTP/1.1" 200 339 "https://kader.pub/dash/tim" "Mozilla/5.0 (Macintosh; Intel Mac OS X 10_15_7) AppleWebKit/605.1.15 (KHTML, like Gecko) Version/16.3 Safari/605.1.15"
162.158.158.227 - - [06/Jul/2023:05:22:38 +0000] "GET /uploads/1688515148340.png HTTP/1.1" 201 96036 "https://kader.pub/dash/tim" "Mozilla/5.0 (Macintosh; Intel Mac OS X 10_15_7) AppleWebKit/605.1.15 (KHTML, like Gecko) Version/16.3 Safari/605.1.15"
162.158.158.73 - - [06/Jul/2023:05:22:39 +0000] "GET /posts HTTP/1.1" 304 - "https://kader.pub/dash/tim" "Mozilla/5.0 (Macintosh; Intel Mac OS X 10_15_7) AppleWebKit/605.1.15 (KHTML, like Gecko) Version/16.3 Safari/605.1.15"
162.158.158.72 - - [06/Jul/2023:05:22:39 +0000] "GET /posts HTTP/1.1" 304 - "https://kader.pub/feed" "Mozilla/5.0 (Macintosh; Intel Mac OS X 10_15_7) AppleWebKit/605.1.15 (KHTML, like Gecko) Version/16.3 Safari/605.1.15"
162.158.158.73 - - [06/Jul/2023:05:22:40 +0000] "GET /posts HTTP/1.1" 304 - "https://kader.pub/dash/tim" "Mozilla/5.0 (Macintosh; Intel Mac OS X 10_15_7) AppleWebKit/605.1.15 (KHTML, like Gecko) Version/16.3 Safari/605.1.15"
162.158.158.72 - - [06/Jul/2023:05:22:40 +0000] "GET /posts HTTP/1.1" 304 - "https://kader.pub/feed" "Mozilla/5.0 (Macintosh; Intel Mac OS X 10_15_7) AppleWebKit/605.1.15 (KHTML, like Gecko) Version/16.3 Safari/605.1.15"
162.158.158.73 - - [06/Jul/2023:05:22:40 +0000] "POST /dash HTTP/1.1" 200 4689 "https://kader.pub/search" "Mozilla/5.0 (Macintosh; Intel Mac OS X 10_15_7) AppleWebKit/605.1.15 (KHTML, like Gecko) Version/16.3 Safari/605.1.15"
162.158.158.72 - - [06/Jul/2023:05:22:41 +0000] "GET /posts HTTP/1.1" 304 - "https://kader.pub/search" "Mozilla/5.0 (Macintosh; Intel Mac OS X 10_15_7) AppleWebKit/605.1.15 (KHTML, like Gecko) Version/16.3 Safari/605.1.15"
162.158.158.73 - - [06/Jul/2023:05:22:41 +0000] "GET /posts HTTP/1.1" 304 - "https://kader.pub/feed" "Mozilla/5.0 (Macintosh; Intel Mac OS X 10_15_7) AppleWebKit/605.1.15 (KHTML, like Gecko) Version/16.3 Safari/605.1.15"
162.158.158.72 - - [06/Jul/2023:05:22:42 +0000] "GET /api/sanjo HTTP/1.1" 200 468 "https://kader.pub/dash/sanjo" "Mozilla/5.0 (Macintosh; Intel Mac OS X 10_15_7) AppleWebKit/605.1.15 (KHTML, like Gecko) Version/16.3 Safari/605.1.15"
162.158.154.185 - - [06/Jul/2023:05:22:42 +0000] "GET /uploads/1688491869073.png HTTP/1.1" 201 77140 "https://kader.pub/dash/sanjo" "Mozilla/5.0 (Macintosh; Intel Mac OS X 10_15_7) AppleWebKit/605.1.15 (KHTML, like Gecko) Version/16.3 Safari/605.1.15"
162.158.158.73 - - [06/Jul/2023:05:22:42 +0000] "GET /posts HTTP/1.1" 304 - "https://kader.pub/dash/sanjo" "Mozilla/5.0 (Macintosh; Intel Mac OS X 10_15_7) AppleWebKit/605.1.15 (KHTML, like Gecko) Version/16.3 Safari/605.1.15"
162.158.158.72 - - [06/Jul/2023:05:22:42 +0000] "GET /posts HTTP/1.1" 304 - "https://kader.pub/feed" "Mozilla/5.0 (Macintosh; Intel Mac OS X 10_15_7) AppleWebKit/605.1.15 (KHTML, like Gecko) Version/16.3 Safari/605.1.15"
162.158.158.73 - - [06/Jul/2023:05:22:43 +0000] "GET /posts HTTP/1.1" 304 - "https://kader.pub/dash/sanjo" "Mozilla/5.0 (Macintosh; Intel Mac OS X 10_15_7) AppleWebKit/605.1.15 (KHTML, like Gecko) Version/16.3 Safari/605.1.15"
162.158.158.72 - - [06/Jul/2023:05:22:43 +0000] "GET /posts HTTP/1.1" 304 - "https://kader.pub/feed" "Mozilla/5.0 (Macintosh; Intel Mac OS X 10_15_7) AppleWebKit/605.1.15 (KHTML, like Gecko) Version/16.3 Safari/605.1.15"
162.158.158.73 - - [06/Jul/2023:05:22:44 +0000] "POST /dash HTTP/1.1" 200 4689 "https://kader.pub/search" "Mozilla/5.0 (Macintosh; Intel Mac OS X 10_15_7) AppleWebKit/605.1.15 (KHTML, like Gecko) Version/16.3 Safari/605.1.15"
162.158.158.72 - - [06/Jul/2023:05:22:44 +0000] "GET /posts HTTP/1.1" 304 - "https://kader.pub/search" "Mozilla/5.0 (Macintosh; Intel Mac OS X 10_15_7) AppleWebKit/605.1.15 (KHTML, like Gecko) Version/16.3 Safari/605.1.15"
162.158.158.73 - - [06/Jul/2023:05:22:44 +0000] "GET /posts HTTP/1.1" 304 - "https://kader.pub/feed" "Mozilla/5.0 (Macintosh; Intel Mac OS X 10_15_7) AppleWebKit/605.1.15 (KHTML, like Gecko) Version/16.3 Safari/605.1.15"
172.70.114.174 - - [06/Jul/2023:05:22:45 +0000] "GET /api/neokader HTTP/1.1" 200 423 "https://kader.pub/dash/neokader" "Mozilla/5.0 (Macintosh; Intel Mac OS X 10_15_7) AppleWebKit/605.1.15 (KHTML, like Gecko) Version/16.3 Safari/605.1.15"
172.70.111.94 - - [06/Jul/2023:05:22:45 +0000] "GET /uploads/1685801567564.png HTTP/1.1" 201 887 "https://kader.pub/dash/neokader" "Mozilla/5.0 (Macintosh; Intel Mac OS X 10_15_7) AppleWebKit/605.1.15 (KHTML, like Gecko) Version/16.3 Safari/605.1.15"
162.158.158.72 - - [06/Jul/2023:05:22:45 +0000] "GET /posts HTTP/1.1" 304 - "https://kader.pub/dash/neokader" "Mozilla/5.0 (Macintosh; Intel Mac OS X 10_15_7) AppleWebKit/605.1.15 (KHTML, like Gecko) Version/16.3 Safari/605.1.15"
162.158.158.73 - - [06/Jul/2023:05:22:45 +0000] "GET /posts HTTP/1.1" 304 - "https://kader.pub/feed" "Mozilla/5.0 (Macintosh; Intel Mac OS X 10_15_7) AppleWebKit/605.1.15 (KHTML, like Gecko) Version/16.3 Safari/605.1.15"
162.158.158.72 - - [06/Jul/2023:05:22:46 +0000] "GET /posts HTTP/1.1" 304 - "https://kader.pub/dash/neokader" "Mozilla/5.0 (Macintosh; Intel Mac OS X 10_15_7) AppleWebKit/605.1.15 (KHTML, like Gecko) Version/16.3 Safari/605.1.15"
162.158.158.73 - - [06/Jul/2023:05:22:46 +0000] "GET /posts HTTP/1.1" 304 - "https://kader.pub/feed" "Mozilla/5.0 (Macintosh; Intel Mac OS X 10_15_7) AppleWebKit/605.1.15 (KHTML, like Gecko) Version/16.3 Safari/605.1.15"
162.158.158.72 - - [06/Jul/2023:05:22:47 +0000] "POST /dash HTTP/1.1" 200 4689 "https://kader.pub/search" "Mozilla/5.0 (Macintosh; Intel Mac OS X 10_15_7) AppleWebKit/605.1.15 (KHTML, like Gecko) Version/16.3 Safari/605.1.15"
162.158.158.73 - - [06/Jul/2023:05:22:47 +0000] "GET /posts HTTP/1.1" 304 - "https://kader.pub/search" "Mozilla/5.0 (Macintosh; Intel Mac OS X 10_15_7) AppleWebKit/605.1.15 (KHTML, like Gecko) Version/16.3 Safari/605.1.15"
162.158.158.72 - - [06/Jul/2023:05:22:47 +0000] "GET /posts HTTP/1.1" 304 - "https://kader.pub/feed" "Mozilla/5.0 (Macintosh; Intel Mac OS X 10_15_7) AppleWebKit/605.1.15 (KHTML, like Gecko) Version/16.3 Safari/605.1.15"
162.158.158.73 - - [06/Jul/2023:05:22:48 +0000] "GET /api/hiall HTTP/1.1" 200 341 "https://kader.pub/dash/hiall" "Mozilla/5.0 (Macintosh; Intel Mac OS X 10_15_7) AppleWebKit/605.1.15 (KHTML, like Gecko) Version/16.3 Safari/605.1.15"
162.158.159.64 - - [06/Jul/2023:05:22:48 +0000] "GET /uploads/1685109278972.png HTTP/1.1" 201 1546491 "https://kader.pub/dash/hiall" "Mozilla/5.0 (Macintosh; Intel Mac OS X 10_15_7) AppleWebKit/605.1.15 (KHTML, like Gecko) Version/16.3 Safari/605.1.15"
162.158.158.72 - - [06/Jul/2023:05:22:48 +0000] "GET /posts HTTP/1.1" 304 - "https://kader.pub/dash/hiall" "Mozilla/5.0 (Macintosh; Intel Mac OS X 10_15_7) AppleWebKit/605.1.15 (KHTML, like Gecko) Version/16.3 Safari/605.1.15"
162.158.158.73 - - [06/Jul/2023:05:22:48 +0000] "GET /posts HTTP/1.1" 304 - "https://kader.pub/feed" "Mozilla/5.0 (Macintosh; Intel Mac OS X 10_15_7) AppleWebKit/605.1.15 (KHTML, like Gecko) Version/16.3 Safari/605.1.15"
162.158.158.72 - - [06/Jul/2023:05:22:49 +0000] "GET /posts HTTP/1.1" 304 - "https://kader.pub/dash/hiall" "Mozilla/5.0 (Macintosh; Intel Mac OS X 10_15_7) AppleWebKit/605.1.15 (KHTML, like Gecko) Version/16.3 Safari/605.1.15"
162.158.158.73 - - [06/Jul/2023:05:22:49 +0000] "GET /posts HTTP/1.1" 304 - "https://kader.pub/feed" "Mozilla/5.0 (Macintosh; Intel Mac OS X 10_15_7) AppleWebKit/605.1.15 (KHTML, like Gecko) Version/16.3 Safari/605.1.15"
162.158.158.72 - - [06/Jul/2023:05:22:50 +0000] "POST /dash HTTP/1.1" 200 4689 "https://kader.pub/search" "Mozilla/5.0 (Macintosh; Intel Mac OS X 10_15_7) AppleWebKit/605.1.15 (KHTML, like Gecko) Version/16.3 Safari/605.1.15"
162.158.158.73 - - [06/Jul/2023:05:22:50 +0000] "GET /posts HTTP/1.1" 304 - "https://kader.pub/search" "Mozilla/5.0 (Macintosh; Intel Mac OS X 10_15_7) AppleWebKit/605.1.15 (KHTML, like Gecko) Version/16.3 Safari/605.1.15"
162.158.158.72 - - [06/Jul/2023:05:22:50 +0000] "GET /posts HTTP/1.1" 304 - "https://kader.pub/feed" "Mozilla/5.0 (Macintosh; Intel Mac OS X 10_15_7) AppleWebKit/605.1.15 (KHTML, like Gecko) Version/16.3 Safari/605.1.15"
162.158.158.73 - - [06/Jul/2023:05:22:51 +0000] "GET /api/hiall HTTP/1.1" 304 - "https://kader.pub/dash/hiall" "Mozilla/5.0 (Macintosh; Intel Mac OS X 10_15_7) AppleWebKit/605.1.15 (KHTML, like Gecko) Version/16.3 Safari/605.1.15"
162.158.158.72 - - [06/Jul/2023:05:22:51 +0000] "GET /posts HTTP/1.1" 304 - "https://kader.pub/dash/hiall" "Mozilla/5.0 (Macintosh; Intel Mac OS X 10_15_7) AppleWebKit/605.1.15 (KHTML, like Gecko) Version/16.3 Safari/605.1.15"
162.158.158.73 - - [06/Jul/2023:05:22:51 +0000] "GET /posts HTTP/1.1" 304 - "https://kader.pub/feed" "Mozilla/5.0 (Macintosh; Intel Mac OS X 10_15_7) AppleWebKit/605.1.15 (KHTML, like Gecko) Version/16.3 Safari/605.1.15"
162.158.158.72 - - [06/Jul/2023:05:22:52 +0000] "POST /dash HTTP/1.1" 200 4689 "https://kader.pub/search" "Mozilla/5.0 (Macintosh; Intel Mac OS X 10_15_7) AppleWebKit/605.1.15 (KHTML, like Gecko) Version/16.3 Safari/605.1.15"
162.158.158.73 - - [06/Jul/2023:05:22:52 +0000] "GET /posts HTTP/1.1" 304 - "https://kader.pub/search" "Mozilla/5.0 (Macintosh; Intel Mac OS X 10_15_7) AppleWebKit/605.1.15 (KHTML, like Gecko) Version/16.3 Safari/605.1.15"
162.158.158.72 - - [06/Jul/2023:05:22:52 +0000] "GET /posts HTTP/1.1" 304 - "https://kader.pub/feed" "Mozilla/5.0 (Macintosh; Intel Mac OS X 10_15_7) AppleWebKit/605.1.15 (KHTML, like Gecko) Version/16.3 Safari/605.1.15"
