71.27.24.185 - - [08/Feb/2023:13:25:38 +0000] "GET /posts HTTP/1.1" 304 - "https://sciencecamp.host/dash/ty" "Mozilla/5.0 (Macintosh; Intel Mac OS X 10_15_7) AppleWebKit/605.1.15 (KHTML, like Gecko) Version/16.2 Safari/605.1.15"
10.1.10.34 - - [08/Feb/2023:13:25:38 +0000] "GET /posts HTTP/1.1" 200 5919 "https://sciencecamp.host/dash" "Mozilla/5.0 (iPhone; CPU iPhone OS 16_2 like Mac OS X) AppleWebKit/605.1.15 (KHTML, like Gecko) Version/16.2 Mobile/15E148 Safari/604.1"
71.27.24.185 - - [08/Feb/2023:13:25:38 +0000] "GET /posts HTTP/1.1" 200 5919 "https://sciencecamp.host/dash" "Mozilla/5.0 (Macintosh; Intel Mac OS X 10_15_7) AppleWebKit/537.36 (KHTML, like Gecko) Chrome/109.0.0.0 Safari/537.36"
71.27.24.185 - - [08/Feb/2023:13:25:39 +0000] "GET /posts HTTP/1.1" 304 - "https://sciencecamp.host/dash/ty" "Mozilla/5.0 (Macintosh; Intel Mac OS X 10_15_7) AppleWebKit/605.1.15 (KHTML, like Gecko) Version/16.2 Safari/605.1.15"
10.1.10.34 - - [08/Feb/2023:13:25:39 +0000] "GET /posts HTTP/1.1" 200 5919 "https://sciencecamp.host/dash" "Mozilla/5.0 (iPhone; CPU iPhone OS 16_2 like Mac OS X) AppleWebKit/605.1.15 (KHTML, like Gecko) Version/16.2 Mobile/15E148 Safari/604.1"
71.27.24.185 - - [08/Feb/2023:13:25:39 +0000] "GET /posts HTTP/1.1" 200 5919 "https://sciencecamp.host/dash" "Mozilla/5.0 (Macintosh; Intel Mac OS X 10_15_7) AppleWebKit/537.36 (KHTML, like Gecko) Chrome/109.0.0.0 Safari/537.36"
71.27.24.185 - - [08/Feb/2023:13:25:40 +0000] "GET /posts HTTP/1.1" 304 - "https://sciencecamp.host/dash/ty" "Mozilla/5.0 (Macintosh; Intel Mac OS X 10_15_7) AppleWebKit/605.1.15 (KHTML, like Gecko) Version/16.2 Safari/605.1.15"
10.1.10.34 - - [08/Feb/2023:13:25:40 +0000] "GET /posts HTTP/1.1" 200 5919 "https://sciencecamp.host/dash" "Mozilla/5.0 (iPhone; CPU iPhone OS 16_2 like Mac OS X) AppleWebKit/605.1.15 (KHTML, like Gecko) Version/16.2 Mobile/15E148 Safari/604.1"
71.27.24.185 - - [08/Feb/2023:13:25:40 +0000] "GET /posts HTTP/1.1" 200 5919 "https://sciencecamp.host/dash" "Mozilla/5.0 (Macintosh; Intel Mac OS X 10_15_7) AppleWebKit/537.36 (KHTML, like Gecko) Chrome/109.0.0.0 Safari/537.36"
71.27.24.185 - - [08/Feb/2023:13:25:41 +0000] "GET /posts HTTP/1.1" 304 - "https://sciencecamp.host/dash/ty" "Mozilla/5.0 (Macintosh; Intel Mac OS X 10_15_7) AppleWebKit/605.1.15 (KHTML, like Gecko) Version/16.2 Safari/605.1.15"
10.1.10.34 - - [08/Feb/2023:13:25:41 +0000] "GET /posts HTTP/1.1" 200 5919 "https://sciencecamp.host/dash" "Mozilla/5.0 (iPhone; CPU iPhone OS 16_2 like Mac OS X) AppleWebKit/605.1.15 (KHTML, like Gecko) Version/16.2 Mobile/15E148 Safari/604.1"
71.27.24.185 - - [08/Feb/2023:13:25:41 +0000] "GET /posts HTTP/1.1" 200 5919 "https://sciencecamp.host/dash" "Mozilla/5.0 (Macintosh; Intel Mac OS X 10_15_7) AppleWebKit/537.36 (KHTML, like Gecko) Chrome/109.0.0.0 Safari/537.36"
71.27.24.185 - - [08/Feb/2023:13:25:42 +0000] "GET /posts HTTP/1.1" 304 - "https://sciencecamp.host/dash/ty" "Mozilla/5.0 (Macintosh; Intel Mac OS X 10_15_7) AppleWebKit/605.1.15 (KHTML, like Gecko) Version/16.2 Safari/605.1.15"
10.1.10.34 - - [08/Feb/2023:13:25:42 +0000] "GET /posts HTTP/1.1" 200 5919 "https://sciencecamp.host/dash" "Mozilla/5.0 (iPhone; CPU iPhone OS 16_2 like Mac OS X) AppleWebKit/605.1.15 (KHTML, like Gecko) Version/16.2 Mobile/15E148 Safari/604.1"
71.27.24.185 - - [08/Feb/2023:13:25:42 +0000] "GET /posts HTTP/1.1" 200 5919 "https://sciencecamp.host/dash" "Mozilla/5.0 (Macintosh; Intel Mac OS X 10_15_7) AppleWebKit/537.36 (KHTML, like Gecko) Chrome/109.0.0.0 Safari/537.36"
71.27.24.185 - - [08/Feb/2023:13:25:43 +0000] "GET /posts HTTP/1.1" 304 - "https://sciencecamp.host/dash/ty" "Mozilla/5.0 (Macintosh; Intel Mac OS X 10_15_7) AppleWebKit/605.1.15 (KHTML, like Gecko) Version/16.2 Safari/605.1.15"
10.1.10.34 - - [08/Feb/2023:13:25:43 +0000] "GET /posts HTTP/1.1" 200 5919 "https://sciencecamp.host/dash" "Mozilla/5.0 (iPhone; CPU iPhone OS 16_2 like Mac OS X) AppleWebKit/605.1.15 (KHTML, like Gecko) Version/16.2 Mobile/15E148 Safari/604.1"
71.27.24.185 - - [08/Feb/2023:13:25:43 +0000] "GET /posts HTTP/1.1" 200 5919 "https://sciencecamp.host/dash" "Mozilla/5.0 (Macintosh; Intel Mac OS X 10_15_7) AppleWebKit/537.36 (KHTML, like Gecko) Chrome/109.0.0.0 Safari/537.36"
71.27.24.185 - - [08/Feb/2023:13:25:44 +0000] "GET /posts HTTP/1.1" 304 - "https://sciencecamp.host/dash/ty" "Mozilla/5.0 (Macintosh; Intel Mac OS X 10_15_7) AppleWebKit/605.1.15 (KHTML, like Gecko) Version/16.2 Safari/605.1.15"
10.1.10.34 - - [08/Feb/2023:13:25:44 +0000] "GET /dash/gray HTTP/1.1" 200 11 "https://sciencecamp.host/dash/gray" "Mozilla/5.0 (iPhone; CPU iPhone OS 16_2 like Mac OS X) AppleWebKit/605.1.15 (KHTML, like Gecko) Version/16.2 Mobile/15E148 Safari/604.1"
10.1.10.34 - - [08/Feb/2023:13:25:44 +0000] "GET /posts HTTP/1.1" 200 5919 "https://sciencecamp.host/dash/gray" "Mozilla/5.0 (iPhone; CPU iPhone OS 16_2 like Mac OS X) AppleWebKit/605.1.15 (KHTML, like Gecko) Version/16.2 Mobile/15E148 Safari/604.1"
71.27.24.185 - - [08/Feb/2023:13:25:44 +0000] "GET /posts HTTP/1.1" 200 5919 "https://sciencecamp.host/dash" "Mozilla/5.0 (Macintosh; Intel Mac OS X 10_15_7) AppleWebKit/537.36 (KHTML, like Gecko) Chrome/109.0.0.0 Safari/537.36"
71.27.24.185 - - [08/Feb/2023:13:25:45 +0000] "GET /posts HTTP/1.1" 304 - "https://sciencecamp.host/dash/ty" "Mozilla/5.0 (Macintosh; Intel Mac OS X 10_15_7) AppleWebKit/605.1.15 (KHTML, like Gecko) Version/16.2 Safari/605.1.15"
10.1.10.34 - - [08/Feb/2023:13:25:45 +0000] "GET /dash HTTP/1.1" 200 666 "https://sciencecamp.host/dash/gray" "Mozilla/5.0 (iPhone; CPU iPhone OS 16_2 like Mac OS X) AppleWebKit/605.1.15 (KHTML, like Gecko) Version/16.2 Mobile/15E148 Safari/604.1"
10.1.10.34 - - [08/Feb/2023:13:25:45 +0000] "POST /api HTTP/1.1" 201 135 "https://sciencecamp.host/dash" "Mozilla/5.0 (iPhone; CPU iPhone OS 16_2 like Mac OS X) AppleWebKit/605.1.15 (KHTML, like Gecko) Version/16.2 Mobile/15E148 Safari/604.1"
10.1.10.34 - - [08/Feb/2023:13:25:45 +0000] "GET /posts HTTP/1.1" 200 5919 "https://sciencecamp.host/dash" "Mozilla/5.0 (iPhone; CPU iPhone OS 16_2 like Mac OS X) AppleWebKit/605.1.15 (KHTML, like Gecko) Version/16.2 Mobile/15E148 Safari/604.1"
10.1.10.34 - - [08/Feb/2023:13:25:45 +0000] "POST /dash HTTP/1.1" 200 5767 "https://sciencecamp.host/dash" "Mozilla/5.0 (iPhone; CPU iPhone OS 16_2 like Mac OS X) AppleWebKit/605.1.15 (KHTML, like Gecko) Version/16.2 Mobile/15E148 Safari/604.1"
10.1.10.34 - - [08/Feb/2023:13:25:45 +0000] "POST /online HTTP/1.1" 200 12937 "https://sciencecamp.host/dash" "Mozilla/5.0 (iPhone; CPU iPhone OS 16_2 like Mac OS X) AppleWebKit/605.1.15 (KHTML, like Gecko) Version/16.2 Mobile/15E148 Safari/604.1"
71.27.24.185 - - [08/Feb/2023:13:25:45 +0000] "GET /posts HTTP/1.1" 200 5919 "https://sciencecamp.host/dash" "Mozilla/5.0 (Macintosh; Intel Mac OS X 10_15_7) AppleWebKit/537.36 (KHTML, like Gecko) Chrome/109.0.0.0 Safari/537.36"
71.27.24.185 - - [08/Feb/2023:13:25:46 +0000] "GET /posts HTTP/1.1" 304 - "https://sciencecamp.host/dash/ty" "Mozilla/5.0 (Macintosh; Intel Mac OS X 10_15_7) AppleWebKit/605.1.15 (KHTML, like Gecko) Version/16.2 Safari/605.1.15"
10.1.10.34 - - [08/Feb/2023:13:25:46 +0000] "GET /posts HTTP/1.1" 200 5919 "https://sciencecamp.host/dash" "Mozilla/5.0 (iPhone; CPU iPhone OS 16_2 like Mac OS X) AppleWebKit/605.1.15 (KHTML, like Gecko) Version/16.2 Mobile/15E148 Safari/604.1"
71.27.24.185 - - [08/Feb/2023:13:25:46 +0000] "GET /posts HTTP/1.1" 200 5919 "https://sciencecamp.host/dash" "Mozilla/5.0 (Macintosh; Intel Mac OS X 10_15_7) AppleWebKit/537.36 (KHTML, like Gecko) Chrome/109.0.0.0 Safari/537.36"
71.27.24.185 - - [08/Feb/2023:13:25:47 +0000] "GET /posts HTTP/1.1" 304 - "https://sciencecamp.host/dash/ty" "Mozilla/5.0 (Macintosh; Intel Mac OS X 10_15_7) AppleWebKit/605.1.15 (KHTML, like Gecko) Version/16.2 Safari/605.1.15"
10.1.10.34 - - [08/Feb/2023:13:25:47 +0000] "GET /posts HTTP/1.1" 200 5919 "https://sciencecamp.host/dash" "Mozilla/5.0 (iPhone; CPU iPhone OS 16_2 like Mac OS X) AppleWebKit/605.1.15 (KHTML, like Gecko) Version/16.2 Mobile/15E148 Safari/604.1"
71.27.24.185 - - [08/Feb/2023:13:25:47 +0000] "GET /posts HTTP/1.1" 200 5919 "https://sciencecamp.host/dash" "Mozilla/5.0 (Macintosh; Intel Mac OS X 10_15_7) AppleWebKit/537.36 (KHTML, like Gecko) Chrome/109.0.0.0 Safari/537.36"
71.27.24.185 - - [08/Feb/2023:13:25:48 +0000] "GET /posts HTTP/1.1" 304 - "https://sciencecamp.host/dash/ty" "Mozilla/5.0 (Macintosh; Intel Mac OS X 10_15_7) AppleWebKit/605.1.15 (KHTML, like Gecko) Version/16.2 Safari/605.1.15"
10.1.10.34 - - [08/Feb/2023:13:25:48 +0000] "GET /posts HTTP/1.1" 200 5919 "https://sciencecamp.host/dash" "Mozilla/5.0 (iPhone; CPU iPhone OS 16_2 like Mac OS X) AppleWebKit/605.1.15 (KHTML, like Gecko) Version/16.2 Mobile/15E148 Safari/604.1"
71.27.24.185 - - [08/Feb/2023:13:25:48 +0000] "GET /posts HTTP/1.1" 200 5919 "https://sciencecamp.host/dash" "Mozilla/5.0 (Macintosh; Intel Mac OS X 10_15_7) AppleWebKit/537.36 (KHTML, like Gecko) Chrome/109.0.0.0 Safari/537.36"
10.1.10.34 - - [08/Feb/2023:13:25:48 +0000] "GET /dash/andy HTTP/1.1" 200 180 "https://sciencecamp.host/dash/andy" "Mozilla/5.0 (iPhone; CPU iPhone OS 16_2 like Mac OS X) AppleWebKit/605.1.15 (KHTML, like Gecko) Version/16.2 Mobile/15E148 Safari/604.1"
71.27.24.185 - - [08/Feb/2023:13:25:49 +0000] "GET /posts HTTP/1.1" 304 - "https://sciencecamp.host/dash/ty" "Mozilla/5.0 (Macintosh; Intel Mac OS X 10_15_7) AppleWebKit/605.1.15 (KHTML, like Gecko) Version/16.2 Safari/605.1.15"
10.1.10.34 - - [08/Feb/2023:13:25:49 +0000] "GET /posts HTTP/1.1" 200 5919 "https://sciencecamp.host/dash/andy" "Mozilla/5.0 (iPhone; CPU iPhone OS 16_2 like Mac OS X) AppleWebKit/605.1.15 (KHTML, like Gecko) Version/16.2 Mobile/15E148 Safari/604.1"
71.27.24.185 - - [08/Feb/2023:13:25:49 +0000] "GET /posts HTTP/1.1" 200 5919 "https://sciencecamp.host/dash" "Mozilla/5.0 (Macintosh; Intel Mac OS X 10_15_7) AppleWebKit/537.36 (KHTML, like Gecko) Chrome/109.0.0.0 Safari/537.36"
71.27.24.185 - - [08/Feb/2023:13:25:50 +0000] "GET /posts HTTP/1.1" 304 - "https://sciencecamp.host/dash/ty" "Mozilla/5.0 (Macintosh; Intel Mac OS X 10_15_7) AppleWebKit/605.1.15 (KHTML, like Gecko) Version/16.2 Safari/605.1.15"
10.1.10.34 - - [08/Feb/2023:13:25:50 +0000] "GET /posts HTTP/1.1" 200 5919 "https://sciencecamp.host/dash/andy" "Mozilla/5.0 (iPhone; CPU iPhone OS 16_2 like Mac OS X) AppleWebKit/605.1.15 (KHTML, like Gecko) Version/16.2 Mobile/15E148 Safari/604.1"
71.27.24.185 - - [08/Feb/2023:13:25:50 +0000] "GET /posts HTTP/1.1" 200 5919 "https://sciencecamp.host/dash" "Mozilla/5.0 (Macintosh; Intel Mac OS X 10_15_7) AppleWebKit/537.36 (KHTML, like Gecko) Chrome/109.0.0.0 Safari/537.36"
71.27.24.185 - - [08/Feb/2023:13:25:51 +0000] "GET /posts HTTP/1.1" 304 - "https://sciencecamp.host/dash/ty" "Mozilla/5.0 (Macintosh; Intel Mac OS X 10_15_7) AppleWebKit/605.1.15 (KHTML, like Gecko) Version/16.2 Safari/605.1.15"
10.1.10.34 - - [08/Feb/2023:13:25:51 +0000] "GET /posts HTTP/1.1" - - "https://sciencecamp.host/dash/andy" "Mozilla/5.0 (iPhone; CPU iPhone OS 16_2 like Mac OS X) AppleWebKit/605.1.15 (KHTML, like Gecko) Version/16.2 Mobile/15E148 Safari/604.1"
10.1.10.34 - - [08/Feb/2023:13:25:51 +0000] "GET /dash HTTP/1.1" 200 666 "https://sciencecamp.host/dash/andy" "Mozilla/5.0 (iPhone; CPU iPhone OS 16_2 like Mac OS X) AppleWebKit/605.1.15 (KHTML, like Gecko) Version/16.2 Mobile/15E148 Safari/604.1"
10.1.10.34 - - [08/Feb/2023:13:25:51 +0000] "POST /api HTTP/1.1" 201 135 "https://sciencecamp.host/dash" "Mozilla/5.0 (iPhone; CPU iPhone OS 16_2 like Mac OS X) AppleWebKit/605.1.15 (KHTML, like Gecko) Version/16.2 Mobile/15E148 Safari/604.1"
71.27.24.185 - - [08/Feb/2023:13:25:51 +0000] "GET /posts HTTP/1.1" 200 5919 "https://sciencecamp.host/dash" "Mozilla/5.0 (Macintosh; Intel Mac OS X 10_15_7) AppleWebKit/537.36 (KHTML, like Gecko) Chrome/109.0.0.0 Safari/537.36"
10.1.10.34 - - [08/Feb/2023:13:25:51 +0000] "POST /dash HTTP/1.1" 200 5767 "https://sciencecamp.host/dash" "Mozilla/5.0 (iPhone; CPU iPhone OS 16_2 like Mac OS X) AppleWebKit/605.1.15 (KHTML, like Gecko) Version/16.2 Mobile/15E148 Safari/604.1"
10.1.10.34 - - [08/Feb/2023:13:25:51 +0000] "GET /posts HTTP/1.1" 200 5919 "https://sciencecamp.host/dash" "Mozilla/5.0 (iPhone; CPU iPhone OS 16_2 like Mac OS X) AppleWebKit/605.1.15 (KHTML, like Gecko) Version/16.2 Mobile/15E148 Safari/604.1"
10.1.10.34 - - [08/Feb/2023:13:25:51 +0000] "POST /online HTTP/1.1" 200 12937 "https://sciencecamp.host/dash" "Mozilla/5.0 (iPhone; CPU iPhone OS 16_2 like Mac OS X) AppleWebKit/605.1.15 (KHTML, like Gecko) Version/16.2 Mobile/15E148 Safari/604.1"
71.27.24.185 - - [08/Feb/2023:13:25:52 +0000] "GET /posts HTTP/1.1" 304 - "https://sciencecamp.host/dash/ty" "Mozilla/5.0 (Macintosh; Intel Mac OS X 10_15_7) AppleWebKit/605.1.15 (KHTML, like Gecko) Version/16.2 Safari/605.1.15"
10.1.10.34 - - [08/Feb/2023:13:25:52 +0000] "GET /posts HTTP/1.1" 200 5919 "https://sciencecamp.host/dash" "Mozilla/5.0 (iPhone; CPU iPhone OS 16_2 like Mac OS X) AppleWebKit/605.1.15 (KHTML, like Gecko) Version/16.2 Mobile/15E148 Safari/604.1"
71.27.24.185 - - [08/Feb/2023:13:25:52 +0000] "GET /posts HTTP/1.1" 200 5919 "https://sciencecamp.host/dash" "Mozilla/5.0 (Macintosh; Intel Mac OS X 10_15_7) AppleWebKit/537.36 (KHTML, like Gecko) Chrome/109.0.0.0 Safari/537.36"
71.27.24.185 - - [08/Feb/2023:13:25:53 +0000] "GET /posts HTTP/1.1" 304 - "https://sciencecamp.host/dash/ty" "Mozilla/5.0 (Macintosh; Intel Mac OS X 10_15_7) AppleWebKit/605.1.15 (KHTML, like Gecko) Version/16.2 Safari/605.1.15"
10.1.10.34 - - [08/Feb/2023:13:25:53 +0000] "GET /dash/ka HTTP/1.1" 200 11 "https://sciencecamp.host/dash/ka" "Mozilla/5.0 (iPhone; CPU iPhone OS 16_2 like Mac OS X) AppleWebKit/605.1.15 (KHTML, like Gecko) Version/16.2 Mobile/15E148 Safari/604.1"
71.27.24.185 - - [08/Feb/2023:13:25:53 +0000] "GET /posts HTTP/1.1" 200 5919 "https://sciencecamp.host/dash" "Mozilla/5.0 (Macintosh; Intel Mac OS X 10_15_7) AppleWebKit/537.36 (KHTML, like Gecko) Chrome/109.0.0.0 Safari/537.36"
10.1.10.34 - - [08/Feb/2023:13:25:53 +0000] "GET /posts HTTP/1.1" 200 5919 "https://sciencecamp.host/dash/ka" "Mozilla/5.0 (iPhone; CPU iPhone OS 16_2 like Mac OS X) AppleWebKit/605.1.15 (KHTML, like Gecko) Version/16.2 Mobile/15E148 Safari/604.1"
71.27.24.185 - - [08/Feb/2023:13:25:54 +0000] "GET /posts HTTP/1.1" 304 - "https://sciencecamp.host/dash/ty" "Mozilla/5.0 (Macintosh; Intel Mac OS X 10_15_7) AppleWebKit/605.1.15 (KHTML, like Gecko) Version/16.2 Safari/605.1.15"
71.27.24.185 - - [08/Feb/2023:13:25:54 +0000] "GET /posts HTTP/1.1" 200 5919 "https://sciencecamp.host/dash" "Mozilla/5.0 (Macintosh; Intel Mac OS X 10_15_7) AppleWebKit/537.36 (KHTML, like Gecko) Chrome/109.0.0.0 Safari/537.36"
10.1.10.34 - - [08/Feb/2023:13:25:54 +0000] "GET /posts HTTP/1.1" 200 5919 "https://sciencecamp.host/dash/ka" "Mozilla/5.0 (iPhone; CPU iPhone OS 16_2 like Mac OS X) AppleWebKit/605.1.15 (KHTML, like Gecko) Version/16.2 Mobile/15E148 Safari/604.1"
10.1.10.34 - - [08/Feb/2023:13:25:55 +0000] "GET /dash HTTP/1.1" 200 666 "https://sciencecamp.host/dash/ka" "Mozilla/5.0 (iPhone; CPU iPhone OS 16_2 like Mac OS X) AppleWebKit/605.1.15 (KHTML, like Gecko) Version/16.2 Mobile/15E148 Safari/604.1"
10.1.10.34 - - [08/Feb/2023:13:25:55 +0000] "POST /api HTTP/1.1" 201 135 "https://sciencecamp.host/dash" "Mozilla/5.0 (iPhone; CPU iPhone OS 16_2 like Mac OS X) AppleWebKit/605.1.15 (KHTML, like Gecko) Version/16.2 Mobile/15E148 Safari/604.1"
10.1.10.34 - - [08/Feb/2023:13:25:55 +0000] "GET /posts HTTP/1.1" 200 5919 "https://sciencecamp.host/dash" "Mozilla/5.0 (iPhone; CPU iPhone OS 16_2 like Mac OS X) AppleWebKit/605.1.15 (KHTML, like Gecko) Version/16.2 Mobile/15E148 Safari/604.1"
10.1.10.34 - - [08/Feb/2023:13:25:55 +0000] "POST /dash HTTP/1.1" 200 5767 "https://sciencecamp.host/dash" "Mozilla/5.0 (iPhone; CPU iPhone OS 16_2 like Mac OS X) AppleWebKit/605.1.15 (KHTML, like Gecko) Version/16.2 Mobile/15E148 Safari/604.1"
10.1.10.34 - - [08/Feb/2023:13:25:55 +0000] "POST /online HTTP/1.1" 200 13125 "https://sciencecamp.host/dash" "Mozilla/5.0 (iPhone; CPU iPhone OS 16_2 like Mac OS X) AppleWebKit/605.1.15 (KHTML, like Gecko) Version/16.2 Mobile/15E148 Safari/604.1"
71.27.24.185 - - [08/Feb/2023:13:25:55 +0000] "GET /posts HTTP/1.1" 304 - "https://sciencecamp.host/dash/ty" "Mozilla/5.0 (Macintosh; Intel Mac OS X 10_15_7) AppleWebKit/605.1.15 (KHTML, like Gecko) Version/16.2 Safari/605.1.15"
71.27.24.185 - - [08/Feb/2023:13:25:55 +0000] "GET /posts HTTP/1.1" 200 5919 "https://sciencecamp.host/dash" "Mozilla/5.0 (Macintosh; Intel Mac OS X 10_15_7) AppleWebKit/537.36 (KHTML, like Gecko) Chrome/109.0.0.0 Safari/537.36"
10.1.10.34 - - [08/Feb/2023:13:25:56 +0000] "GET /posts HTTP/1.1" 200 5919 "https://sciencecamp.host/dash" "Mozilla/5.0 (iPhone; CPU iPhone OS 16_2 like Mac OS X) AppleWebKit/605.1.15 (KHTML, like Gecko) Version/16.2 Mobile/15E148 Safari/604.1"
71.27.24.185 - - [08/Feb/2023:13:25:56 +0000] "GET /posts HTTP/1.1" 304 - "https://sciencecamp.host/dash/ty" "Mozilla/5.0 (Macintosh; Intel Mac OS X 10_15_7) AppleWebKit/605.1.15 (KHTML, like Gecko) Version/16.2 Safari/605.1.15"
71.27.24.185 - - [08/Feb/2023:13:25:56 +0000] "GET /posts HTTP/1.1" 200 5919 "https://sciencecamp.host/dash" "Mozilla/5.0 (Macintosh; Intel Mac OS X 10_15_7) AppleWebKit/537.36 (KHTML, like Gecko) Chrome/109.0.0.0 Safari/537.36"
10.1.10.34 - - [08/Feb/2023:13:25:57 +0000] "GET /posts HTTP/1.1" 200 5919 "https://sciencecamp.host/dash" "Mozilla/5.0 (iPhone; CPU iPhone OS 16_2 like Mac OS X) AppleWebKit/605.1.15 (KHTML, like Gecko) Version/16.2 Mobile/15E148 Safari/604.1"
71.27.24.185 - - [08/Feb/2023:13:25:57 +0000] "GET /posts HTTP/1.1" 304 - "https://sciencecamp.host/dash/ty" "Mozilla/5.0 (Macintosh; Intel Mac OS X 10_15_7) AppleWebKit/605.1.15 (KHTML, like Gecko) Version/16.2 Safari/605.1.15"
71.27.24.185 - - [08/Feb/2023:13:25:57 +0000] "GET /posts HTTP/1.1" 200 5919 "https://sciencecamp.host/dash" "Mozilla/5.0 (Macintosh; Intel Mac OS X 10_15_7) AppleWebKit/537.36 (KHTML, like Gecko) Chrome/109.0.0.0 Safari/537.36"
10.1.10.34 - - [08/Feb/2023:13:25:58 +0000] "GET /posts HTTP/1.1" 200 5919 "https://sciencecamp.host/dash" "Mozilla/5.0 (iPhone; CPU iPhone OS 16_2 like Mac OS X) AppleWebKit/605.1.15 (KHTML, like Gecko) Version/16.2 Mobile/15E148 Safari/604.1"
71.27.24.185 - - [08/Feb/2023:13:25:58 +0000] "GET /posts HTTP/1.1" 304 - "https://sciencecamp.host/dash/ty" "Mozilla/5.0 (Macintosh; Intel Mac OS X 10_15_7) AppleWebKit/605.1.15 (KHTML, like Gecko) Version/16.2 Safari/605.1.15"
71.27.24.185 - - [08/Feb/2023:13:25:58 +0000] "GET /posts HTTP/1.1" 200 5919 "https://sciencecamp.host/dash" "Mozilla/5.0 (Macintosh; Intel Mac OS X 10_15_7) AppleWebKit/537.36 (KHTML, like Gecko) Chrome/109.0.0.0 Safari/537.36"
10.1.10.34 - - [08/Feb/2023:13:25:59 +0000] "GET /posts HTTP/1.1" 200 5919 "https://sciencecamp.host/dash" "Mozilla/5.0 (iPhone; CPU iPhone OS 16_2 like Mac OS X) AppleWebKit/605.1.15 (KHTML, like Gecko) Version/16.2 Mobile/15E148 Safari/604.1"
71.27.24.185 - - [08/Feb/2023:13:25:59 +0000] "GET /posts HTTP/1.1" 304 - "https://sciencecamp.host/dash/ty" "Mozilla/5.0 (Macintosh; Intel Mac OS X 10_15_7) AppleWebKit/605.1.15 (KHTML, like Gecko) Version/16.2 Safari/605.1.15"
71.27.24.185 - - [08/Feb/2023:13:25:59 +0000] "GET /posts HTTP/1.1" 200 5919 "https://sciencecamp.host/dash" "Mozilla/5.0 (Macintosh; Intel Mac OS X 10_15_7) AppleWebKit/537.36 (KHTML, like Gecko) Chrome/109.0.0.0 Safari/537.36"
10.1.10.34 - - [08/Feb/2023:13:26:00 +0000] "GET /posts HTTP/1.1" 200 5919 "https://sciencecamp.host/dash" "Mozilla/5.0 (iPhone; CPU iPhone OS 16_2 like Mac OS X) AppleWebKit/605.1.15 (KHTML, like Gecko) Version/16.2 Mobile/15E148 Safari/604.1"
71.27.24.185 - - [08/Feb/2023:13:26:00 +0000] "GET /posts HTTP/1.1" 304 - "https://sciencecamp.host/dash/ty" "Mozilla/5.0 (Macintosh; Intel Mac OS X 10_15_7) AppleWebKit/605.1.15 (KHTML, like Gecko) Version/16.2 Safari/605.1.15"
71.27.24.185 - - [08/Feb/2023:13:26:00 +0000] "GET /posts HTTP/1.1" 200 5919 "https://sciencecamp.host/dash" "Mozilla/5.0 (Macintosh; Intel Mac OS X 10_15_7) AppleWebKit/537.36 (KHTML, like Gecko) Chrome/109.0.0.0 Safari/537.36"
10.1.10.34 - - [08/Feb/2023:13:26:01 +0000] "GET /posts HTTP/1.1" 200 5919 "https://sciencecamp.host/dash" "Mozilla/5.0 (iPhone; CPU iPhone OS 16_2 like Mac OS X) AppleWebKit/605.1.15 (KHTML, like Gecko) Version/16.2 Mobile/15E148 Safari/604.1"
71.27.24.185 - - [08/Feb/2023:13:26:01 +0000] "GET /posts HTTP/1.1" 304 - "https://sciencecamp.host/dash/ty" "Mozilla/5.0 (Macintosh; Intel Mac OS X 10_15_7) AppleWebKit/605.1.15 (KHTML, like Gecko) Version/16.2 Safari/605.1.15"
10.1.10.34 - - [08/Feb/2023:13:26:01 +0000] "POST /dash/post HTTP/1.1" - - "https://sciencecamp.host/dash" "Mozilla/5.0 (iPhone; CPU iPhone OS 16_2 like Mac OS X) AppleWebKit/605.1.15 (KHTML, like Gecko) Version/16.2 Mobile/15E148 Safari/604.1"
10.1.10.34 - - [08/Feb/2023:13:26:01 +0000] "GET /dash HTTP/1.1" 200 666 "https://sciencecamp.host/dash" "Mozilla/5.0 (iPhone; CPU iPhone OS 16_2 like Mac OS X) AppleWebKit/605.1.15 (KHTML, like Gecko) Version/16.2 Mobile/15E148 Safari/604.1"
10.1.10.34 - - [08/Feb/2023:13:26:01 +0000] "POST /api HTTP/1.1" 201 135 "https://sciencecamp.host/dash" "Mozilla/5.0 (iPhone; CPU iPhone OS 16_2 like Mac OS X) AppleWebKit/605.1.15 (KHTML, like Gecko) Version/16.2 Mobile/15E148 Safari/604.1"
10.1.10.34 - - [08/Feb/2023:13:26:01 +0000] "POST /dash HTTP/1.1" 200 5767 "https://sciencecamp.host/dash" "Mozilla/5.0 (iPhone; CPU iPhone OS 16_2 like Mac OS X) AppleWebKit/605.1.15 (KHTML, like Gecko) Version/16.2 Mobile/15E148 Safari/604.1"
10.1.10.34 - - [08/Feb/2023:13:26:01 +0000] "GET /posts HTTP/1.1" 200 6058 "https://sciencecamp.host/dash" "Mozilla/5.0 (iPhone; CPU iPhone OS 16_2 like Mac OS X) AppleWebKit/605.1.15 (KHTML, like Gecko) Version/16.2 Mobile/15E148 Safari/604.1"
10.1.10.34 - - [08/Feb/2023:13:26:01 +0000] "POST /online HTTP/1.1" 200 13219 "https://sciencecamp.host/dash" "Mozilla/5.0 (iPhone; CPU iPhone OS 16_2 like Mac OS X) AppleWebKit/605.1.15 (KHTML, like Gecko) Version/16.2 Mobile/15E148 Safari/604.1"
71.27.24.185 - - [08/Feb/2023:13:26:01 +0000] "GET /posts HTTP/1.1" 200 6058 "https://sciencecamp.host/dash" "Mozilla/5.0 (Macintosh; Intel Mac OS X 10_15_7) AppleWebKit/537.36 (KHTML, like Gecko) Chrome/109.0.0.0 Safari/537.36"
71.27.24.185 - - [08/Feb/2023:13:26:02 +0000] "GET /posts HTTP/1.1" 200 6058 "https://sciencecamp.host/dash/ty" "Mozilla/5.0 (Macintosh; Intel Mac OS X 10_15_7) AppleWebKit/605.1.15 (KHTML, like Gecko) Version/16.2 Safari/605.1.15"
10.1.10.34 - - [08/Feb/2023:13:26:02 +0000] "GET /posts HTTP/1.1" 200 6058 "https://sciencecamp.host/dash" "Mozilla/5.0 (iPhone; CPU iPhone OS 16_2 like Mac OS X) AppleWebKit/605.1.15 (KHTML, like Gecko) Version/16.2 Mobile/15E148 Safari/604.1"
71.27.24.185 - - [08/Feb/2023:13:26:02 +0000] "GET /posts HTTP/1.1" 200 6058 "https://sciencecamp.host/dash" "Mozilla/5.0 (Macintosh; Intel Mac OS X 10_15_7) AppleWebKit/537.36 (KHTML, like Gecko) Chrome/109.0.0.0 Safari/537.36"
71.27.24.185 - - [08/Feb/2023:13:26:03 +0000] "GET /posts HTTP/1.1" 304 - "https://sciencecamp.host/dash/ty" "Mozilla/5.0 (Macintosh; Intel Mac OS X 10_15_7) AppleWebKit/605.1.15 (KHTML, like Gecko) Version/16.2 Safari/605.1.15"
10.1.10.34 - - [08/Feb/2023:13:26:03 +0000] "GET /posts HTTP/1.1" 200 6058 "https://sciencecamp.host/dash" "Mozilla/5.0 (iPhone; CPU iPhone OS 16_2 like Mac OS X) AppleWebKit/605.1.15 (KHTML, like Gecko) Version/16.2 Mobile/15E148 Safari/604.1"
71.27.24.185 - - [08/Feb/2023:13:26:03 +0000] "GET /posts HTTP/1.1" 200 6058 "https://sciencecamp.host/dash" "Mozilla/5.0 (Macintosh; Intel Mac OS X 10_15_7) AppleWebKit/537.36 (KHTML, like Gecko) Chrome/109.0.0.0 Safari/537.36"
71.27.24.185 - - [08/Feb/2023:13:26:04 +0000] "GET /posts HTTP/1.1" 304 - "https://sciencecamp.host/dash/ty" "Mozilla/5.0 (Macintosh; Intel Mac OS X 10_15_7) AppleWebKit/605.1.15 (KHTML, like Gecko) Version/16.2 Safari/605.1.15"
10.1.10.34 - - [08/Feb/2023:13:26:04 +0000] "GET /posts HTTP/1.1" 200 6058 "https://sciencecamp.host/dash" "Mozilla/5.0 (iPhone; CPU iPhone OS 16_2 like Mac OS X) AppleWebKit/605.1.15 (KHTML, like Gecko) Version/16.2 Mobile/15E148 Safari/604.1"
71.27.24.185 - - [08/Feb/2023:13:26:04 +0000] "GET /posts HTTP/1.1" 200 6058 "https://sciencecamp.host/dash" "Mozilla/5.0 (Macintosh; Intel Mac OS X 10_15_7) AppleWebKit/537.36 (KHTML, like Gecko) Chrome/109.0.0.0 Safari/537.36"
71.27.24.185 - - [08/Feb/2023:13:26:05 +0000] "GET /posts HTTP/1.1" 304 - "https://sciencecamp.host/dash/ty" "Mozilla/5.0 (Macintosh; Intel Mac OS X 10_15_7) AppleWebKit/605.1.15 (KHTML, like Gecko) Version/16.2 Safari/605.1.15"
10.1.10.34 - - [08/Feb/2023:13:26:05 +0000] "GET /posts HTTP/1.1" 200 6058 "https://sciencecamp.host/dash" "Mozilla/5.0 (iPhone; CPU iPhone OS 16_2 like Mac OS X) AppleWebKit/605.1.15 (KHTML, like Gecko) Version/16.2 Mobile/15E148 Safari/604.1"
71.27.24.185 - - [08/Feb/2023:13:26:05 +0000] "GET /posts HTTP/1.1" 200 6058 "https://sciencecamp.host/dash" "Mozilla/5.0 (Macintosh; Intel Mac OS X 10_15_7) AppleWebKit/537.36 (KHTML, like Gecko) Chrome/109.0.0.0 Safari/537.36"
71.27.24.185 - - [08/Feb/2023:13:26:06 +0000] "GET /posts HTTP/1.1" 304 - "https://sciencecamp.host/dash/ty" "Mozilla/5.0 (Macintosh; Intel Mac OS X 10_15_7) AppleWebKit/605.1.15 (KHTML, like Gecko) Version/16.2 Safari/605.1.15"
10.1.10.34 - - [08/Feb/2023:13:26:06 +0000] "GET /posts HTTP/1.1" 200 6058 "https://sciencecamp.host/dash" "Mozilla/5.0 (iPhone; CPU iPhone OS 16_2 like Mac OS X) AppleWebKit/605.1.15 (KHTML, like Gecko) Version/16.2 Mobile/15E148 Safari/604.1"
71.27.24.185 - - [08/Feb/2023:13:26:06 +0000] "GET /posts HTTP/1.1" 200 6058 "https://sciencecamp.host/dash" "Mozilla/5.0 (Macintosh; Intel Mac OS X 10_15_7) AppleWebKit/537.36 (KHTML, like Gecko) Chrome/109.0.0.0 Safari/537.36"
10.1.10.34 - - [08/Feb/2023:13:26:07 +0000] "GET /dash/ka HTTP/1.1" 200 149 "https://sciencecamp.host/dash/ka" "Mozilla/5.0 (iPhone; CPU iPhone OS 16_2 like Mac OS X) AppleWebKit/605.1.15 (KHTML, like Gecko) Version/16.2 Mobile/15E148 Safari/604.1"
71.27.24.185 - - [08/Feb/2023:13:26:07 +0000] "GET /posts HTTP/1.1" 304 - "https://sciencecamp.host/dash/ty" "Mozilla/5.0 (Macintosh; Intel Mac OS X 10_15_7) AppleWebKit/605.1.15 (KHTML, like Gecko) Version/16.2 Safari/605.1.15"
10.1.10.34 - - [08/Feb/2023:13:26:07 +0000] "GET /posts HTTP/1.1" 200 6058 "https://sciencecamp.host/dash/ka" "Mozilla/5.0 (iPhone; CPU iPhone OS 16_2 like Mac OS X) AppleWebKit/605.1.15 (KHTML, like Gecko) Version/16.2 Mobile/15E148 Safari/604.1"
71.27.24.185 - - [08/Feb/2023:13:26:07 +0000] "GET /posts HTTP/1.1" 200 6058 "https://sciencecamp.host/dash" "Mozilla/5.0 (Macintosh; Intel Mac OS X 10_15_7) AppleWebKit/537.36 (KHTML, like Gecko) Chrome/109.0.0.0 Safari/537.36"
71.27.24.185 - - [08/Feb/2023:13:26:08 +0000] "GET /posts HTTP/1.1" 304 - "https://sciencecamp.host/dash/ty" "Mozilla/5.0 (Macintosh; Intel Mac OS X 10_15_7) AppleWebKit/605.1.15 (KHTML, like Gecko) Version/16.2 Safari/605.1.15"
10.1.10.34 - - [08/Feb/2023:13:26:08 +0000] "GET /posts HTTP/1.1" 200 6058 "https://sciencecamp.host/dash/ka" "Mozilla/5.0 (iPhone; CPU iPhone OS 16_2 like Mac OS X) AppleWebKit/605.1.15 (KHTML, like Gecko) Version/16.2 Mobile/15E148 Safari/604.1"
71.27.24.185 - - [08/Feb/2023:13:26:08 +0000] "GET /posts HTTP/1.1" 200 6058 "https://sciencecamp.host/dash" "Mozilla/5.0 (Macintosh; Intel Mac OS X 10_15_7) AppleWebKit/537.36 (KHTML, like Gecko) Chrome/109.0.0.0 Safari/537.36"
71.27.24.185 - - [08/Feb/2023:13:26:09 +0000] "GET /posts HTTP/1.1" 304 - "https://sciencecamp.host/dash/ty" "Mozilla/5.0 (Macintosh; Intel Mac OS X 10_15_7) AppleWebKit/605.1.15 (KHTML, like Gecko) Version/16.2 Safari/605.1.15"
10.1.10.34 - - [08/Feb/2023:13:26:09 +0000] "GET /posts HTTP/1.1" 200 6058 "https://sciencecamp.host/dash/ka" "Mozilla/5.0 (iPhone; CPU iPhone OS 16_2 like Mac OS X) AppleWebKit/605.1.15 (KHTML, like Gecko) Version/16.2 Mobile/15E148 Safari/604.1"
71.27.24.185 - - [08/Feb/2023:13:26:09 +0000] "GET /posts HTTP/1.1" 200 6058 "https://sciencecamp.host/dash" "Mozilla/5.0 (Macintosh; Intel Mac OS X 10_15_7) AppleWebKit/537.36 (KHTML, like Gecko) Chrome/109.0.0.0 Safari/537.36"
71.27.24.185 - - [08/Feb/2023:13:26:10 +0000] "GET /posts HTTP/1.1" 304 - "https://sciencecamp.host/dash/ty" "Mozilla/5.0 (Macintosh; Intel Mac OS X 10_15_7) AppleWebKit/605.1.15 (KHTML, like Gecko) Version/16.2 Safari/605.1.15"
10.1.10.34 - - [08/Feb/2023:13:26:10 +0000] "GET /posts HTTP/1.1" 200 6058 "https://sciencecamp.host/dash/ka" "Mozilla/5.0 (iPhone; CPU iPhone OS 16_2 like Mac OS X) AppleWebKit/605.1.15 (KHTML, like Gecko) Version/16.2 Mobile/15E148 Safari/604.1"
71.27.24.185 - - [08/Feb/2023:13:26:10 +0000] "GET /posts HTTP/1.1" 200 6058 "https://sciencecamp.host/dash" "Mozilla/5.0 (Macintosh; Intel Mac OS X 10_15_7) AppleWebKit/537.36 (KHTML, like Gecko) Chrome/109.0.0.0 Safari/537.36"
71.27.24.185 - - [08/Feb/2023:13:26:11 +0000] "GET /posts HTTP/1.1" 304 - "https://sciencecamp.host/dash/ty" "Mozilla/5.0 (Macintosh; Intel Mac OS X 10_15_7) AppleWebKit/605.1.15 (KHTML, like Gecko) Version/16.2 Safari/605.1.15"
10.1.10.34 - - [08/Feb/2023:13:26:11 +0000] "GET /posts HTTP/1.1" 200 6058 "https://sciencecamp.host/dash/ka" "Mozilla/5.0 (iPhone; CPU iPhone OS 16_2 like Mac OS X) AppleWebKit/605.1.15 (KHTML, like Gecko) Version/16.2 Mobile/15E148 Safari/604.1"
71.27.24.185 - - [08/Feb/2023:13:26:11 +0000] "GET /posts HTTP/1.1" 200 6058 "https://sciencecamp.host/dash" "Mozilla/5.0 (Macintosh; Intel Mac OS X 10_15_7) AppleWebKit/537.36 (KHTML, like Gecko) Chrome/109.0.0.0 Safari/537.36"
71.27.24.185 - - [08/Feb/2023:13:26:12 +0000] "GET /posts HTTP/1.1" 304 - "https://sciencecamp.host/dash/ty" "Mozilla/5.0 (Macintosh; Intel Mac OS X 10_15_7) AppleWebKit/605.1.15 (KHTML, like Gecko) Version/16.2 Safari/605.1.15"
10.1.10.34 - - [08/Feb/2023:13:26:12 +0000] "GET /posts HTTP/1.1" 200 6058 "https://sciencecamp.host/dash/ka" "Mozilla/5.0 (iPhone; CPU iPhone OS 16_2 like Mac OS X) AppleWebKit/605.1.15 (KHTML, like Gecko) Version/16.2 Mobile/15E148 Safari/604.1"
71.27.24.185 - - [08/Feb/2023:13:26:12 +0000] "GET /posts HTTP/1.1" 200 6058 "https://sciencecamp.host/dash" "Mozilla/5.0 (Macintosh; Intel Mac OS X 10_15_7) AppleWebKit/537.36 (KHTML, like Gecko) Chrome/109.0.0.0 Safari/537.36"
71.27.24.185 - - [08/Feb/2023:13:26:13 +0000] "GET /posts HTTP/1.1" 304 - "https://sciencecamp.host/dash/ty" "Mozilla/5.0 (Macintosh; Intel Mac OS X 10_15_7) AppleWebKit/605.1.15 (KHTML, like Gecko) Version/16.2 Safari/605.1.15"
10.1.10.34 - - [08/Feb/2023:13:26:13 +0000] "GET /posts HTTP/1.1" 200 6058 "https://sciencecamp.host/dash/ka" "Mozilla/5.0 (iPhone; CPU iPhone OS 16_2 like Mac OS X) AppleWebKit/605.1.15 (KHTML, like Gecko) Version/16.2 Mobile/15E148 Safari/604.1"
71.27.24.185 - - [08/Feb/2023:13:26:13 +0000] "GET /posts HTTP/1.1" 200 6058 "https://sciencecamp.host/dash" "Mozilla/5.0 (Macintosh; Intel Mac OS X 10_15_7) AppleWebKit/537.36 (KHTML, like Gecko) Chrome/109.0.0.0 Safari/537.36"
71.27.24.185 - - [08/Feb/2023:13:26:14 +0000] "GET /posts HTTP/1.1" 304 - "https://sciencecamp.host/dash/ty" "Mozilla/5.0 (Macintosh; Intel Mac OS X 10_15_7) AppleWebKit/605.1.15 (KHTML, like Gecko) Version/16.2 Safari/605.1.15"
10.1.10.34 - - [08/Feb/2023:13:26:14 +0000] "GET /posts HTTP/1.1" 200 6058 "https://sciencecamp.host/dash/ka" "Mozilla/5.0 (iPhone; CPU iPhone OS 16_2 like Mac OS X) AppleWebKit/605.1.15 (KHTML, like Gecko) Version/16.2 Mobile/15E148 Safari/604.1"
71.27.24.185 - - [08/Feb/2023:13:26:14 +0000] "GET /posts HTTP/1.1" 200 6058 "https://sciencecamp.host/dash" "Mozilla/5.0 (Macintosh; Intel Mac OS X 10_15_7) AppleWebKit/537.36 (KHTML, like Gecko) Chrome/109.0.0.0 Safari/537.36"
71.27.24.185 - - [08/Feb/2023:13:26:15 +0000] "GET /posts HTTP/1.1" 304 - "https://sciencecamp.host/dash/ty" "Mozilla/5.0 (Macintosh; Intel Mac OS X 10_15_7) AppleWebKit/605.1.15 (KHTML, like Gecko) Version/16.2 Safari/605.1.15"
10.1.10.34 - - [08/Feb/2023:13:26:15 +0000] "GET /posts HTTP/1.1" 200 6058 "https://sciencecamp.host/dash/ka" "Mozilla/5.0 (iPhone; CPU iPhone OS 16_2 like Mac OS X) AppleWebKit/605.1.15 (KHTML, like Gecko) Version/16.2 Mobile/15E148 Safari/604.1"
71.27.24.185 - - [08/Feb/2023:13:26:15 +0000] "GET /posts HTTP/1.1" 200 6058 "https://sciencecamp.host/dash" "Mozilla/5.0 (Macintosh; Intel Mac OS X 10_15_7) AppleWebKit/537.36 (KHTML, like Gecko) Chrome/109.0.0.0 Safari/537.36"
71.27.24.185 - - [08/Feb/2023:13:26:16 +0000] "GET /posts HTTP/1.1" 304 - "https://sciencecamp.host/dash/ty" "Mozilla/5.0 (Macintosh; Intel Mac OS X 10_15_7) AppleWebKit/605.1.15 (KHTML, like Gecko) Version/16.2 Safari/605.1.15"
10.1.10.34 - - [08/Feb/2023:13:26:16 +0000] "GET /posts HTTP/1.1" 200 6058 "https://sciencecamp.host/dash/ka" "Mozilla/5.0 (iPhone; CPU iPhone OS 16_2 like Mac OS X) AppleWebKit/605.1.15 (KHTML, like Gecko) Version/16.2 Mobile/15E148 Safari/604.1"
71.27.24.185 - - [08/Feb/2023:13:26:16 +0000] "GET /posts HTTP/1.1" 200 6058 "https://sciencecamp.host/dash" "Mozilla/5.0 (Macintosh; Intel Mac OS X 10_15_7) AppleWebKit/537.36 (KHTML, like Gecko) Chrome/109.0.0.0 Safari/537.36"
10.1.10.34 - - [08/Feb/2023:13:26:16 +0000] "GET /dash HTTP/1.1" 200 666 "https://sciencecamp.host/dash/ka" "Mozilla/5.0 (iPhone; CPU iPhone OS 16_2 like Mac OS X) AppleWebKit/605.1.15 (KHTML, like Gecko) Version/16.2 Mobile/15E148 Safari/604.1"
10.1.10.34 - - [08/Feb/2023:13:26:17 +0000] "GET /posts HTTP/1.1" 200 6058 "https://sciencecamp.host/dash" "Mozilla/5.0 (iPhone; CPU iPhone OS 16_2 like Mac OS X) AppleWebKit/605.1.15 (KHTML, like Gecko) Version/16.2 Mobile/15E148 Safari/604.1"
10.1.10.34 - - [08/Feb/2023:13:26:17 +0000] "POST /dash HTTP/1.1" 200 5767 "https://sciencecamp.host/dash" "Mozilla/5.0 (iPhone; CPU iPhone OS 16_2 like Mac OS X) AppleWebKit/605.1.15 (KHTML, like Gecko) Version/16.2 Mobile/15E148 Safari/604.1"
10.1.10.34 - - [08/Feb/2023:13:26:17 +0000] "POST /api HTTP/1.1" 201 135 "https://sciencecamp.host/dash" "Mozilla/5.0 (iPhone; CPU iPhone OS 16_2 like Mac OS X) AppleWebKit/605.1.15 (KHTML, like Gecko) Version/16.2 Mobile/15E148 Safari/604.1"
10.1.10.34 - - [08/Feb/2023:13:26:17 +0000] "POST /online HTTP/1.1" 200 13313 "https://sciencecamp.host/dash" "Mozilla/5.0 (iPhone; CPU iPhone OS 16_2 like Mac OS X) AppleWebKit/605.1.15 (KHTML, like Gecko) Version/16.2 Mobile/15E148 Safari/604.1"
71.27.24.185 - - [08/Feb/2023:13:26:17 +0000] "GET /posts HTTP/1.1" 304 - "https://sciencecamp.host/dash/ty" "Mozilla/5.0 (Macintosh; Intel Mac OS X 10_15_7) AppleWebKit/605.1.15 (KHTML, like Gecko) Version/16.2 Safari/605.1.15"
71.27.24.185 - - [08/Feb/2023:13:26:17 +0000] "GET /posts HTTP/1.1" 200 6058 "https://sciencecamp.host/dash" "Mozilla/5.0 (Macintosh; Intel Mac OS X 10_15_7) AppleWebKit/537.36 (KHTML, like Gecko) Chrome/109.0.0.0 Safari/537.36"
10.1.10.34 - - [08/Feb/2023:13:26:18 +0000] "GET /posts HTTP/1.1" 200 6058 "https://sciencecamp.host/dash" "Mozilla/5.0 (iPhone; CPU iPhone OS 16_2 like Mac OS X) AppleWebKit/605.1.15 (KHTML, like Gecko) Version/16.2 Mobile/15E148 Safari/604.1"
71.27.24.185 - - [08/Feb/2023:13:26:18 +0000] "GET /posts HTTP/1.1" 304 - "https://sciencecamp.host/dash/ty" "Mozilla/5.0 (Macintosh; Intel Mac OS X 10_15_7) AppleWebKit/605.1.15 (KHTML, like Gecko) Version/16.2 Safari/605.1.15"
71.27.24.185 - - [08/Feb/2023:13:26:18 +0000] "GET /posts HTTP/1.1" 200 6058 "https://sciencecamp.host/dash" "Mozilla/5.0 (Macintosh; Intel Mac OS X 10_15_7) AppleWebKit/537.36 (KHTML, like Gecko) Chrome/109.0.0.0 Safari/537.36"
10.1.10.34 - - [08/Feb/2023:13:26:19 +0000] "GET /posts HTTP/1.1" 200 6058 "https://sciencecamp.host/dash" "Mozilla/5.0 (iPhone; CPU iPhone OS 16_2 like Mac OS X) AppleWebKit/605.1.15 (KHTML, like Gecko) Version/16.2 Mobile/15E148 Safari/604.1"
71.27.24.185 - - [08/Feb/2023:13:26:19 +0000] "GET /posts HTTP/1.1" 304 - "https://sciencecamp.host/dash/ty" "Mozilla/5.0 (Macintosh; Intel Mac OS X 10_15_7) AppleWebKit/605.1.15 (KHTML, like Gecko) Version/16.2 Safari/605.1.15"
71.27.24.185 - - [08/Feb/2023:13:26:19 +0000] "GET /posts HTTP/1.1" 200 6058 "https://sciencecamp.host/dash" "Mozilla/5.0 (Macintosh; Intel Mac OS X 10_15_7) AppleWebKit/537.36 (KHTML, like Gecko) Chrome/109.0.0.0 Safari/537.36"
10.1.10.34 - - [08/Feb/2023:13:26:20 +0000] "GET /posts HTTP/1.1" 200 6058 "https://sciencecamp.host/dash" "Mozilla/5.0 (iPhone; CPU iPhone OS 16_2 like Mac OS X) AppleWebKit/605.1.15 (KHTML, like Gecko) Version/16.2 Mobile/15E148 Safari/604.1"
71.27.24.185 - - [08/Feb/2023:13:26:20 +0000] "GET /posts HTTP/1.1" 304 - "https://sciencecamp.host/dash/ty" "Mozilla/5.0 (Macintosh; Intel Mac OS X 10_15_7) AppleWebKit/605.1.15 (KHTML, like Gecko) Version/16.2 Safari/605.1.15"
71.27.24.185 - - [08/Feb/2023:13:26:20 +0000] "GET /posts HTTP/1.1" 200 6058 "https://sciencecamp.host/dash" "Mozilla/5.0 (Macintosh; Intel Mac OS X 10_15_7) AppleWebKit/537.36 (KHTML, like Gecko) Chrome/109.0.0.0 Safari/537.36"
10.1.10.34 - - [08/Feb/2023:13:26:21 +0000] "GET /posts HTTP/1.1" 200 6058 "https://sciencecamp.host/dash" "Mozilla/5.0 (iPhone; CPU iPhone OS 16_2 like Mac OS X) AppleWebKit/605.1.15 (KHTML, like Gecko) Version/16.2 Mobile/15E148 Safari/604.1"
71.27.24.185 - - [08/Feb/2023:13:26:21 +0000] "GET /posts HTTP/1.1" 304 - "https://sciencecamp.host/dash/ty" "Mozilla/5.0 (Macintosh; Intel Mac OS X 10_15_7) AppleWebKit/605.1.15 (KHTML, like Gecko) Version/16.2 Safari/605.1.15"
71.27.24.185 - - [08/Feb/2023:13:26:21 +0000] "GET /posts HTTP/1.1" 200 6058 "https://sciencecamp.host/dash" "Mozilla/5.0 (Macintosh; Intel Mac OS X 10_15_7) AppleWebKit/537.36 (KHTML, like Gecko) Chrome/109.0.0.0 Safari/537.36"
10.1.10.34 - - [08/Feb/2023:13:26:22 +0000] "GET /posts HTTP/1.1" 200 6058 "https://sciencecamp.host/dash" "Mozilla/5.0 (iPhone; CPU iPhone OS 16_2 like Mac OS X) AppleWebKit/605.1.15 (KHTML, like Gecko) Version/16.2 Mobile/15E148 Safari/604.1"
71.27.24.185 - - [08/Feb/2023:13:26:22 +0000] "GET /posts HTTP/1.1" 304 - "https://sciencecamp.host/dash/ty" "Mozilla/5.0 (Macintosh; Intel Mac OS X 10_15_7) AppleWebKit/605.1.15 (KHTML, like Gecko) Version/16.2 Safari/605.1.15"
71.27.24.185 - - [08/Feb/2023:13:26:22 +0000] "GET /posts HTTP/1.1" 200 6058 "https://sciencecamp.host/dash" "Mozilla/5.0 (Macintosh; Intel Mac OS X 10_15_7) AppleWebKit/537.36 (KHTML, like Gecko) Chrome/109.0.0.0 Safari/537.36"
10.1.10.34 - - [08/Feb/2023:13:26:23 +0000] "GET /posts HTTP/1.1" 200 6058 "https://sciencecamp.host/dash" "Mozilla/5.0 (iPhone; CPU iPhone OS 16_2 like Mac OS X) AppleWebKit/605.1.15 (KHTML, like Gecko) Version/16.2 Mobile/15E148 Safari/604.1"
71.27.24.185 - - [08/Feb/2023:13:26:23 +0000] "GET /posts HTTP/1.1" 304 - "https://sciencecamp.host/dash/ty" "Mozilla/5.0 (Macintosh; Intel Mac OS X 10_15_7) AppleWebKit/605.1.15 (KHTML, like Gecko) Version/16.2 Safari/605.1.15"
71.27.24.185 - - [08/Feb/2023:13:26:23 +0000] "GET /posts HTTP/1.1" 200 6058 "https://sciencecamp.host/dash" "Mozilla/5.0 (Macintosh; Intel Mac OS X 10_15_7) AppleWebKit/537.36 (KHTML, like Gecko) Chrome/109.0.0.0 Safari/537.36"
10.1.10.34 - - [08/Feb/2023:13:26:24 +0000] "GET /posts HTTP/1.1" 200 6058 "https://sciencecamp.host/dash" "Mozilla/5.0 (iPhone; CPU iPhone OS 16_2 like Mac OS X) AppleWebKit/605.1.15 (KHTML, like Gecko) Version/16.2 Mobile/15E148 Safari/604.1"
71.27.24.185 - - [08/Feb/2023:13:26:24 +0000] "GET /posts HTTP/1.1" 304 - "https://sciencecamp.host/dash/ty" "Mozilla/5.0 (Macintosh; Intel Mac OS X 10_15_7) AppleWebKit/605.1.15 (KHTML, like Gecko) Version/16.2 Safari/605.1.15"
71.27.24.185 - - [08/Feb/2023:13:26:24 +0000] "GET /posts HTTP/1.1" 200 6058 "https://sciencecamp.host/dash" "Mozilla/5.0 (Macintosh; Intel Mac OS X 10_15_7) AppleWebKit/537.36 (KHTML, like Gecko) Chrome/109.0.0.0 Safari/537.36"
10.1.10.34 - - [08/Feb/2023:13:26:25 +0000] "GET /posts HTTP/1.1" 200 6058 "https://sciencecamp.host/dash" "Mozilla/5.0 (iPhone; CPU iPhone OS 16_2 like Mac OS X) AppleWebKit/605.1.15 (KHTML, like Gecko) Version/16.2 Mobile/15E148 Safari/604.1"
71.27.24.185 - - [08/Feb/2023:13:26:25 +0000] "GET /posts HTTP/1.1" 304 - "https://sciencecamp.host/dash/ty" "Mozilla/5.0 (Macintosh; Intel Mac OS X 10_15_7) AppleWebKit/605.1.15 (KHTML, like Gecko) Version/16.2 Safari/605.1.15"
71.27.24.185 - - [08/Feb/2023:13:26:25 +0000] "GET /posts HTTP/1.1" 200 6058 "https://sciencecamp.host/dash" "Mozilla/5.0 (Macintosh; Intel Mac OS X 10_15_7) AppleWebKit/537.36 (KHTML, like Gecko) Chrome/109.0.0.0 Safari/537.36"
10.1.10.34 - - [08/Feb/2023:13:26:26 +0000] "GET /posts HTTP/1.1" 200 6058 "https://sciencecamp.host/dash" "Mozilla/5.0 (iPhone; CPU iPhone OS 16_2 like Mac OS X) AppleWebKit/605.1.15 (KHTML, like Gecko) Version/16.2 Mobile/15E148 Safari/604.1"
71.27.24.185 - - [08/Feb/2023:13:26:26 +0000] "GET /posts HTTP/1.1" 304 - "https://sciencecamp.host/dash/ty" "Mozilla/5.0 (Macintosh; Intel Mac OS X 10_15_7) AppleWebKit/605.1.15 (KHTML, like Gecko) Version/16.2 Safari/605.1.15"
71.27.24.185 - - [08/Feb/2023:13:26:26 +0000] "GET /posts HTTP/1.1" 200 6058 "https://sciencecamp.host/dash" "Mozilla/5.0 (Macintosh; Intel Mac OS X 10_15_7) AppleWebKit/537.36 (KHTML, like Gecko) Chrome/109.0.0.0 Safari/537.36"
10.1.10.34 - - [08/Feb/2023:13:26:27 +0000] "GET /posts HTTP/1.1" 200 6058 "https://sciencecamp.host/dash" "Mozilla/5.0 (iPhone; CPU iPhone OS 16_2 like Mac OS X) AppleWebKit/605.1.15 (KHTML, like Gecko) Version/16.2 Mobile/15E148 Safari/604.1"
71.27.24.185 - - [08/Feb/2023:13:26:27 +0000] "GET /posts HTTP/1.1" 304 - "https://sciencecamp.host/dash/ty" "Mozilla/5.0 (Macintosh; Intel Mac OS X 10_15_7) AppleWebKit/605.1.15 (KHTML, like Gecko) Version/16.2 Safari/605.1.15"
71.27.24.185 - - [08/Feb/2023:13:26:27 +0000] "GET /posts HTTP/1.1" 200 6058 "https://sciencecamp.host/dash" "Mozilla/5.0 (Macintosh; Intel Mac OS X 10_15_7) AppleWebKit/537.36 (KHTML, like Gecko) Chrome/109.0.0.0 Safari/537.36"
10.1.10.34 - - [08/Feb/2023:13:26:28 +0000] "GET /posts HTTP/1.1" 200 6058 "https://sciencecamp.host/dash" "Mozilla/5.0 (iPhone; CPU iPhone OS 16_2 like Mac OS X) AppleWebKit/605.1.15 (KHTML, like Gecko) Version/16.2 Mobile/15E148 Safari/604.1"
71.27.24.185 - - [08/Feb/2023:13:26:28 +0000] "GET /posts HTTP/1.1" 304 - "https://sciencecamp.host/dash/ty" "Mozilla/5.0 (Macintosh; Intel Mac OS X 10_15_7) AppleWebKit/605.1.15 (KHTML, like Gecko) Version/16.2 Safari/605.1.15"
71.27.24.185 - - [08/Feb/2023:13:26:28 +0000] "GET /posts HTTP/1.1" 200 6058 "https://sciencecamp.host/dash" "Mozilla/5.0 (Macintosh; Intel Mac OS X 10_15_7) AppleWebKit/537.36 (KHTML, like Gecko) Chrome/109.0.0.0 Safari/537.36"
10.1.10.34 - - [08/Feb/2023:13:26:29 +0000] "GET /posts HTTP/1.1" 200 6058 "https://sciencecamp.host/dash" "Mozilla/5.0 (iPhone; CPU iPhone OS 16_2 like Mac OS X) AppleWebKit/605.1.15 (KHTML, like Gecko) Version/16.2 Mobile/15E148 Safari/604.1"
71.27.24.185 - - [08/Feb/2023:13:26:29 +0000] "GET /posts HTTP/1.1" 304 - "https://sciencecamp.host/dash/ty" "Mozilla/5.0 (Macintosh; Intel Mac OS X 10_15_7) AppleWebKit/605.1.15 (KHTML, like Gecko) Version/16.2 Safari/605.1.15"
71.27.24.185 - - [08/Feb/2023:13:26:29 +0000] "GET /posts HTTP/1.1" 200 6058 "https://sciencecamp.host/dash" "Mozilla/5.0 (Macintosh; Intel Mac OS X 10_15_7) AppleWebKit/537.36 (KHTML, like Gecko) Chrome/109.0.0.0 Safari/537.36"
10.1.10.34 - - [08/Feb/2023:13:26:30 +0000] "GET /posts HTTP/1.1" 200 6058 "https://sciencecamp.host/dash" "Mozilla/5.0 (iPhone; CPU iPhone OS 16_2 like Mac OS X) AppleWebKit/605.1.15 (KHTML, like Gecko) Version/16.2 Mobile/15E148 Safari/604.1"
71.27.24.185 - - [08/Feb/2023:13:26:30 +0000] "GET /posts HTTP/1.1" 304 - "https://sciencecamp.host/dash/ty" "Mozilla/5.0 (Macintosh; Intel Mac OS X 10_15_7) AppleWebKit/605.1.15 (KHTML, like Gecko) Version/16.2 Safari/605.1.15"
71.27.24.185 - - [08/Feb/2023:13:26:30 +0000] "GET /posts HTTP/1.1" 200 6058 "https://sciencecamp.host/dash" "Mozilla/5.0 (Macintosh; Intel Mac OS X 10_15_7) AppleWebKit/537.36 (KHTML, like Gecko) Chrome/109.0.0.0 Safari/537.36"
10.1.10.34 - - [08/Feb/2023:13:26:31 +0000] "GET /posts HTTP/1.1" 200 6058 "https://sciencecamp.host/dash" "Mozilla/5.0 (iPhone; CPU iPhone OS 16_2 like Mac OS X) AppleWebKit/605.1.15 (KHTML, like Gecko) Version/16.2 Mobile/15E148 Safari/604.1"
71.27.24.185 - - [08/Feb/2023:13:26:31 +0000] "GET /posts HTTP/1.1" 304 - "https://sciencecamp.host/dash/ty" "Mozilla/5.0 (Macintosh; Intel Mac OS X 10_15_7) AppleWebKit/605.1.15 (KHTML, like Gecko) Version/16.2 Safari/605.1.15"
71.27.24.185 - - [08/Feb/2023:13:26:31 +0000] "GET /posts HTTP/1.1" 200 6058 "https://sciencecamp.host/dash" "Mozilla/5.0 (Macintosh; Intel Mac OS X 10_15_7) AppleWebKit/537.36 (KHTML, like Gecko) Chrome/109.0.0.0 Safari/537.36"
10.1.10.34 - - [08/Feb/2023:13:26:32 +0000] "GET /posts HTTP/1.1" 200 6058 "https://sciencecamp.host/dash" "Mozilla/5.0 (iPhone; CPU iPhone OS 16_2 like Mac OS X) AppleWebKit/605.1.15 (KHTML, like Gecko) Version/16.2 Mobile/15E148 Safari/604.1"
71.27.24.185 - - [08/Feb/2023:13:26:32 +0000] "GET /posts HTTP/1.1" 304 - "https://sciencecamp.host/dash/ty" "Mozilla/5.0 (Macintosh; Intel Mac OS X 10_15_7) AppleWebKit/605.1.15 (KHTML, like Gecko) Version/16.2 Safari/605.1.15"
71.27.24.185 - - [08/Feb/2023:13:26:32 +0000] "GET /posts HTTP/1.1" 200 6058 "https://sciencecamp.host/dash" "Mozilla/5.0 (Macintosh; Intel Mac OS X 10_15_7) AppleWebKit/537.36 (KHTML, like Gecko) Chrome/109.0.0.0 Safari/537.36"
10.1.10.34 - - [08/Feb/2023:13:26:33 +0000] "GET /posts HTTP/1.1" 200 6058 "https://sciencecamp.host/dash" "Mozilla/5.0 (iPhone; CPU iPhone OS 16_2 like Mac OS X) AppleWebKit/605.1.15 (KHTML, like Gecko) Version/16.2 Mobile/15E148 Safari/604.1"
71.27.24.185 - - [08/Feb/2023:13:26:33 +0000] "GET /posts HTTP/1.1" 304 - "https://sciencecamp.host/dash/ty" "Mozilla/5.0 (Macintosh; Intel Mac OS X 10_15_7) AppleWebKit/605.1.15 (KHTML, like Gecko) Version/16.2 Safari/605.1.15"
71.27.24.185 - - [08/Feb/2023:13:26:33 +0000] "GET /posts HTTP/1.1" 200 6058 "https://sciencecamp.host/dash" "Mozilla/5.0 (Macintosh; Intel Mac OS X 10_15_7) AppleWebKit/537.36 (KHTML, like Gecko) Chrome/109.0.0.0 Safari/537.36"
10.1.10.34 - - [08/Feb/2023:13:26:34 +0000] "GET /posts HTTP/1.1" 200 6058 "https://sciencecamp.host/dash" "Mozilla/5.0 (iPhone; CPU iPhone OS 16_2 like Mac OS X) AppleWebKit/605.1.15 (KHTML, like Gecko) Version/16.2 Mobile/15E148 Safari/604.1"
71.27.24.185 - - [08/Feb/2023:13:26:34 +0000] "GET /posts HTTP/1.1" 304 - "https://sciencecamp.host/dash/ty" "Mozilla/5.0 (Macintosh; Intel Mac OS X 10_15_7) AppleWebKit/605.1.15 (KHTML, like Gecko) Version/16.2 Safari/605.1.15"
71.27.24.185 - - [08/Feb/2023:13:26:34 +0000] "GET /posts HTTP/1.1" 200 6058 "https://sciencecamp.host/dash" "Mozilla/5.0 (Macintosh; Intel Mac OS X 10_15_7) AppleWebKit/537.36 (KHTML, like Gecko) Chrome/109.0.0.0 Safari/537.36"
10.1.10.34 - - [08/Feb/2023:13:26:35 +0000] "GET /posts HTTP/1.1" 200 6058 "https://sciencecamp.host/dash" "Mozilla/5.0 (iPhone; CPU iPhone OS 16_2 like Mac OS X) AppleWebKit/605.1.15 (KHTML, like Gecko) Version/16.2 Mobile/15E148 Safari/604.1"
71.27.24.185 - - [08/Feb/2023:13:26:35 +0000] "GET /posts HTTP/1.1" 304 - "https://sciencecamp.host/dash/ty" "Mozilla/5.0 (Macintosh; Intel Mac OS X 10_15_7) AppleWebKit/605.1.15 (KHTML, like Gecko) Version/16.2 Safari/605.1.15"
71.27.24.185 - - [08/Feb/2023:13:26:35 +0000] "GET /posts HTTP/1.1" 200 6058 "https://sciencecamp.host/dash" "Mozilla/5.0 (Macintosh; Intel Mac OS X 10_15_7) AppleWebKit/537.36 (KHTML, like Gecko) Chrome/109.0.0.0 Safari/537.36"
10.1.10.34 - - [08/Feb/2023:13:26:36 +0000] "GET /posts HTTP/1.1" 200 6058 "https://sciencecamp.host/dash" "Mozilla/5.0 (iPhone; CPU iPhone OS 16_2 like Mac OS X) AppleWebKit/605.1.15 (KHTML, like Gecko) Version/16.2 Mobile/15E148 Safari/604.1"
71.27.24.185 - - [08/Feb/2023:13:26:36 +0000] "GET /posts HTTP/1.1" 304 - "https://sciencecamp.host/dash/ty" "Mozilla/5.0 (Macintosh; Intel Mac OS X 10_15_7) AppleWebKit/605.1.15 (KHTML, like Gecko) Version/16.2 Safari/605.1.15"
71.27.24.185 - - [08/Feb/2023:13:26:36 +0000] "GET /posts HTTP/1.1" 200 6058 "https://sciencecamp.host/dash" "Mozilla/5.0 (Macintosh; Intel Mac OS X 10_15_7) AppleWebKit/537.36 (KHTML, like Gecko) Chrome/109.0.0.0 Safari/537.36"
10.1.10.34 - - [08/Feb/2023:13:26:37 +0000] "GET /posts HTTP/1.1" 200 6058 "https://sciencecamp.host/dash" "Mozilla/5.0 (iPhone; CPU iPhone OS 16_2 like Mac OS X) AppleWebKit/605.1.15 (KHTML, like Gecko) Version/16.2 Mobile/15E148 Safari/604.1"
71.27.24.185 - - [08/Feb/2023:13:26:37 +0000] "GET /posts HTTP/1.1" 304 - "https://sciencecamp.host/dash/ty" "Mozilla/5.0 (Macintosh; Intel Mac OS X 10_15_7) AppleWebKit/605.1.15 (KHTML, like Gecko) Version/16.2 Safari/605.1.15"
71.27.24.185 - - [08/Feb/2023:13:26:37 +0000] "GET /posts HTTP/1.1" 200 6058 "https://sciencecamp.host/dash" "Mozilla/5.0 (Macintosh; Intel Mac OS X 10_15_7) AppleWebKit/537.36 (KHTML, like Gecko) Chrome/109.0.0.0 Safari/537.36"
71.27.24.185 - - [08/Feb/2023:13:26:38 +0000] "GET /posts HTTP/1.1" 304 - "https://sciencecamp.host/dash/ty" "Mozilla/5.0 (Macintosh; Intel Mac OS X 10_15_7) AppleWebKit/605.1.15 (KHTML, like Gecko) Version/16.2 Safari/605.1.15"
71.27.24.185 - - [08/Feb/2023:13:26:38 +0000] "GET /posts HTTP/1.1" 200 6058 "https://sciencecamp.host/dash" "Mozilla/5.0 (Macintosh; Intel Mac OS X 10_15_7) AppleWebKit/537.36 (KHTML, like Gecko) Chrome/109.0.0.0 Safari/537.36"
71.27.24.185 - - [08/Feb/2023:13:26:39 +0000] "GET /posts HTTP/1.1" 304 - "https://sciencecamp.host/dash/ty" "Mozilla/5.0 (Macintosh; Intel Mac OS X 10_15_7) AppleWebKit/605.1.15 (KHTML, like Gecko) Version/16.2 Safari/605.1.15"
71.27.24.185 - - [08/Feb/2023:13:26:39 +0000] "GET /posts HTTP/1.1" 200 6058 "https://sciencecamp.host/dash" "Mozilla/5.0 (Macintosh; Intel Mac OS X 10_15_7) AppleWebKit/537.36 (KHTML, like Gecko) Chrome/109.0.0.0 Safari/537.36"
